<?xml version="1.0"?>
<link_info>
   <banner>TI ARM Linker PC v16.9.6.LTS</banner>
   <copyright>Copyright (c) 1996-2017 Texas Instruments Incorporated</copyright>
   <link_time>0x5ab7bd4a</link_time>
   <link_errors>0x0</link_errors>
   <output_file>motion_control_module.out</output_file>
   <entry_point>
      <name>_c_int00</name>
      <address>0x1789</address>
   </entry_point>
   <input_file_list>
      <input_file id="fl-2">
         <path>.\</path>
         <kind>object</kind>
         <file>ClockSys.obj</file>
         <name>ClockSys.obj</name>
      </input_file>
      <input_file id="fl-3">
         <path>.\</path>
         <kind>object</kind>
         <file>mcm.obj</file>
         <name>mcm.obj</name>
      </input_file>
      <input_file id="fl-4">
         <path>.\</path>
         <kind>object</kind>
         <file>startup_msp432p401r_ccs.obj</file>
         <name>startup_msp432p401r_ccs.obj</name>
      </input_file>
      <input_file id="fl-5">
         <path>.\</path>
         <kind>object</kind>
         <file>system_msp432p401r.obj</file>
         <name>system_msp432p401r.obj</name>
      </input_file>
      <input_file id="fl-9">
         <kind>object</kind>
         <file>&lt;internal&gt;</file>
         <name>&lt;internal&gt;</name>
      </input_file>
      <input_file id="fl-a">
         <path>C:\Users\nlandy\Documents\School\Fa17\uP2\Backup-UF-EEL4930-Students\Libraries\BoardSupportPackage\DriverLib\</path>
         <kind>archive</kind>
         <file>msp432p4xx_driverlib.lib</file>
         <name>adc14.o</name>
      </input_file>
      <input_file id="fl-b">
         <path>C:\Users\nlandy\Documents\School\Fa17\uP2\Backup-UF-EEL4930-Students\Libraries\BoardSupportPackage\DriverLib\</path>
         <kind>archive</kind>
         <file>msp432p4xx_driverlib.lib</file>
         <name>cs.o</name>
      </input_file>
      <input_file id="fl-c">
         <path>C:\Users\nlandy\Documents\School\Fa17\uP2\Backup-UF-EEL4930-Students\Libraries\BoardSupportPackage\DriverLib\</path>
         <kind>archive</kind>
         <file>msp432p4xx_driverlib.lib</file>
         <name>flash.o</name>
      </input_file>
      <input_file id="fl-d">
         <path>C:\Users\nlandy\Documents\School\Fa17\uP2\Backup-UF-EEL4930-Students\Libraries\BoardSupportPackage\DriverLib\</path>
         <kind>archive</kind>
         <file>msp432p4xx_driverlib.lib</file>
         <name>gpio.o</name>
      </input_file>
      <input_file id="fl-e">
         <path>C:\Users\nlandy\Documents\School\Fa17\uP2\Backup-UF-EEL4930-Students\Libraries\BoardSupportPackage\DriverLib\</path>
         <kind>archive</kind>
         <file>msp432p4xx_driverlib.lib</file>
         <name>interrupt.o</name>
      </input_file>
      <input_file id="fl-f">
         <path>C:\Users\nlandy\Documents\School\Fa17\uP2\Backup-UF-EEL4930-Students\Libraries\BoardSupportPackage\DriverLib\</path>
         <kind>archive</kind>
         <file>msp432p4xx_driverlib.lib</file>
         <name>pcm.o</name>
      </input_file>
      <input_file id="fl-10">
         <path>C:\Users\nlandy\Documents\School\Fa17\uP2\Backup-UF-EEL4930-Students\Libraries\BoardSupportPackage\DriverLib\</path>
         <kind>archive</kind>
         <file>msp432p4xx_driverlib.lib</file>
         <name>rtc_c.o</name>
      </input_file>
      <input_file id="fl-11">
         <path>C:\Users\nlandy\Documents\School\Fa17\uP2\Backup-UF-EEL4930-Students\Libraries\BoardSupportPackage\DriverLib\</path>
         <kind>archive</kind>
         <file>msp432p4xx_driverlib.lib</file>
         <name>spi.o</name>
      </input_file>
      <input_file id="fl-12">
         <path>C:\Users\nlandy\Documents\School\Fa17\uP2\Backup-UF-EEL4930-Students\Libraries\BoardSupportPackage\DriverLib\</path>
         <kind>archive</kind>
         <file>msp432p4xx_driverlib.lib</file>
         <name>sysctl.o</name>
      </input_file>
      <input_file id="fl-13">
         <path>C:\Users\nlandy\Documents\School\Fa17\uP2\Backup-UF-EEL4930-Students\Libraries\BoardSupportPackage\DriverLib\</path>
         <kind>archive</kind>
         <file>msp432p4xx_driverlib.lib</file>
         <name>uart.o</name>
      </input_file>
      <input_file id="fl-14">
         <path>C:\Users\nlandy\Documents\School\Fa17\uP2\Backup-UF-EEL4930-Students\Libraries\BoardSupportPackage\DriverLib\</path>
         <kind>archive</kind>
         <file>msp432p4xx_driverlib.lib</file>
         <name>wdt_a.o</name>
      </input_file>
      <input_file id="fl-15">
         <path>C:\Users\nlandy\Documents\School\Fa17\uP2\Backup-UF-EEL4930-Students\Libraries\BoardSupportPackage\DriverLib\</path>
         <kind>archive</kind>
         <file>msp432p4xx_driverlib.lib</file>
         <name>cpu.o</name>
      </input_file>
      <input_file id="fl-cc">
         <path>C:\ti\ccsv7\tools\compiler\ti-cgt-arm_16.9.6.LTS\lib\</path>
         <kind>archive</kind>
         <file>rtsv7M4_T_le_v4SPD16_eabi.lib</file>
         <name>boot.obj</name>
      </input_file>
      <input_file id="fl-cd">
         <path>C:\ti\ccsv7\tools\compiler\ti-cgt-arm_16.9.6.LTS\lib\</path>
         <kind>archive</kind>
         <file>rtsv7M4_T_le_v4SPD16_eabi.lib</file>
         <name>copy_decompress_lzss.obj</name>
      </input_file>
      <input_file id="fl-ce">
         <path>C:\ti\ccsv7\tools\compiler\ti-cgt-arm_16.9.6.LTS\lib\</path>
         <kind>archive</kind>
         <file>rtsv7M4_T_le_v4SPD16_eabi.lib</file>
         <name>copy_decompress_none.obj</name>
      </input_file>
      <input_file id="fl-cf">
         <path>C:\ti\ccsv7\tools\compiler\ti-cgt-arm_16.9.6.LTS\lib\</path>
         <kind>archive</kind>
         <file>rtsv7M4_T_le_v4SPD16_eabi.lib</file>
         <name>copy_zero_init.obj</name>
      </input_file>
      <input_file id="fl-d0">
         <path>C:\ti\ccsv7\tools\compiler\ti-cgt-arm_16.9.6.LTS\lib\</path>
         <kind>archive</kind>
         <file>rtsv7M4_T_le_v4SPD16_eabi.lib</file>
         <name>exit.obj</name>
      </input_file>
      <input_file id="fl-d1">
         <path>C:\ti\ccsv7\tools\compiler\ti-cgt-arm_16.9.6.LTS\lib\</path>
         <kind>archive</kind>
         <file>rtsv7M4_T_le_v4SPD16_eabi.lib</file>
         <name>fd_div_t2.obj</name>
      </input_file>
      <input_file id="fl-d2">
         <path>C:\ti\ccsv7\tools\compiler\ti-cgt-arm_16.9.6.LTS\lib\</path>
         <kind>archive</kind>
         <file>rtsv7M4_T_le_v4SPD16_eabi.lib</file>
         <name>fd_mul_t2.obj</name>
      </input_file>
      <input_file id="fl-d3">
         <path>C:\ti\ccsv7\tools\compiler\ti-cgt-arm_16.9.6.LTS\lib\</path>
         <kind>archive</kind>
         <file>rtsv7M4_T_le_v4SPD16_eabi.lib</file>
         <name>fd_tos_t2.obj</name>
      </input_file>
      <input_file id="fl-d4">
         <path>C:\ti\ccsv7\tools\compiler\ti-cgt-arm_16.9.6.LTS\lib\</path>
         <kind>archive</kind>
         <file>rtsv7M4_T_le_v4SPD16_eabi.lib</file>
         <name>memcpy_t2.obj</name>
      </input_file>
      <input_file id="fl-d5">
         <path>C:\ti\ccsv7\tools\compiler\ti-cgt-arm_16.9.6.LTS\lib\</path>
         <kind>archive</kind>
         <file>rtsv7M4_T_le_v4SPD16_eabi.lib</file>
         <name>memset_t2.obj</name>
      </input_file>
      <input_file id="fl-d6">
         <path>C:\ti\ccsv7\tools\compiler\ti-cgt-arm_16.9.6.LTS\lib\</path>
         <kind>archive</kind>
         <file>rtsv7M4_T_le_v4SPD16_eabi.lib</file>
         <name>mpu_init.obj</name>
      </input_file>
      <input_file id="fl-d7">
         <path>C:\ti\ccsv7\tools\compiler\ti-cgt-arm_16.9.6.LTS\lib\</path>
         <kind>archive</kind>
         <file>rtsv7M4_T_le_v4SPD16_eabi.lib</file>
         <name>pre_init.obj</name>
      </input_file>
      <input_file id="fl-d8">
         <path>C:\ti\ccsv7\tools\compiler\ti-cgt-arm_16.9.6.LTS\lib\</path>
         <kind>archive</kind>
         <file>rtsv7M4_T_le_v4SPD16_eabi.lib</file>
         <name>stkdepth_vars.obj</name>
      </input_file>
      <input_file id="fl-d9">
         <path>C:\ti\ccsv7\tools\compiler\ti-cgt-arm_16.9.6.LTS\lib\</path>
         <kind>archive</kind>
         <file>rtsv7M4_T_le_v4SPD16_eabi.lib</file>
         <name>u_tofd_t2.obj</name>
      </input_file>
      <input_file id="fl-da">
         <path>C:\ti\ccsv7\tools\compiler\ti-cgt-arm_16.9.6.LTS\lib\</path>
         <kind>archive</kind>
         <file>rtsv7M4_T_le_v4SPD16_eabi.lib</file>
         <name>_lock.obj</name>
      </input_file>
      <input_file id="fl-db">
         <path>C:\ti\ccsv7\tools\compiler\ti-cgt-arm_16.9.6.LTS\lib\</path>
         <kind>archive</kind>
         <file>rtsv7M4_T_le_v4SPD16_eabi.lib</file>
         <name>args_main.obj</name>
      </input_file>
      <input_file id="fl-dc">
         <path>C:\ti\ccsv7\tools\compiler\ti-cgt-arm_16.9.6.LTS\lib\</path>
         <kind>archive</kind>
         <file>rtsv7M4_T_le_v4SPD16_eabi.lib</file>
         <name>autoinit.obj</name>
      </input_file>
      <input_file id="fl-dd">
         <path>C:\ti\ccsv7\tools\compiler\ti-cgt-arm_16.9.6.LTS\lib\</path>
         <kind>archive</kind>
         <file>rtsv7M4_T_le_v4SPD16_eabi.lib</file>
         <name>cpy_tbl.obj</name>
      </input_file>
      <input_file id="fl-de">
         <path>C:\ti\ccsv7\tools\compiler\ti-cgt-arm_16.9.6.LTS\lib\</path>
         <kind>archive</kind>
         <file>rtsv7M4_T_le_v4SPD16_eabi.lib</file>
         <name>startup.obj</name>
      </input_file>
   </input_file_list>
   <object_component_list>
      <object_component id="oc-2c">
         <name>.intvecs:retain</name>
         <load_address>0x0</load_address>
         <run_address>0x0</run_address>
         <size>0xe4</size>
         <input_file_ref idref="fl-4"/>
      </object_component>
      <object_component id="oc-7b">
         <name>.text</name>
         <load_address>0xe4</load_address>
         <run_address>0xe4</run_address>
         <size>0x7f4</size>
         <input_file_ref idref="fl-3"/>
      </object_component>
      <object_component id="oc-b7">
         <name>.text</name>
         <load_address>0x8d8</load_address>
         <run_address>0x8d8</run_address>
         <size>0x334</size>
         <input_file_ref idref="fl-5"/>
      </object_component>
      <object_component id="oc-1d9">
         <name>.text:__PCM_setPowerStateAdvanced</name>
         <load_address>0xc0c</load_address>
         <run_address>0xc0c</run_address>
         <size>0x1a0</size>
         <input_file_ref idref="fl-f"/>
      </object_component>
      <object_component id="oc-20b">
         <name>.text:_getIndexForMemRegister</name>
         <load_address>0xdac</load_address>
         <run_address>0xdac</run_address>
         <size>0x154</size>
         <input_file_ref idref="fl-a"/>
      </object_component>
      <object_component id="oc-191">
         <name>.text</name>
         <load_address>0xf00</load_address>
         <run_address>0xf00</run_address>
         <size>0x136</size>
         <input_file_ref idref="fl-d1"/>
      </object_component>
      <object_component id="oc-18c">
         <name>.text</name>
         <load_address>0x1036</load_address>
         <run_address>0x1036</run_address>
         <size>0xfc</size>
         <input_file_ref idref="fl-d2"/>
      </object_component>
      <object_component id="oc-53">
         <name>.text</name>
         <load_address>0x1132</load_address>
         <run_address>0x1132</run_address>
         <size>0x2</size>
         <input_file_ref idref="fl-d6"/>
      </object_component>
      <object_component id="oc-2c7">
         <name>.text:__PCM_setPowerModeAdvanced</name>
         <load_address>0x1134</load_address>
         <run_address>0x1134</run_address>
         <size>0xdc</size>
         <input_file_ref idref="fl-f"/>
      </object_component>
      <object_component id="oc-2c1">
         <name>.text:__PCM_setCoreVoltageLevelAdvanced</name>
         <load_address>0x1210</load_address>
         <run_address>0x1210</run_address>
         <size>0xb0</size>
         <input_file_ref idref="fl-f"/>
      </object_component>
      <object_component id="oc-3b">
         <name>.text</name>
         <load_address>0x12c0</load_address>
         <run_address>0x12c0</run_address>
         <size>0x9c</size>
         <input_file_ref idref="fl-d4"/>
      </object_component>
      <object_component id="oc-f4">
         <name>.text:UART_initModule</name>
         <load_address>0x135c</load_address>
         <run_address>0x135c</run_address>
         <size>0x94</size>
         <input_file_ref idref="fl-13"/>
      </object_component>
      <object_component id="oc-e8">
         <name>.text:SPI_initMaster</name>
         <load_address>0x13f0</load_address>
         <run_address>0x13f0</run_address>
         <size>0x88</size>
         <input_file_ref idref="fl-11"/>
      </object_component>
      <object_component id="oc-2af">
         <name>.text:PCM_gotoLPM3</name>
         <load_address>0x1478</load_address>
         <run_address>0x1478</run_address>
         <size>0x7c</size>
         <input_file_ref idref="fl-f"/>
      </object_component>
      <object_component id="oc-47">
         <name>.text</name>
         <load_address>0x14f4</load_address>
         <run_address>0x14f4</run_address>
         <size>0x7a</size>
         <input_file_ref idref="fl-d5"/>
      </object_component>
      <object_component id="oc-a2">
         <name>.text</name>
         <load_address>0x156e</load_address>
         <run_address>0x156e</run_address>
         <size>0x2</size>
         <input_file_ref idref="fl-de"/>
      </object_component>
      <object_component id="oc-5f">
         <name>.text</name>
         <load_address>0x1570</load_address>
         <run_address>0x1570</run_address>
         <size>0x70</size>
         <input_file_ref idref="fl-dc"/>
      </object_component>
      <object_component id="oc-196">
         <name>.text</name>
         <load_address>0x15e0</load_address>
         <run_address>0x15e0</run_address>
         <size>0x6e</size>
         <input_file_ref idref="fl-d3"/>
      </object_component>
      <object_component id="oc-112">
         <name>.text:ADC14_configureConversionMemory</name>
         <load_address>0x1650</load_address>
         <run_address>0x1650</run_address>
         <size>0x6c</size>
         <input_file_ref idref="fl-a"/>
      </object_component>
      <object_component id="oc-14">
         <name>.text:decompress:lzss</name>
         <load_address>0x16bc</load_address>
         <run_address>0x16bc</run_address>
         <size>0x68</size>
         <input_file_ref idref="fl-cd"/>
      </object_component>
      <object_component id="oc-136">
         <name>.text:Interrupt_enableInterrupt</name>
         <load_address>0x1724</load_address>
         <run_address>0x1724</run_address>
         <size>0x64</size>
         <input_file_ref idref="fl-e"/>
      </object_component>
      <object_component id="oc-26">
         <name>.text</name>
         <load_address>0x1788</load_address>
         <run_address>0x1788</run_address>
         <size>0x54</size>
         <input_file_ref idref="fl-cc"/>
      </object_component>
      <object_component id="oc-6b">
         <name>.text</name>
         <load_address>0x17dc</load_address>
         <run_address>0x17dc</run_address>
         <size>0x54</size>
         <input_file_ref idref="fl-d0"/>
      </object_component>
      <object_component id="oc-2bb">
         <name>.text:PCM_shutdownDevice</name>
         <load_address>0x1830</load_address>
         <run_address>0x1830</run_address>
         <size>0x50</size>
         <input_file_ref idref="fl-f"/>
      </object_component>
      <object_component id="oc-9c">
         <name>.text</name>
         <load_address>0x1880</load_address>
         <run_address>0x1880</run_address>
         <size>0x4c</size>
         <input_file_ref idref="fl-dd"/>
      </object_component>
      <object_component id="oc-d6">
         <name>.text:GPIO_setAsPeripheralModuleFunctionInputPin</name>
         <load_address>0x18cc</load_address>
         <run_address>0x18cc</run_address>
         <size>0x48</size>
         <input_file_ref idref="fl-d"/>
      </object_component>
      <object_component id="oc-10c">
         <name>.text:ADC14_configureSingleSampleMode</name>
         <load_address>0x1914</load_address>
         <run_address>0x1914</run_address>
         <size>0x44</size>
         <input_file_ref idref="fl-a"/>
      </object_component>
      <object_component id="oc-106">
         <name>.text:ADC14_initModule</name>
         <load_address>0x1958</load_address>
         <run_address>0x1958</run_address>
         <size>0x38</size>
         <input_file_ref idref="fl-a"/>
      </object_component>
      <object_component id="oc-1ea">
         <name>.text:is_A_Module</name>
         <load_address>0x1990</load_address>
         <run_address>0x1990</run_address>
         <size>0x30</size>
         <input_file_ref idref="fl-11"/>
      </object_component>
      <object_component id="oc-11e">
         <name>.text:ADC14_enableConversion</name>
         <load_address>0x19c0</load_address>
         <run_address>0x19c0</run_address>
         <size>0x2c</size>
         <input_file_ref idref="fl-a"/>
      </object_component>
      <object_component id="oc-313">
         <name>.text:PCM_getCoreVoltageLevel</name>
         <load_address>0x19ec</load_address>
         <run_address>0x19ec</run_address>
         <size>0x2c</size>
         <input_file_ref idref="fl-f"/>
      </object_component>
      <object_component id="oc-2f8">
         <name>.text:PCM_getPowerMode</name>
         <load_address>0x1a18</load_address>
         <run_address>0x1a18</run_address>
         <size>0x2a</size>
         <input_file_ref idref="fl-f"/>
      </object_component>
      <object_component id="oc-118">
         <name>.text:ADC14_enableSampleTimer</name>
         <load_address>0x1a44</load_address>
         <run_address>0x1a44</run_address>
         <size>0x28</size>
         <input_file_ref idref="fl-a"/>
      </object_component>
      <object_component id="oc-c4">
         <name>.text:FlashCtl_setWaitState</name>
         <load_address>0x1a6c</load_address>
         <run_address>0x1a6c</run_address>
         <size>0x28</size>
         <input_file_ref idref="fl-c"/>
      </object_component>
      <object_component id="oc-2cd">
         <name>.text:PCM_gotoLPM0</name>
         <load_address>0x1a94</load_address>
         <run_address>0x1a94</run_address>
         <size>0x28</size>
         <input_file_ref idref="fl-f"/>
      </object_component>
      <object_component id="oc-175">
         <name>.text:ADC14_getEnabledInterruptStatus</name>
         <load_address>0x1abc</load_address>
         <run_address>0x1abc</run_address>
         <size>0x24</size>
         <input_file_ref idref="fl-a"/>
      </object_component>
      <object_component id="oc-d0">
         <name>.text:CS_setDCOCenteredFrequency</name>
         <load_address>0x1ae0</load_address>
         <run_address>0x1ae0</run_address>
         <size>0x24</size>
         <input_file_ref idref="fl-b"/>
      </object_component>
      <object_component id="oc-dc">
         <name>.text:GPIO_setAsOutputPin</name>
         <load_address>0x1b04</load_address>
         <run_address>0x1b04</run_address>
         <size>0x24</size>
         <input_file_ref idref="fl-d"/>
      </object_component>
      <object_component id="oc-30b">
         <name>.text:RTC_C_holdClock</name>
         <load_address>0x1b28</load_address>
         <run_address>0x1b28</run_address>
         <size>0x24</size>
         <input_file_ref idref="fl-10"/>
      </object_component>
      <object_component id="oc-145">
         <name>.text:SPI_getEnabledInterruptStatus</name>
         <load_address>0x1b4c</load_address>
         <run_address>0x1b4c</run_address>
         <size>0x24</size>
         <input_file_ref idref="fl-11"/>
      </object_component>
      <object_component id="oc-12a">
         <name>.text:UART_transmitData</name>
         <load_address>0x1b70</load_address>
         <run_address>0x1b70</run_address>
         <size>0x24</size>
         <input_file_ref idref="fl-13"/>
      </object_component>
      <object_component id="oc-17b">
         <name>.text:ADC14_clearInterruptFlag</name>
         <load_address>0x1b94</load_address>
         <run_address>0x1b94</run_address>
         <size>0x20</size>
         <input_file_ref idref="fl-a"/>
      </object_component>
      <object_component id="oc-130">
         <name>.text:ADC14_enableInterrupt</name>
         <load_address>0x1bb4</load_address>
         <run_address>0x1bb4</run_address>
         <size>0x20</size>
         <input_file_ref idref="fl-a"/>
      </object_component>
      <object_component id="oc-124">
         <name>.text:ADC14_toggleConversionTrigger</name>
         <load_address>0x1bd4</load_address>
         <run_address>0x1bd4</run_address>
         <size>0x20</size>
         <input_file_ref idref="fl-a"/>
      </object_component>
      <object_component id="oc-14b">
         <name>.text:SPI_clearInterruptFlag</name>
         <load_address>0x1bf4</load_address>
         <run_address>0x1bf4</run_address>
         <size>0x20</size>
         <input_file_ref idref="fl-11"/>
      </object_component>
      <object_component id="oc-151">
         <name>.text:SPI_getInterruptStatus</name>
         <load_address>0x1c14</load_address>
         <run_address>0x1c14</run_address>
         <size>0x20</size>
         <input_file_ref idref="fl-11"/>
      </object_component>
      <object_component id="oc-15d">
         <name>.text:SPI_transmitData</name>
         <load_address>0x1c34</load_address>
         <run_address>0x1c34</run_address>
         <size>0x20</size>
         <input_file_ref idref="fl-11"/>
      </object_component>
      <object_component id="oc-187">
         <name>.text</name>
         <load_address>0x1c54</load_address>
         <run_address>0x1c54</run_address>
         <size>0x20</size>
         <input_file_ref idref="fl-d9"/>
      </object_component>
      <object_component id="oc-267">
         <name>.text:ADC14_getInterruptStatus</name>
         <load_address>0x1c74</load_address>
         <run_address>0x1c74</run_address>
         <size>0x1c</size>
         <input_file_ref idref="fl-a"/>
      </object_component>
      <object_component id="oc-ee">
         <name>.text:SPI_enableModule</name>
         <load_address>0x1c90</load_address>
         <run_address>0x1c90</run_address>
         <size>0x1a</size>
         <input_file_ref idref="fl-11"/>
      </object_component>
      <object_component id="oc-157">
         <name>.text:SPI_receiveData</name>
         <load_address>0x1caa</load_address>
         <run_address>0x1caa</run_address>
         <size>0x1a</size>
         <input_file_ref idref="fl-11"/>
      </object_component>
      <object_component id="oc-181">
         <name>.text:ADC14_getResult</name>
         <load_address>0x1cc4</load_address>
         <run_address>0x1cc4</run_address>
         <size>0x18</size>
         <input_file_ref idref="fl-a"/>
      </object_component>
      <object_component id="oc-166">
         <name>.text:GPIO_setOutputLowOnPin</name>
         <load_address>0x1cdc</load_address>
         <run_address>0x1cdc</run_address>
         <size>0x18</size>
         <input_file_ref idref="fl-d"/>
      </object_component>
      <object_component id="oc-be">
         <name>.text:WDT_A_holdTimer</name>
         <load_address>0x1cf4</load_address>
         <run_address>0x1cf4</run_address>
         <size>0x18</size>
         <input_file_ref idref="fl-14"/>
      </object_component>
      <object_component id="oc-65">
         <name>.text</name>
         <load_address>0x1d0c</load_address>
         <run_address>0x1d0c</run_address>
         <size>0x18</size>
         <input_file_ref idref="fl-db"/>
      </object_component>
      <object_component id="oc-203">
         <name>.text:ADCIsConversionRunning</name>
         <load_address>0x1d24</load_address>
         <run_address>0x1d24</run_address>
         <size>0x14</size>
         <input_file_ref idref="fl-a"/>
      </object_component>
      <object_component id="oc-e2">
         <name>.text:GPIO_setOutputHighOnPin</name>
         <load_address>0x1d38</load_address>
         <run_address>0x1d38</run_address>
         <size>0x14</size>
         <input_file_ref idref="fl-d"/>
      </object_component>
      <object_component id="oc-1c6">
         <name>.text</name>
         <load_address>0x1d4c</load_address>
         <run_address>0x1d4c</run_address>
         <size>0x14</size>
         <input_file_ref idref="fl-da"/>
      </object_component>
      <object_component id="oc-100">
         <name>.text:ADC14_enableModule</name>
         <load_address>0x1d60</load_address>
         <run_address>0x1d60</run_address>
         <size>0x10</size>
         <input_file_ref idref="fl-a"/>
      </object_component>
      <object_component id="oc-13c">
         <name>.text:Interrupt_enableMaster</name>
         <load_address>0x1d70</load_address>
         <run_address>0x1d70</run_address>
         <size>0x10</size>
         <input_file_ref idref="fl-e"/>
      </object_component>
      <object_component id="oc-2b5">
         <name>.text:PCM_gotoLPM4</name>
         <load_address>0x1d80</load_address>
         <run_address>0x1d80</run_address>
         <size>0x10</size>
         <input_file_ref idref="fl-f"/>
      </object_component>
      <object_component id="oc-230">
         <name>.text:EUSCI_A_SPI_clearInterruptFlag</name>
         <load_address>0x1d90</load_address>
         <run_address>0x1d90</run_address>
         <size>0xe</size>
         <input_file_ref idref="fl-11"/>
      </object_component>
      <object_component id="oc-22a">
         <name>.text:EUSCI_B_SPI_clearInterruptFlag</name>
         <load_address>0x1d9e</load_address>
         <run_address>0x1d9e</run_address>
         <size>0xe</size>
         <input_file_ref idref="fl-11"/>
      </object_component>
      <object_component id="oc-1a">
         <name>.text:decompress:none</name>
         <load_address>0x1dac</load_address>
         <run_address>0x1dac</run_address>
         <size>0xe</size>
         <input_file_ref idref="fl-ce"/>
      </object_component>
      <object_component id="oc-75">
         <name>.text</name>
         <load_address>0x1dba</load_address>
         <run_address>0x1dba</run_address>
         <size>0xe</size>
         <input_file_ref idref="fl-4"/>
      </object_component>
      <object_component id="oc-220">
         <name>.text:CPU_cpsie</name>
         <load_address>0x1dc8</load_address>
         <run_address>0x1dc8</run_address>
         <size>0xc</size>
         <input_file_ref idref="fl-15"/>
      </object_component>
      <object_component id="oc-1f8">
         <name>.text:EUSCI_A_SPI_enable</name>
         <load_address>0x1dd4</load_address>
         <run_address>0x1dd4</run_address>
         <size>0xc</size>
         <input_file_ref idref="fl-11"/>
      </object_component>
      <object_component id="oc-1f2">
         <name>.text:EUSCI_B_SPI_enable</name>
         <load_address>0x1de0</load_address>
         <run_address>0x1de0</run_address>
         <size>0xc</size>
         <input_file_ref idref="fl-11"/>
      </object_component>
      <object_component id="oc-2a9">
         <name>.text:PCM_getPowerState</name>
         <load_address>0x1dec</load_address>
         <run_address>0x1dec</run_address>
         <size>0xc</size>
         <input_file_ref idref="fl-f"/>
      </object_component>
      <object_component id="oc-fa">
         <name>.text:UART_enableModule</name>
         <load_address>0x1df8</load_address>
         <run_address>0x1df8</run_address>
         <size>0xc</size>
         <input_file_ref idref="fl-13"/>
      </object_component>
      <object_component id="oc-20">
         <name>.text:decompress:ZI</name>
         <load_address>0x1e04</load_address>
         <run_address>0x1e04</run_address>
         <size>0xc</size>
         <input_file_ref idref="fl-cf"/>
      </object_component>
      <object_component id="oc-237">
         <name>.text:EUSCI_A_SPI_getInterruptStatus</name>
         <load_address>0x1e10</load_address>
         <run_address>0x1e10</run_address>
         <size>0x8</size>
         <input_file_ref idref="fl-11"/>
      </object_component>
      <object_component id="oc-23d">
         <name>.text:EUSCI_B_SPI_getInterruptStatus</name>
         <load_address>0x1e18</load_address>
         <run_address>0x1e18</run_address>
         <size>0x8</size>
         <input_file_ref idref="fl-11"/>
      </object_component>
      <object_component id="oc-2fe">
         <name>.text:PCM_setPowerMode</name>
         <load_address>0x1e20</load_address>
         <run_address>0x1e20</run_address>
         <size>0x8</size>
         <input_file_ref idref="fl-f"/>
      </object_component>
      <object_component id="oc-ca">
         <name>.text:PCM_setPowerState</name>
         <load_address>0x1e28</load_address>
         <run_address>0x1e28</run_address>
         <size>0x8</size>
         <input_file_ref idref="fl-f"/>
      </object_component>
      <object_component id="oc-244">
         <name>.text:EUSCI_A_SPI_receiveData</name>
         <load_address>0x1e30</load_address>
         <run_address>0x1e30</run_address>
         <size>0x6</size>
         <input_file_ref idref="fl-11"/>
      </object_component>
      <object_component id="oc-24a">
         <name>.text:EUSCI_B_SPI_receiveData</name>
         <load_address>0x1e36</load_address>
         <run_address>0x1e36</run_address>
         <size>0x6</size>
         <input_file_ref idref="fl-11"/>
      </object_component>
      <object_component id="oc-304">
         <name>.text:CPU_wfi</name>
         <load_address>0x1e3c</load_address>
         <run_address>0x1e3c</run_address>
         <size>0x4</size>
         <input_file_ref idref="fl-15"/>
      </object_component>
      <object_component id="oc-257">
         <name>.text:EUSCI_A_SPI_transmitData</name>
         <load_address>0x1e40</load_address>
         <run_address>0x1e40</run_address>
         <size>0x4</size>
         <input_file_ref idref="fl-11"/>
      </object_component>
      <object_component id="oc-251">
         <name>.text:EUSCI_B_SPI_transmitData</name>
         <load_address>0x1e44</load_address>
         <run_address>0x1e44</run_address>
         <size>0x4</size>
         <input_file_ref idref="fl-11"/>
      </object_component>
      <object_component id="oc-59">
         <name>.text</name>
         <load_address>0x1e48</load_address>
         <run_address>0x1e48</run_address>
         <size>0x4</size>
         <input_file_ref idref="fl-d7"/>
      </object_component>
      <object_component id="oc-212">
         <name>.const:_ctlRegs</name>
         <load_address>0x1e4c</load_address>
         <run_address>0x1e4c</run_address>
         <size>0x80</size>
         <input_file_ref idref="fl-a"/>
      </object_component>
      <object_component id="oc-21b">
         <name>.const</name>
         <load_address>0x1ecc</load_address>
         <run_address>0x1ecc</run_address>
         <size>0x40</size>
         <input_file_ref idref="fl-e"/>
      </object_component>
      <object_component id="oc-16f">
         <name>.const:uartConfig</name>
         <load_address>0x1f0c</load_address>
         <run_address>0x1f0c</run_address>
         <size>0x24</size>
         <input_file_ref idref="fl-3"/>
      </object_component>
      <object_component id="oc-16c">
         <name>.const:spiMasterConfig</name>
         <load_address>0x1f30</load_address>
         <run_address>0x1f30</run_address>
         <size>0x1c</size>
         <input_file_ref idref="fl-3"/>
      </object_component>
      <object_component id="oc-19b">
         <name>.const</name>
         <load_address>0x1f4c</load_address>
         <run_address>0x1f4c</run_address>
         <size>0x8</size>
         <input_file_ref idref="fl-3"/>
      </object_component>
      <object_component id="oc-163">
         <name>.const:.string:$P$T0$1</name>
         <load_address>0x1f54</load_address>
         <run_address>0x1f54</run_address>
         <size>0x7</size>
         <input_file_ref idref="fl-3"/>
      </object_component>
      <object_component id="oc-351">
         <name>.cinit..data.load</name>
         <load_address>0x1f60</load_address>
         <run_address>0x1f60</run_address>
         <size>0x4b</size>
      </object_component>
      <object_component id="oc-34f">
         <name>__TI_handler_table</name>
         <load_address>0x1fac</load_address>
         <run_address>0x1fac</run_address>
         <size>0xc</size>
      </object_component>
      <object_component id="oc-352">
         <name>.cinit..bss.load</name>
         <load_address>0x1fb8</load_address>
         <run_address>0x1fb8</run_address>
         <size>0x8</size>
      </object_component>
      <object_component id="oc-350">
         <name>__TI_cinit_table</name>
         <load_address>0x1fc0</load_address>
         <run_address>0x1fc0</run_address>
         <size>0x10</size>
      </object_component>
      <object_component id="oc-32c">
         <name>.binit</name>
         <load_address>0x0</load_address>
         <run_address>0x0</run_address>
         <size>0x0</size>
      </object_component>
      <object_component id="oc-142">
         <name>.data</name>
         <load_address>0x20000030</load_address>
         <run_address>0x20000030</run_address>
         <size>0x18</size>
         <input_file_ref idref="fl-3"/>
      </object_component>
      <object_component id="oc-1d2">
         <name>.data</name>
         <load_address>0x20000060</load_address>
         <run_address>0x20000060</run_address>
         <size>0x4</size>
         <input_file_ref idref="fl-5"/>
      </object_component>
      <object_component id="oc-1e3">
         <name>.data:GPIO_PORT_TO_BASE</name>
         <load_address>0x20000000</load_address>
         <run_address>0x20000000</run_address>
         <size>0x30</size>
         <input_file_ref idref="fl-d"/>
      </object_component>
      <object_component id="oc-ac">
         <name>.data:$O1$$</name>
         <load_address>0x20000048</load_address>
         <run_address>0x20000048</run_address>
         <size>0xc</size>
         <input_file_ref idref="fl-d0"/>
      </object_component>
      <object_component id="oc-71">
         <name>.data</name>
         <load_address>0x2000005c</load_address>
         <run_address>0x2000005c</run_address>
         <size>0x4</size>
         <input_file_ref idref="fl-d8"/>
      </object_component>
      <object_component id="oc-af">
         <name>.data:$O1$$</name>
         <load_address>0x20000054</load_address>
         <run_address>0x20000054</run_address>
         <size>0x8</size>
         <input_file_ref idref="fl-da"/>
      </object_component>
      <object_component id="oc-172">
         <name>.bss</name>
         <uninitialized>true</uninitialized>
         <run_address>0x20000064</run_address>
         <size>0x8</size>
         <input_file_ref idref="fl-3"/>
      </object_component>
      <object_component id="oc-2f">
         <name>.stack</name>
         <uninitialized>true</uninitialized>
         <run_address>0x2000fe00</run_address>
         <size>0x0</size>
         <input_file_ref idref="fl-cc"/>
      </object_component>
      <object_component id="oc-353">
         <name>.stack</name>
         <uninitialized>true</uninitialized>
         <run_address>0x2000fe00</run_address>
         <size>0x0</size>
      </object_component>
      <object_component id="oc-2f6">
         <name>.debug_info</name>
         <load_address>0x0</load_address>
         <run_address>0x0</run_address>
         <size>0x70c</size>
         <input_file_ref idref="fl-2"/>
      </object_component>
      <object_component id="oc-320">
         <name>.debug_info</name>
         <load_address>0x70c</load_address>
         <run_address>0x70c</run_address>
         <size>0x37e2</size>
         <input_file_ref idref="fl-2"/>
      </object_component>
      <object_component id="oc-27d">
         <name>.debug_info</name>
         <load_address>0x3eee</load_address>
         <run_address>0x3eee</run_address>
         <size>0x1055</size>
         <input_file_ref idref="fl-2"/>
      </object_component>
      <object_component id="oc-29f">
         <name>.debug_info</name>
         <load_address>0x4f43</load_address>
         <run_address>0x4f43</run_address>
         <size>0x1b5</size>
         <input_file_ref idref="fl-2"/>
      </object_component>
      <object_component id="oc-19f">
         <name>.debug_info</name>
         <load_address>0x50f8</load_address>
         <run_address>0x50f8</run_address>
         <size>0x8b</size>
         <input_file_ref idref="fl-2"/>
      </object_component>
      <object_component id="oc-1a5">
         <name>.debug_info</name>
         <load_address>0x5183</load_address>
         <run_address>0x5183</run_address>
         <size>0x18b</size>
         <input_file_ref idref="fl-2"/>
      </object_component>
      <object_component id="oc-282">
         <name>.debug_info</name>
         <load_address>0x530e</load_address>
         <run_address>0x530e</run_address>
         <size>0x131</size>
         <input_file_ref idref="fl-2"/>
      </object_component>
      <object_component id="oc-287">
         <name>.debug_info</name>
         <load_address>0x543f</load_address>
         <run_address>0x543f</run_address>
         <size>0xee</size>
         <input_file_ref idref="fl-2"/>
      </object_component>
      <object_component id="oc-1a4">
         <name>.debug_info</name>
         <load_address>0x552d</load_address>
         <run_address>0x552d</run_address>
         <size>0xde8</size>
         <input_file_ref idref="fl-3"/>
      </object_component>
      <object_component id="oc-143">
         <name>.debug_info</name>
         <load_address>0x6315</load_address>
         <run_address>0x6315</run_address>
         <size>0x327</size>
         <input_file_ref idref="fl-3"/>
      </object_component>
      <object_component id="oc-16d">
         <name>.debug_info</name>
         <load_address>0x663c</load_address>
         <run_address>0x663c</run_address>
         <size>0xe2</size>
         <input_file_ref idref="fl-3"/>
      </object_component>
      <object_component id="oc-170">
         <name>.debug_info</name>
         <load_address>0x671e</load_address>
         <run_address>0x671e</run_address>
         <size>0xd8</size>
         <input_file_ref idref="fl-3"/>
      </object_component>
      <object_component id="oc-173">
         <name>.debug_info</name>
         <load_address>0x67f6</load_address>
         <run_address>0x67f6</run_address>
         <size>0x10b</size>
         <input_file_ref idref="fl-3"/>
      </object_component>
      <object_component id="oc-19c">
         <name>.debug_info</name>
         <load_address>0x6901</load_address>
         <run_address>0x6901</run_address>
         <size>0xff</size>
         <input_file_ref idref="fl-3"/>
      </object_component>
      <object_component id="oc-164">
         <name>.debug_info</name>
         <load_address>0x6a00</load_address>
         <run_address>0x6a00</run_address>
         <size>0xd1</size>
         <input_file_ref idref="fl-3"/>
      </object_component>
      <object_component id="oc-7c">
         <name>.debug_info</name>
         <load_address>0x6ad1</load_address>
         <run_address>0x6ad1</run_address>
         <size>0xdf4</size>
         <input_file_ref idref="fl-3"/>
      </object_component>
      <object_component id="oc-278">
         <name>.debug_info</name>
         <load_address>0x78c5</load_address>
         <run_address>0x78c5</run_address>
         <size>0x37e2</size>
         <input_file_ref idref="fl-3"/>
      </object_component>
      <object_component id="oc-83">
         <name>.debug_info</name>
         <load_address>0xb0a7</load_address>
         <run_address>0xb0a7</run_address>
         <size>0x2ba</size>
         <input_file_ref idref="fl-4"/>
      </object_component>
      <object_component id="oc-2d">
         <name>.debug_info</name>
         <load_address>0xb361</load_address>
         <run_address>0xb361</run_address>
         <size>0xf8</size>
         <input_file_ref idref="fl-4"/>
      </object_component>
      <object_component id="oc-76">
         <name>.debug_info</name>
         <load_address>0xb459</load_address>
         <run_address>0xb459</run_address>
         <size>0x1bf</size>
         <input_file_ref idref="fl-4"/>
      </object_component>
      <object_component id="oc-36">
         <name>.debug_info</name>
         <load_address>0xb618</load_address>
         <run_address>0xb618</run_address>
         <size>0x84</size>
         <input_file_ref idref="fl-4"/>
      </object_component>
      <object_component id="oc-1d3">
         <name>.debug_info</name>
         <load_address>0xb69c</load_address>
         <run_address>0xb69c</run_address>
         <size>0xf1</size>
         <input_file_ref idref="fl-5"/>
      </object_component>
      <object_component id="oc-b8">
         <name>.debug_info</name>
         <load_address>0xb78d</load_address>
         <run_address>0xb78d</run_address>
         <size>0x263</size>
         <input_file_ref idref="fl-5"/>
      </object_component>
      <object_component id="oc-20a">
         <name>.debug_info</name>
         <load_address>0xb9f0</load_address>
         <run_address>0xb9f0</run_address>
         <size>0x4b3</size>
         <input_file_ref idref="fl-a"/>
      </object_component>
      <object_component id="oc-213">
         <name>.debug_info</name>
         <load_address>0xbea3</load_address>
         <run_address>0xbea3</run_address>
         <size>0xbf</size>
         <input_file_ref idref="fl-a"/>
      </object_component>
      <object_component id="oc-126">
         <name>.debug_info</name>
         <load_address>0xbf62</load_address>
         <run_address>0xbf62</run_address>
         <size>0x117</size>
         <input_file_ref idref="fl-a"/>
      </object_component>
      <object_component id="oc-205">
         <name>.debug_info</name>
         <load_address>0xc079</load_address>
         <run_address>0xc079</run_address>
         <size>0x105</size>
         <input_file_ref idref="fl-a"/>
      </object_component>
      <object_component id="oc-108">
         <name>.debug_info</name>
         <load_address>0xc17e</load_address>
         <run_address>0xc17e</run_address>
         <size>0x243</size>
         <input_file_ref idref="fl-a"/>
      </object_component>
      <object_component id="oc-20c">
         <name>.debug_info</name>
         <load_address>0xc3c1</load_address>
         <run_address>0xc3c1</run_address>
         <size>0x1d6</size>
         <input_file_ref idref="fl-a"/>
      </object_component>
      <object_component id="oc-182">
         <name>.debug_info</name>
         <load_address>0xc597</load_address>
         <run_address>0xc597</run_address>
         <size>0x13a</size>
         <input_file_ref idref="fl-a"/>
      </object_component>
      <object_component id="oc-268">
         <name>.debug_info</name>
         <load_address>0xc6d1</load_address>
         <run_address>0xc6d1</run_address>
         <size>0x122</size>
         <input_file_ref idref="fl-a"/>
      </object_component>
      <object_component id="oc-176">
         <name>.debug_info</name>
         <load_address>0xc7f3</load_address>
         <run_address>0xc7f3</run_address>
         <size>0x14b</size>
         <input_file_ref idref="fl-a"/>
      </object_component>
      <object_component id="oc-119">
         <name>.debug_info</name>
         <load_address>0xc93e</load_address>
         <run_address>0xc93e</run_address>
         <size>0x17f</size>
         <input_file_ref idref="fl-a"/>
      </object_component>
      <object_component id="oc-101">
         <name>.debug_info</name>
         <load_address>0xcabd</load_address>
         <run_address>0xcabd</run_address>
         <size>0xfa</size>
         <input_file_ref idref="fl-a"/>
      </object_component>
      <object_component id="oc-131">
         <name>.debug_info</name>
         <load_address>0xcbb7</load_address>
         <run_address>0xcbb7</run_address>
         <size>0x114</size>
         <input_file_ref idref="fl-a"/>
      </object_component>
      <object_component id="oc-11f">
         <name>.debug_info</name>
         <load_address>0xcccb</load_address>
         <run_address>0xcccb</run_address>
         <size>0x12c</size>
         <input_file_ref idref="fl-a"/>
      </object_component>
      <object_component id="oc-10d">
         <name>.debug_info</name>
         <load_address>0xcdf7</load_address>
         <run_address>0xcdf7</run_address>
         <size>0x1e6</size>
         <input_file_ref idref="fl-a"/>
      </object_component>
      <object_component id="oc-113">
         <name>.debug_info</name>
         <load_address>0xcfdd</load_address>
         <run_address>0xcfdd</run_address>
         <size>0x284</size>
         <input_file_ref idref="fl-a"/>
      </object_component>
      <object_component id="oc-17c">
         <name>.debug_info</name>
         <load_address>0xd261</load_address>
         <run_address>0xd261</run_address>
         <size>0x11a</size>
         <input_file_ref idref="fl-a"/>
      </object_component>
      <object_component id="oc-2a4">
         <name>.debug_info</name>
         <load_address>0xd37b</load_address>
         <run_address>0xd37b</run_address>
         <size>0x103e</size>
         <input_file_ref idref="fl-a"/>
      </object_component>
      <object_component id="oc-1e1">
         <name>.debug_info</name>
         <load_address>0xe3b9</load_address>
         <run_address>0xe3b9</run_address>
         <size>0x5ef</size>
         <input_file_ref idref="fl-b"/>
      </object_component>
      <object_component id="oc-d3">
         <name>.debug_info</name>
         <load_address>0xe9a8</load_address>
         <run_address>0xe9a8</run_address>
         <size>0x132</size>
         <input_file_ref idref="fl-b"/>
      </object_component>
      <object_component id="oc-1d8">
         <name>.debug_info</name>
         <load_address>0xeada</load_address>
         <run_address>0xeada</run_address>
         <size>0x5c8</size>
         <input_file_ref idref="fl-c"/>
      </object_component>
      <object_component id="oc-c5">
         <name>.debug_info</name>
         <load_address>0xf0a2</load_address>
         <run_address>0xf0a2</run_address>
         <size>0x175</size>
         <input_file_ref idref="fl-c"/>
      </object_component>
      <object_component id="oc-1e7">
         <name>.debug_info</name>
         <load_address>0xf217</load_address>
         <run_address>0xf217</run_address>
         <size>0x4a4</size>
         <input_file_ref idref="fl-d"/>
      </object_component>
      <object_component id="oc-1e4">
         <name>.debug_info</name>
         <load_address>0xf6bb</load_address>
         <run_address>0xf6bb</run_address>
         <size>0xd0</size>
         <input_file_ref idref="fl-d"/>
      </object_component>
      <object_component id="oc-167">
         <name>.debug_info</name>
         <load_address>0xf78b</load_address>
         <run_address>0xf78b</run_address>
         <size>0x183</size>
         <input_file_ref idref="fl-d"/>
      </object_component>
      <object_component id="oc-e3">
         <name>.debug_info</name>
         <load_address>0xf90e</load_address>
         <run_address>0xf90e</run_address>
         <size>0x185</size>
         <input_file_ref idref="fl-d"/>
      </object_component>
      <object_component id="oc-d7">
         <name>.debug_info</name>
         <load_address>0xfa93</load_address>
         <run_address>0xfa93</run_address>
         <size>0x1db</size>
         <input_file_ref idref="fl-d"/>
      </object_component>
      <object_component id="oc-dd">
         <name>.debug_info</name>
         <load_address>0xfc6e</load_address>
         <run_address>0xfc6e</run_address>
         <size>0x19c</size>
         <input_file_ref idref="fl-d"/>
      </object_component>
      <object_component id="oc-21f">
         <name>.debug_info</name>
         <load_address>0xfe0a</load_address>
         <run_address>0xfe0a</run_address>
         <size>0x432</size>
         <input_file_ref idref="fl-e"/>
      </object_component>
      <object_component id="oc-21c">
         <name>.debug_info</name>
         <load_address>0x1023c</load_address>
         <run_address>0x1023c</run_address>
         <size>0x173</size>
         <input_file_ref idref="fl-e"/>
      </object_component>
      <object_component id="oc-13d">
         <name>.debug_info</name>
         <load_address>0x103af</load_address>
         <run_address>0x103af</run_address>
         <size>0x122</size>
         <input_file_ref idref="fl-e"/>
      </object_component>
      <object_component id="oc-137">
         <name>.debug_info</name>
         <load_address>0x104d1</load_address>
         <run_address>0x104d1</run_address>
         <size>0x16b</size>
         <input_file_ref idref="fl-e"/>
      </object_component>
      <object_component id="oc-2d4">
         <name>.debug_info</name>
         <load_address>0x1063c</load_address>
         <run_address>0x1063c</run_address>
         <size>0x560</size>
         <input_file_ref idref="fl-f"/>
      </object_component>
      <object_component id="oc-2bc">
         <name>.debug_info</name>
         <load_address>0x10b9c</load_address>
         <run_address>0x10b9c</run_address>
         <size>0x174</size>
         <input_file_ref idref="fl-f"/>
      </object_component>
      <object_component id="oc-2aa">
         <name>.debug_info</name>
         <load_address>0x10d10</load_address>
         <run_address>0x10d10</run_address>
         <size>0xf9</size>
         <input_file_ref idref="fl-f"/>
      </object_component>
      <object_component id="oc-2fa">
         <name>.debug_info</name>
         <load_address>0x10e09</load_address>
         <run_address>0x10e09</run_address>
         <size>0x112</size>
         <input_file_ref idref="fl-f"/>
      </object_component>
      <object_component id="oc-2c9">
         <name>.debug_info</name>
         <load_address>0x10f1b</load_address>
         <run_address>0x10f1b</run_address>
         <size>0x291</size>
         <input_file_ref idref="fl-f"/>
      </object_component>
      <object_component id="oc-300">
         <name>.debug_info</name>
         <load_address>0x111ac</load_address>
         <run_address>0x111ac</run_address>
         <size>0x12e</size>
         <input_file_ref idref="fl-f"/>
      </object_component>
      <object_component id="oc-cc">
         <name>.debug_info</name>
         <load_address>0x112da</load_address>
         <run_address>0x112da</run_address>
         <size>0x133</size>
         <input_file_ref idref="fl-f"/>
      </object_component>
      <object_component id="oc-2b1">
         <name>.debug_info</name>
         <load_address>0x1140d</load_address>
         <run_address>0x1140d</run_address>
         <size>0x1b7</size>
         <input_file_ref idref="fl-f"/>
      </object_component>
      <object_component id="oc-2b7">
         <name>.debug_info</name>
         <load_address>0x115c4</load_address>
         <run_address>0x115c4</run_address>
         <size>0x12e</size>
         <input_file_ref idref="fl-f"/>
      </object_component>
      <object_component id="oc-315">
         <name>.debug_info</name>
         <load_address>0x116f2</load_address>
         <run_address>0x116f2</run_address>
         <size>0x120</size>
         <input_file_ref idref="fl-f"/>
      </object_component>
      <object_component id="oc-2c3">
         <name>.debug_info</name>
         <load_address>0x11812</load_address>
         <run_address>0x11812</run_address>
         <size>0x311</size>
         <input_file_ref idref="fl-f"/>
      </object_component>
      <object_component id="oc-2cf">
         <name>.debug_info</name>
         <load_address>0x11b23</load_address>
         <run_address>0x11b23</run_address>
         <size>0xfd</size>
         <input_file_ref idref="fl-f"/>
      </object_component>
      <object_component id="oc-1db">
         <name>.debug_info</name>
         <load_address>0x11c20</load_address>
         <run_address>0x11c20</run_address>
         <size>0x54c</size>
         <input_file_ref idref="fl-f"/>
      </object_component>
      <object_component id="oc-30d">
         <name>.debug_info</name>
         <load_address>0x1216c</load_address>
         <run_address>0x1216c</run_address>
         <size>0xf4</size>
         <input_file_ref idref="fl-10"/>
      </object_component>
      <object_component id="oc-1f1">
         <name>.debug_info</name>
         <load_address>0x12260</load_address>
         <run_address>0x12260</run_address>
         <size>0x4b1</size>
         <input_file_ref idref="fl-11"/>
      </object_component>
      <object_component id="oc-1ed">
         <name>.debug_info</name>
         <load_address>0x12711</load_address>
         <run_address>0x12711</run_address>
         <size>0x113</size>
         <input_file_ref idref="fl-11"/>
      </object_component>
      <object_component id="oc-254">
         <name>.debug_info</name>
         <load_address>0x12824</load_address>
         <run_address>0x12824</run_address>
         <size>0x183</size>
         <input_file_ref idref="fl-11"/>
      </object_component>
      <object_component id="oc-25a">
         <name>.debug_info</name>
         <load_address>0x129a7</load_address>
         <run_address>0x129a7</run_address>
         <size>0x183</size>
         <input_file_ref idref="fl-11"/>
      </object_component>
      <object_component id="oc-160">
         <name>.debug_info</name>
         <load_address>0x12b2a</load_address>
         <run_address>0x12b2a</run_address>
         <size>0x1d5</size>
         <input_file_ref idref="fl-11"/>
      </object_component>
      <object_component id="oc-247">
         <name>.debug_info</name>
         <load_address>0x12cff</load_address>
         <run_address>0x12cff</run_address>
         <size>0x143</size>
         <input_file_ref idref="fl-11"/>
      </object_component>
      <object_component id="oc-24d">
         <name>.debug_info</name>
         <load_address>0x12e42</load_address>
         <run_address>0x12e42</run_address>
         <size>0x143</size>
         <input_file_ref idref="fl-11"/>
      </object_component>
      <object_component id="oc-15a">
         <name>.debug_info</name>
         <load_address>0x12f85</load_address>
         <run_address>0x12f85</run_address>
         <size>0x193</size>
         <input_file_ref idref="fl-11"/>
      </object_component>
      <object_component id="oc-eb">
         <name>.debug_info</name>
         <load_address>0x13118</load_address>
         <run_address>0x13118</run_address>
         <size>0x17c</size>
         <input_file_ref idref="fl-11"/>
      </object_component>
      <object_component id="oc-23a">
         <name>.debug_info</name>
         <load_address>0x13294</load_address>
         <run_address>0x13294</run_address>
         <size>0x173</size>
         <input_file_ref idref="fl-11"/>
      </object_component>
      <object_component id="oc-240">
         <name>.debug_info</name>
         <load_address>0x13407</load_address>
         <run_address>0x13407</run_address>
         <size>0x173</size>
         <input_file_ref idref="fl-11"/>
      </object_component>
      <object_component id="oc-154">
         <name>.debug_info</name>
         <load_address>0x1357a</load_address>
         <run_address>0x1357a</run_address>
         <size>0x1d1</size>
         <input_file_ref idref="fl-11"/>
      </object_component>
      <object_component id="oc-148">
         <name>.debug_info</name>
         <load_address>0x1374b</load_address>
         <run_address>0x1374b</run_address>
         <size>0x1a7</size>
         <input_file_ref idref="fl-11"/>
      </object_component>
      <object_component id="oc-1f5">
         <name>.debug_info</name>
         <load_address>0x138f2</load_address>
         <run_address>0x138f2</run_address>
         <size>0x135</size>
         <input_file_ref idref="fl-11"/>
      </object_component>
      <object_component id="oc-1fb">
         <name>.debug_info</name>
         <load_address>0x13a27</load_address>
         <run_address>0x13a27</run_address>
         <size>0x135</size>
         <input_file_ref idref="fl-11"/>
      </object_component>
      <object_component id="oc-f1">
         <name>.debug_info</name>
         <load_address>0x13b5c</load_address>
         <run_address>0x13b5c</run_address>
         <size>0x187</size>
         <input_file_ref idref="fl-11"/>
      </object_component>
      <object_component id="oc-22b">
         <name>.debug_info</name>
         <load_address>0x13ce3</load_address>
         <run_address>0x13ce3</run_address>
         <size>0x16f</size>
         <input_file_ref idref="fl-11"/>
      </object_component>
      <object_component id="oc-231">
         <name>.debug_info</name>
         <load_address>0x13e52</load_address>
         <run_address>0x13e52</run_address>
         <size>0x16f</size>
         <input_file_ref idref="fl-11"/>
      </object_component>
      <object_component id="oc-14c">
         <name>.debug_info</name>
         <load_address>0x13fc1</load_address>
         <run_address>0x13fc1</run_address>
         <size>0x1cd</size>
         <input_file_ref idref="fl-11"/>
      </object_component>
      <object_component id="oc-200">
         <name>.debug_info</name>
         <load_address>0x1418e</load_address>
         <run_address>0x1418e</run_address>
         <size>0x498</size>
         <input_file_ref idref="fl-13"/>
      </object_component>
      <object_component id="oc-12b">
         <name>.debug_info</name>
         <load_address>0x14626</load_address>
         <run_address>0x14626</run_address>
         <size>0x181</size>
         <input_file_ref idref="fl-13"/>
      </object_component>
      <object_component id="oc-f5">
         <name>.debug_info</name>
         <load_address>0x147a7</load_address>
         <run_address>0x147a7</run_address>
         <size>0x169</size>
         <input_file_ref idref="fl-13"/>
      </object_component>
      <object_component id="oc-fb">
         <name>.debug_info</name>
         <load_address>0x14910</load_address>
         <run_address>0x14910</run_address>
         <size>0x13f</size>
         <input_file_ref idref="fl-13"/>
      </object_component>
      <object_component id="oc-c1">
         <name>.debug_info</name>
         <load_address>0x14a4f</load_address>
         <run_address>0x14a4f</run_address>
         <size>0x115</size>
         <input_file_ref idref="fl-14"/>
      </object_component>
      <object_component id="oc-307">
         <name>.debug_info</name>
         <load_address>0x14b64</load_address>
         <run_address>0x14b64</run_address>
         <size>0xe1</size>
         <input_file_ref idref="fl-15"/>
      </object_component>
      <object_component id="oc-224">
         <name>.debug_info</name>
         <load_address>0x14c45</load_address>
         <run_address>0x14c45</run_address>
         <size>0xe7</size>
         <input_file_ref idref="fl-15"/>
      </object_component>
      <object_component id="oc-27">
         <name>.debug_info</name>
         <load_address>0x14d2c</load_address>
         <run_address>0x14d2c</run_address>
         <size>0x160</size>
         <input_file_ref idref="fl-cc"/>
      </object_component>
      <object_component id="oc-89">
         <name>.debug_info</name>
         <load_address>0x14e8c</load_address>
         <run_address>0x14e8c</run_address>
         <size>0x293</size>
         <input_file_ref idref="fl-cd"/>
      </object_component>
      <object_component id="oc-16">
         <name>.debug_info</name>
         <load_address>0x1511f</load_address>
         <run_address>0x1511f</run_address>
         <size>0x245</size>
         <input_file_ref idref="fl-cd"/>
      </object_component>
      <object_component id="oc-31">
         <name>.debug_info</name>
         <load_address>0x15364</load_address>
         <run_address>0x15364</run_address>
         <size>0x60</size>
         <input_file_ref idref="fl-cd"/>
      </object_component>
      <object_component id="oc-84">
         <name>.debug_info</name>
         <load_address>0x153c4</load_address>
         <run_address>0x153c4</run_address>
         <size>0x46</size>
         <input_file_ref idref="fl-cd"/>
      </object_component>
      <object_component id="oc-46">
         <name>.debug_info</name>
         <load_address>0x1540a</load_address>
         <run_address>0x1540a</run_address>
         <size>0x2da</size>
         <input_file_ref idref="fl-ce"/>
      </object_component>
      <object_component id="oc-1c">
         <name>.debug_info</name>
         <load_address>0x156e4</load_address>
         <run_address>0x156e4</run_address>
         <size>0x1df</size>
         <input_file_ref idref="fl-ce"/>
      </object_component>
      <object_component id="oc-41">
         <name>.debug_info</name>
         <load_address>0x158c3</load_address>
         <run_address>0x158c3</run_address>
         <size>0x46</size>
         <input_file_ref idref="fl-ce"/>
      </object_component>
      <object_component id="oc-8b">
         <name>.debug_info</name>
         <load_address>0x15909</load_address>
         <run_address>0x15909</run_address>
         <size>0x2c</size>
         <input_file_ref idref="fl-ce"/>
      </object_component>
      <object_component id="oc-52">
         <name>.debug_info</name>
         <load_address>0x15935</load_address>
         <run_address>0x15935</run_address>
         <size>0x2c9</size>
         <input_file_ref idref="fl-cf"/>
      </object_component>
      <object_component id="oc-21">
         <name>.debug_info</name>
         <load_address>0x15bfe</load_address>
         <run_address>0x15bfe</run_address>
         <size>0x1aa</size>
         <input_file_ref idref="fl-cf"/>
      </object_component>
      <object_component id="oc-4d">
         <name>.debug_info</name>
         <load_address>0x15da8</load_address>
         <run_address>0x15da8</run_address>
         <size>0x46</size>
         <input_file_ref idref="fl-cf"/>
      </object_component>
      <object_component id="oc-93">
         <name>.debug_info</name>
         <load_address>0x15dee</load_address>
         <run_address>0x15dee</run_address>
         <size>0x2c</size>
         <input_file_ref idref="fl-cf"/>
      </object_component>
      <object_component id="oc-b3">
         <name>.debug_info</name>
         <load_address>0x15e1a</load_address>
         <run_address>0x15e1a</run_address>
         <size>0x3ce</size>
         <input_file_ref idref="fl-d0"/>
      </object_component>
      <object_component id="oc-ad">
         <name>.debug_info</name>
         <load_address>0x161e8</load_address>
         <run_address>0x161e8</run_address>
         <size>0x185</size>
         <input_file_ref idref="fl-d0"/>
      </object_component>
      <object_component id="oc-6f">
         <name>.debug_info</name>
         <load_address>0x1636d</load_address>
         <run_address>0x1636d</run_address>
         <size>0x214</size>
         <input_file_ref idref="fl-d0"/>
      </object_component>
      <object_component id="oc-193">
         <name>.debug_info</name>
         <load_address>0x16581</load_address>
         <run_address>0x16581</run_address>
         <size>0x132</size>
         <input_file_ref idref="fl-d1"/>
      </object_component>
      <object_component id="oc-18d">
         <name>.debug_info</name>
         <load_address>0x166b3</load_address>
         <run_address>0x166b3</run_address>
         <size>0x132</size>
         <input_file_ref idref="fl-d2"/>
      </object_component>
      <object_component id="oc-199">
         <name>.debug_info</name>
         <load_address>0x167e5</load_address>
         <run_address>0x167e5</run_address>
         <size>0x136</size>
         <input_file_ref idref="fl-d3"/>
      </object_component>
      <object_component id="oc-3e">
         <name>.debug_info</name>
         <load_address>0x1691b</load_address>
         <run_address>0x1691b</run_address>
         <size>0x111</size>
         <input_file_ref idref="fl-d4"/>
      </object_component>
      <object_component id="oc-48">
         <name>.debug_info</name>
         <load_address>0x16a2c</load_address>
         <run_address>0x16a2c</run_address>
         <size>0x13f</size>
         <input_file_ref idref="fl-d5"/>
      </object_component>
      <object_component id="oc-55">
         <name>.debug_info</name>
         <load_address>0x16b6b</load_address>
         <run_address>0x16b6b</run_address>
         <size>0x138</size>
         <input_file_ref idref="fl-d6"/>
      </object_component>
      <object_component id="oc-5a">
         <name>.debug_info</name>
         <load_address>0x16ca3</load_address>
         <run_address>0x16ca3</run_address>
         <size>0x148</size>
         <input_file_ref idref="fl-d7"/>
      </object_component>
      <object_component id="oc-72">
         <name>.debug_info</name>
         <load_address>0x16deb</load_address>
         <run_address>0x16deb</run_address>
         <size>0x109</size>
         <input_file_ref idref="fl-d8"/>
      </object_component>
      <object_component id="oc-188">
         <name>.debug_info</name>
         <load_address>0x16ef4</load_address>
         <run_address>0x16ef4</run_address>
         <size>0x126</size>
         <input_file_ref idref="fl-d9"/>
      </object_component>
      <object_component id="oc-1ce">
         <name>.debug_info</name>
         <load_address>0x1701a</load_address>
         <run_address>0x1701a</run_address>
         <size>0x2be</size>
         <input_file_ref idref="fl-da"/>
      </object_component>
      <object_component id="oc-b0">
         <name>.debug_info</name>
         <load_address>0x172d8</load_address>
         <run_address>0x172d8</run_address>
         <size>0x113</size>
         <input_file_ref idref="fl-da"/>
      </object_component>
      <object_component id="oc-1c7">
         <name>.debug_info</name>
         <load_address>0x173eb</load_address>
         <run_address>0x173eb</run_address>
         <size>0x21f</size>
         <input_file_ref idref="fl-da"/>
      </object_component>
      <object_component id="oc-ab">
         <name>.debug_info</name>
         <load_address>0x1760a</load_address>
         <run_address>0x1760a</run_address>
         <size>0x300</size>
         <input_file_ref idref="fl-db"/>
      </object_component>
      <object_component id="oc-66">
         <name>.debug_info</name>
         <load_address>0x1790a</load_address>
         <run_address>0x1790a</run_address>
         <size>0x167</size>
         <input_file_ref idref="fl-db"/>
      </object_component>
      <object_component id="oc-1bf">
         <name>.debug_info</name>
         <load_address>0x17a71</load_address>
         <run_address>0x17a71</run_address>
         <size>0x5e</size>
         <input_file_ref idref="fl-db"/>
      </object_component>
      <object_component id="oc-a9">
         <name>.debug_info</name>
         <load_address>0x17acf</load_address>
         <run_address>0x17acf</run_address>
         <size>0x483</size>
         <input_file_ref idref="fl-dc"/>
      </object_component>
      <object_component id="oc-60">
         <name>.debug_info</name>
         <load_address>0x17f52</load_address>
         <run_address>0x17f52</run_address>
         <size>0x190</size>
         <input_file_ref idref="fl-dc"/>
      </object_component>
      <object_component id="oc-1b3">
         <name>.debug_info</name>
         <load_address>0x180e2</load_address>
         <run_address>0x180e2</run_address>
         <size>0x39</size>
         <input_file_ref idref="fl-dc"/>
      </object_component>
      <object_component id="oc-293">
         <name>.debug_info</name>
         <load_address>0x1811b</load_address>
         <run_address>0x1811b</run_address>
         <size>0x39</size>
         <input_file_ref idref="fl-dc"/>
      </object_component>
      <object_component id="oc-1b8">
         <name>.debug_info</name>
         <load_address>0x18154</load_address>
         <run_address>0x18154</run_address>
         <size>0xcd</size>
         <input_file_ref idref="fl-dc"/>
      </object_component>
      <object_component id="oc-1af">
         <name>.debug_info</name>
         <load_address>0x18221</load_address>
         <run_address>0x18221</run_address>
         <size>0x37a</size>
         <input_file_ref idref="fl-dd"/>
      </object_component>
      <object_component id="oc-9e">
         <name>.debug_info</name>
         <load_address>0x1859b</load_address>
         <run_address>0x1859b</run_address>
         <size>0x183</size>
         <input_file_ref idref="fl-dd"/>
      </object_component>
      <object_component id="oc-28e">
         <name>.debug_info</name>
         <load_address>0x1871e</load_address>
         <run_address>0x1871e</run_address>
         <size>0x2c</size>
         <input_file_ref idref="fl-dd"/>
      </object_component>
      <object_component id="oc-a5">
         <name>.debug_info</name>
         <load_address>0x1874a</load_address>
         <run_address>0x1874a</run_address>
         <size>0x145</size>
         <input_file_ref idref="fl-de"/>
      </object_component>
      <object_component id="oc-354">
         <name>.debug_info</name>
         <load_address>0x1888f</load_address>
         <run_address>0x1888f</run_address>
         <size>0xa7</size>
      </object_component>
      <object_component id="oc-31f">
         <name>.debug_line</name>
         <load_address>0x0</load_address>
         <run_address>0x0</run_address>
         <size>0x1fa</size>
         <input_file_ref idref="fl-2"/>
      </object_component>
      <object_component id="oc-323">
         <name>.debug_line</name>
         <load_address>0x1fa</load_address>
         <run_address>0x1fa</run_address>
         <size>0x52</size>
         <input_file_ref idref="fl-2"/>
      </object_component>
      <object_component id="oc-280">
         <name>.debug_line</name>
         <load_address>0x24c</load_address>
         <run_address>0x24c</run_address>
         <size>0x55</size>
         <input_file_ref idref="fl-2"/>
      </object_component>
      <object_component id="oc-2a2">
         <name>.debug_line</name>
         <load_address>0x2a1</load_address>
         <run_address>0x2a1</run_address>
         <size>0x99</size>
         <input_file_ref idref="fl-2"/>
      </object_component>
      <object_component id="oc-1a2">
         <name>.debug_line</name>
         <load_address>0x33a</load_address>
         <run_address>0x33a</run_address>
         <size>0x20</size>
         <input_file_ref idref="fl-2"/>
      </object_component>
      <object_component id="oc-1a8">
         <name>.debug_line</name>
         <load_address>0x35a</load_address>
         <run_address>0x35a</run_address>
         <size>0x65</size>
         <input_file_ref idref="fl-2"/>
      </object_component>
      <object_component id="oc-285">
         <name>.debug_line</name>
         <load_address>0x3bf</load_address>
         <run_address>0x3bf</run_address>
         <size>0x96</size>
         <input_file_ref idref="fl-2"/>
      </object_component>
      <object_component id="oc-28a">
         <name>.debug_line</name>
         <load_address>0x455</load_address>
         <run_address>0x455</run_address>
         <size>0x97</size>
         <input_file_ref idref="fl-2"/>
      </object_component>
      <object_component id="oc-277">
         <name>.debug_line</name>
         <load_address>0x4ec</load_address>
         <run_address>0x4ec</run_address>
         <size>0x453</size>
         <input_file_ref idref="fl-3"/>
      </object_component>
      <object_component id="oc-228">
         <name>.debug_line</name>
         <load_address>0x93f</load_address>
         <run_address>0x93f</run_address>
         <size>0x2c</size>
         <input_file_ref idref="fl-3"/>
      </object_component>
      <object_component id="oc-262">
         <name>.debug_line</name>
         <load_address>0x96b</load_address>
         <run_address>0x96b</run_address>
         <size>0x2c</size>
         <input_file_ref idref="fl-3"/>
      </object_component>
      <object_component id="oc-264">
         <name>.debug_line</name>
         <load_address>0x997</load_address>
         <run_address>0x997</run_address>
         <size>0x2c</size>
         <input_file_ref idref="fl-3"/>
      </object_component>
      <object_component id="oc-266">
         <name>.debug_line</name>
         <load_address>0x9c3</load_address>
         <run_address>0x9c3</run_address>
         <size>0x2c</size>
         <input_file_ref idref="fl-3"/>
      </object_component>
      <object_component id="oc-275">
         <name>.debug_line</name>
         <load_address>0x9ef</load_address>
         <run_address>0x9ef</run_address>
         <size>0x2c</size>
         <input_file_ref idref="fl-3"/>
      </object_component>
      <object_component id="oc-25f">
         <name>.debug_line</name>
         <load_address>0xa1b</load_address>
         <run_address>0xa1b</run_address>
         <size>0x2c</size>
         <input_file_ref idref="fl-3"/>
      </object_component>
      <object_component id="oc-7f">
         <name>.debug_line</name>
         <load_address>0xa47</load_address>
         <run_address>0xa47</run_address>
         <size>0x2a1</size>
         <input_file_ref idref="fl-3"/>
      </object_component>
      <object_component id="oc-27b">
         <name>.debug_line</name>
         <load_address>0xce8</load_address>
         <run_address>0xce8</run_address>
         <size>0x52</size>
         <input_file_ref idref="fl-3"/>
      </object_component>
      <object_component id="oc-1ab">
         <name>.debug_line</name>
         <load_address>0xd3a</load_address>
         <run_address>0xd3a</run_address>
         <size>0x40</size>
         <input_file_ref idref="fl-4"/>
      </object_component>
      <object_component id="oc-82">
         <name>.debug_line</name>
         <load_address>0xd7a</load_address>
         <run_address>0xd7a</run_address>
         <size>0x40</size>
         <input_file_ref idref="fl-4"/>
      </object_component>
      <object_component id="oc-79">
         <name>.debug_line</name>
         <load_address>0xdba</load_address>
         <run_address>0xdba</run_address>
         <size>0x71</size>
         <input_file_ref idref="fl-4"/>
      </object_component>
      <object_component id="oc-39">
         <name>.debug_line</name>
         <load_address>0xe2b</load_address>
         <run_address>0xe2b</run_address>
         <size>0x20</size>
         <input_file_ref idref="fl-4"/>
      </object_component>
      <object_component id="oc-29c">
         <name>.debug_line</name>
         <load_address>0xe4b</load_address>
         <run_address>0xe4b</run_address>
         <size>0x3b</size>
         <input_file_ref idref="fl-5"/>
      </object_component>
      <object_component id="oc-bc">
         <name>.debug_line</name>
         <load_address>0xe86</load_address>
         <run_address>0xe86</run_address>
         <size>0x159</size>
         <input_file_ref idref="fl-5"/>
      </object_component>
      <object_component id="oc-2e4">
         <name>.debug_line</name>
         <load_address>0xfdf</load_address>
         <run_address>0xfdf</run_address>
         <size>0x31</size>
         <input_file_ref idref="fl-a"/>
      </object_component>
      <object_component id="oc-2e7">
         <name>.debug_line</name>
         <load_address>0x1010</load_address>
         <run_address>0x1010</run_address>
         <size>0x2b</size>
         <input_file_ref idref="fl-a"/>
      </object_component>
      <object_component id="oc-125">
         <name>.debug_line</name>
         <load_address>0x103b</load_address>
         <run_address>0x103b</run_address>
         <size>0x4d</size>
         <input_file_ref idref="fl-a"/>
      </object_component>
      <object_component id="oc-204">
         <name>.debug_line</name>
         <load_address>0x1088</load_address>
         <run_address>0x1088</run_address>
         <size>0x40</size>
         <input_file_ref idref="fl-a"/>
      </object_component>
      <object_component id="oc-10b">
         <name>.debug_line</name>
         <load_address>0x10c8</load_address>
         <run_address>0x10c8</run_address>
         <size>0x4d</size>
         <input_file_ref idref="fl-a"/>
      </object_component>
      <object_component id="oc-20f">
         <name>.debug_line</name>
         <load_address>0x1115</load_address>
         <run_address>0x1115</run_address>
         <size>0x62</size>
         <input_file_ref idref="fl-a"/>
      </object_component>
      <object_component id="oc-185">
         <name>.debug_line</name>
         <load_address>0x1177</load_address>
         <run_address>0x1177</run_address>
         <size>0x40</size>
         <input_file_ref idref="fl-a"/>
      </object_component>
      <object_component id="oc-26b">
         <name>.debug_line</name>
         <load_address>0x11b7</load_address>
         <run_address>0x11b7</run_address>
         <size>0x43</size>
         <input_file_ref idref="fl-a"/>
      </object_component>
      <object_component id="oc-179">
         <name>.debug_line</name>
         <load_address>0x11fa</load_address>
         <run_address>0x11fa</run_address>
         <size>0x43</size>
         <input_file_ref idref="fl-a"/>
      </object_component>
      <object_component id="oc-11c">
[...]
      </symbol>
      <symbol id="sm-24b">
         <name>ADC14_configureConversionMemory</name>
         <value>0x1651</value>
         <object_component_ref idref="oc-112"/>
      </symbol>
      <symbol id="sm-24c">
         <name>ADC14_enableModule</name>
         <value>0x1d61</value>
         <object_component_ref idref="oc-100"/>
      </symbol>
      <symbol id="sm-24d">
         <name>ADC14_getResult</name>
         <value>0x1cc5</value>
         <object_component_ref idref="oc-181"/>
      </symbol>
      <symbol id="sm-25e">
         <name>CS_setDCOCenteredFrequency</name>
         <value>0x1ae1</value>
         <object_component_ref idref="oc-d0"/>
      </symbol>
      <symbol id="sm-26f">
         <name>FlashCtl_setWaitState</name>
         <value>0x1a6d</value>
         <object_component_ref idref="oc-c4"/>
      </symbol>
      <symbol id="sm-2a8">
         <name>GPIO_setOutputHighOnPin</name>
         <value>0x1d39</value>
         <object_component_ref idref="oc-e2"/>
      </symbol>
      <symbol id="sm-2a9">
         <name>GPIO_setAsOutputPin</name>
         <value>0x1b05</value>
         <object_component_ref idref="oc-dc"/>
      </symbol>
      <symbol id="sm-2aa">
         <name>GPIO_setOutputLowOnPin</name>
         <value>0x1cdd</value>
         <object_component_ref idref="oc-166"/>
      </symbol>
      <symbol id="sm-2ab">
         <name>GPIO_setAsPeripheralModuleFunctionInputPin</name>
         <value>0x18cd</value>
         <object_component_ref idref="oc-d6"/>
      </symbol>
      <symbol id="sm-2db">
         <name>Interrupt_enableMaster</name>
         <value>0x1d71</value>
         <object_component_ref idref="oc-13c"/>
      </symbol>
      <symbol id="sm-2dc">
         <name>Interrupt_enableInterrupt</name>
         <value>0x1725</value>
         <object_component_ref idref="oc-136"/>
      </symbol>
      <symbol id="sm-399">
         <name>PCM_getCoreVoltageLevel</name>
         <value>0x19ed</value>
         <object_component_ref idref="oc-313"/>
      </symbol>
      <symbol id="sm-39a">
         <name>PCM_shutdownDevice</name>
         <value>0x1831</value>
         <object_component_ref idref="oc-2bb"/>
      </symbol>
      <symbol id="sm-39b">
         <name>PCM_setPowerState</name>
         <value>0x1e29</value>
         <object_component_ref idref="oc-ca"/>
      </symbol>
      <symbol id="sm-39c">
         <name>PCM_getPowerMode</name>
         <value>0x1a19</value>
         <object_component_ref idref="oc-2f8"/>
      </symbol>
      <symbol id="sm-39d">
         <name>PCM_getPowerState</name>
         <value>0x1ded</value>
         <object_component_ref idref="oc-2a9"/>
      </symbol>
      <symbol id="sm-39e">
         <name>PCM_gotoLPM4</name>
         <value>0x1d81</value>
         <object_component_ref idref="oc-2b5"/>
      </symbol>
      <symbol id="sm-39f">
         <name>PCM_gotoLPM3</name>
         <value>0x1479</value>
         <object_component_ref idref="oc-2af"/>
      </symbol>
      <symbol id="sm-3a0">
         <name>PCM_gotoLPM0</name>
         <value>0x1a95</value>
         <object_component_ref idref="oc-2cd"/>
      </symbol>
      <symbol id="sm-3a1">
         <name>PCM_setPowerMode</name>
         <value>0x1e21</value>
         <object_component_ref idref="oc-2fe"/>
      </symbol>
      <symbol id="sm-3ae">
         <name>RTC_C_holdClock</name>
         <value>0x1b29</value>
         <object_component_ref idref="oc-30b"/>
      </symbol>
      <symbol id="sm-453">
         <name>EUSCI_B_SPI_receiveData</name>
         <value>0x1e37</value>
         <object_component_ref idref="oc-24a"/>
      </symbol>
      <symbol id="sm-454">
         <name>EUSCI_A_SPI_getInterruptStatus</name>
         <value>0x1e11</value>
         <object_component_ref idref="oc-237"/>
      </symbol>
      <symbol id="sm-455">
         <name>EUSCI_B_SPI_getInterruptStatus</name>
         <value>0x1e19</value>
         <object_component_ref idref="oc-23d"/>
      </symbol>
      <symbol id="sm-456">
         <name>EUSCI_B_SPI_enable</name>
         <value>0x1de1</value>
         <object_component_ref idref="oc-1f2"/>
      </symbol>
      <symbol id="sm-457">
         <name>SPI_enableModule</name>
         <value>0x1c91</value>
         <object_component_ref idref="oc-ee"/>
      </symbol>
      <symbol id="sm-458">
         <name>EUSCI_A_SPI_receiveData</name>
         <value>0x1e31</value>
         <object_component_ref idref="oc-244"/>
      </symbol>
      <symbol id="sm-459">
         <name>EUSCI_A_SPI_transmitData</name>
         <value>0x1e41</value>
         <object_component_ref idref="oc-257"/>
      </symbol>
      <symbol id="sm-45a">
         <name>SPI_clearInterruptFlag</name>
         <value>0x1bf5</value>
         <object_component_ref idref="oc-14b"/>
      </symbol>
      <symbol id="sm-45b">
         <name>EUSCI_B_SPI_transmitData</name>
         <value>0x1e45</value>
         <object_component_ref idref="oc-251"/>
      </symbol>
      <symbol id="sm-45c">
         <name>EUSCI_B_SPI_clearInterruptFlag</name>
         <value>0x1d9f</value>
         <object_component_ref idref="oc-22a"/>
      </symbol>
      <symbol id="sm-45d">
         <name>EUSCI_A_SPI_clearInterruptFlag</name>
         <value>0x1d91</value>
         <object_component_ref idref="oc-230"/>
      </symbol>
      <symbol id="sm-45e">
         <name>SPI_transmitData</name>
         <value>0x1c35</value>
         <object_component_ref idref="oc-15d"/>
      </symbol>
      <symbol id="sm-45f">
         <name>EUSCI_A_SPI_enable</name>
         <value>0x1dd5</value>
         <object_component_ref idref="oc-1f8"/>
      </symbol>
      <symbol id="sm-460">
         <name>SPI_receiveData</name>
         <value>0x1cab</value>
         <object_component_ref idref="oc-157"/>
      </symbol>
      <symbol id="sm-461">
         <name>SPI_getInterruptStatus</name>
         <value>0x1c15</value>
         <object_component_ref idref="oc-151"/>
      </symbol>
      <symbol id="sm-462">
         <name>SPI_initMaster</name>
         <value>0x13f1</value>
         <object_component_ref idref="oc-e8"/>
      </symbol>
      <symbol id="sm-463">
         <name>SPI_getEnabledInterruptStatus</name>
         <value>0x1b4d</value>
         <object_component_ref idref="oc-145"/>
      </symbol>
      <symbol id="sm-48e">
         <name>UART_enableModule</name>
         <value>0x1df9</value>
         <object_component_ref idref="oc-fa"/>
      </symbol>
      <symbol id="sm-48f">
         <name>UART_transmitData</name>
         <value>0x1b71</value>
         <object_component_ref idref="oc-12a"/>
      </symbol>
      <symbol id="sm-490">
         <name>UART_initModule</name>
         <value>0x135d</value>
         <object_component_ref idref="oc-f4"/>
      </symbol>
      <symbol id="sm-49c">
         <name>WDT_A_holdTimer</name>
         <value>0x1cf5</value>
         <object_component_ref idref="oc-be"/>
      </symbol>
      <symbol id="sm-4ae">
         <name>CPU_wfi</name>
         <value>0x1e3d</value>
         <object_component_ref idref="oc-304"/>
      </symbol>
      <symbol id="sm-4af">
         <name>CPU_cpsie</name>
         <value>0x1dc9</value>
         <object_component_ref idref="oc-220"/>
      </symbol>
      <symbol id="sm-4c0">
         <name>_c_int00</name>
         <value>0x1789</value>
         <object_component_ref idref="oc-26"/>
      </symbol>
      <symbol id="sm-4c1">
         <name>__stack</name>
         <value>0x2000fe00</value>
         <object_component_ref idref="oc-2f"/>
      </symbol>
      <symbol id="sm-4df">
         <name>__TI_decompress_lzss</name>
         <value>0x16bd</value>
         <object_component_ref idref="oc-14"/>
      </symbol>
      <symbol id="sm-4f6">
         <name>__TI_decompress_none</name>
         <value>0x1dad</value>
         <object_component_ref idref="oc-1a"/>
      </symbol>
      <symbol id="sm-50d">
         <name>__TI_zero_init</name>
         <value>0x1e05</value>
         <object_component_ref idref="oc-20"/>
      </symbol>
      <symbol id="sm-52e">
         <name>C$$EXIT</name>
         <value>0x17dd</value>
         <object_component_ref idref="oc-6b"/>
      </symbol>
      <symbol id="sm-52f">
         <name>abort</name>
         <value>0x17e1</value>
         <object_component_ref idref="oc-6b"/>
      </symbol>
      <symbol id="sm-530">
         <name>exit</name>
         <value>0x17e9</value>
         <object_component_ref idref="oc-6b"/>
      </symbol>
      <symbol id="sm-531">
         <name>__TI_dtors_ptr</name>
         <value>0x2000004c</value>
         <object_component_ref idref="oc-ac"/>
      </symbol>
      <symbol id="sm-532">
         <name>__TI_cleanup_ptr</name>
         <value>0x20000048</value>
         <object_component_ref idref="oc-ac"/>
      </symbol>
      <symbol id="sm-533">
         <name>__TI_enable_exit_profile_output</name>
         <value>0x20000050</value>
         <object_component_ref idref="oc-ac"/>
      </symbol>
      <symbol id="sm-547">
         <name>__aeabi_ddiv</name>
         <value>0xf01</value>
         <object_component_ref idref="oc-191"/>
      </symbol>
      <symbol id="sm-552">
         <name>__aeabi_dmul</name>
         <value>0x1037</value>
         <object_component_ref idref="oc-18c"/>
      </symbol>
      <symbol id="sm-55e">
         <name>__aeabi_d2f</name>
         <value>0x15e1</value>
         <object_component_ref idref="oc-196"/>
      </symbol>
      <symbol id="sm-579">
         <name>memcpy</name>
         <value>0x12c1</value>
         <object_component_ref idref="oc-3b"/>
      </symbol>
      <symbol id="sm-57a">
         <name>__aeabi_memcpy</name>
         <value>0x12c1</value>
         <object_component_ref idref="oc-3b"/>
      </symbol>
      <symbol id="sm-57b">
         <name>__aeabi_memcpy8</name>
         <value>0x12c1</value>
         <object_component_ref idref="oc-3b"/>
      </symbol>
      <symbol id="sm-57c">
         <name>__aeabi_memcpy4</name>
         <value>0x12c1</value>
         <object_component_ref idref="oc-3b"/>
      </symbol>
      <symbol id="sm-58b">
         <name>__aeabi_memset</name>
         <value>0x14f7</value>
         <object_component_ref idref="oc-47"/>
      </symbol>
      <symbol id="sm-58c">
         <name>memset</name>
         <value>0x14fd</value>
         <object_component_ref idref="oc-47"/>
      </symbol>
      <symbol id="sm-58d">
         <name>__aeabi_memset8</name>
         <value>0x14f7</value>
         <object_component_ref idref="oc-47"/>
      </symbol>
      <symbol id="sm-58e">
         <name>__aeabi_memset4</name>
         <value>0x14f7</value>
         <object_component_ref idref="oc-47"/>
      </symbol>
      <symbol id="sm-58f">
         <name>__aeabi_memclr8</name>
         <value>0x14f5</value>
         <object_component_ref idref="oc-47"/>
      </symbol>
      <symbol id="sm-590">
         <name>__aeabi_memclr4</name>
         <value>0x14f5</value>
         <object_component_ref idref="oc-47"/>
      </symbol>
      <symbol id="sm-591">
         <name>__aeabi_memclr</name>
         <value>0x14f5</value>
         <object_component_ref idref="oc-47"/>
      </symbol>
      <symbol id="sm-59b">
         <name>__mpu_init</name>
         <value>0x1133</value>
         <object_component_ref idref="oc-53"/>
      </symbol>
      <symbol id="sm-5a5">
         <name>_system_pre_init</name>
         <value>0x1e49</value>
         <object_component_ref idref="oc-59"/>
      </symbol>
      <symbol id="sm-5ad">
         <name>main_func_sp</name>
         <value>0x2000005c</value>
         <object_component_ref idref="oc-71"/>
      </symbol>
      <symbol id="sm-5b7">
         <name>__aeabi_ui2d</name>
         <value>0x1c55</value>
         <object_component_ref idref="oc-187"/>
      </symbol>
      <symbol id="sm-5d0">
         <name>_nop</name>
         <value>0x1d5b</value>
         <object_component_ref idref="oc-1c6"/>
      </symbol>
      <symbol id="sm-5d1">
         <name>_lock</name>
         <value>0x20000054</value>
         <object_component_ref idref="oc-af"/>
      </symbol>
      <symbol id="sm-5d2">
         <name>_unlock</name>
         <value>0x20000058</value>
         <object_component_ref idref="oc-af"/>
      </symbol>
      <symbol id="sm-5d3">
         <name>_register_lock</name>
         <value>0x1d53</value>
         <object_component_ref idref="oc-1c6"/>
      </symbol>
      <symbol id="sm-5d4">
         <name>_register_unlock</name>
         <value>0x1d4d</value>
         <object_component_ref idref="oc-1c6"/>
      </symbol>
      <symbol id="sm-5e8">
         <name>_args_main</name>
         <value>0x1d0d</value>
         <object_component_ref idref="oc-65"/>
      </symbol>
      <symbol id="sm-612">
         <name>__TI_auto_init</name>
         <value>0x1571</value>
         <object_component_ref idref="oc-5f"/>
      </symbol>
      <symbol id="sm-62c">
         <name>copy_in</name>
         <value>0x1881</value>
         <object_component_ref idref="oc-9c"/>
      </symbol>
      <symbol id="sm-636">
         <name>_system_post_cinit</name>
         <value>0x156f</value>
         <object_component_ref idref="oc-a2"/>
      </symbol>
      <symbol id="sm-637">
         <name>__TI_static_base__</name>
         <value>0x0</value>
      </symbol>
      <symbol id="sm-63a">
         <name>SHT$$INIT_ARRAY$$Limit</name>
         <value>0x0</value>
      </symbol>
      <symbol id="sm-63b">
         <name>SHT$$INIT_ARRAY$$Base</name>
         <value>0x0</value>
      </symbol>
      <symbol id="sm-63c">
         <name>NMI_Handler</name>
         <value>0x1dc7</value>
      </symbol>
      <symbol id="sm-63d">
         <name>HardFault_Handler</name>
         <value>0x1dc7</value>
      </symbol>
      <symbol id="sm-63e">
         <name>MemManage_Handler</name>
         <value>0x1dc7</value>
      </symbol>
      <symbol id="sm-63f">
         <name>BusFault_Handler</name>
         <value>0x1dc7</value>
      </symbol>
      <symbol id="sm-640">
         <name>UsageFault_Handler</name>
         <value>0x1dc7</value>
      </symbol>
      <symbol id="sm-641">
         <name>SVC_Handler</name>
         <value>0x1dc7</value>
      </symbol>
      <symbol id="sm-642">
         <name>DebugMon_Handler</name>
         <value>0x1dc7</value>
      </symbol>
      <symbol id="sm-643">
         <name>PendSV_Handler</name>
         <value>0x1dc7</value>
      </symbol>
      <symbol id="sm-644">
         <name>SysTick_Handler</name>
         <value>0x1dc7</value>
      </symbol>
      <symbol id="sm-645">
         <name>PSS_IRQHandler</name>
         <value>0x1dc7</value>
      </symbol>
      <symbol id="sm-646">
         <name>CS_IRQHandler</name>
         <value>0x1dc7</value>
      </symbol>
      <symbol id="sm-647">
         <name>PCM_IRQHandler</name>
         <value>0x1dc7</value>
      </symbol>
      <symbol id="sm-648">
         <name>WDT_A_IRQHandler</name>
         <value>0x1dc7</value>
      </symbol>
      <symbol id="sm-649">
         <name>FPU_IRQHandler</name>
         <value>0x1dc7</value>
      </symbol>
      <symbol id="sm-64a">
         <name>FLCTL_IRQHandler</name>
         <value>0x1dc7</value>
      </symbol>
      <symbol id="sm-64b">
         <name>COMP_E0_IRQHandler</name>
         <value>0x1dc7</value>
      </symbol>
      <symbol id="sm-64c">
         <name>COMP_E1_IRQHandler</name>
         <value>0x1dc7</value>
      </symbol>
      <symbol id="sm-64d">
         <name>TA0_0_IRQHandler</name>
         <value>0x1dc7</value>
      </symbol>
      <symbol id="sm-64e">
         <name>TA0_N_IRQHandler</name>
         <value>0x1dc7</value>
      </symbol>
      <symbol id="sm-64f">
         <name>TA1_0_IRQHandler</name>
         <value>0x1dc7</value>
      </symbol>
      <symbol id="sm-650">
         <name>TA1_N_IRQHandler</name>
         <value>0x1dc7</value>
      </symbol>
      <symbol id="sm-651">
         <name>TA2_0_IRQHandler</name>
         <value>0x1dc7</value>
      </symbol>
      <symbol id="sm-652">
         <name>TA2_N_IRQHandler</name>
         <value>0x1dc7</value>
      </symbol>
      <symbol id="sm-653">
         <name>TA3_0_IRQHandler</name>
         <value>0x1dc7</value>
      </symbol>
      <symbol id="sm-654">
         <name>TA3_N_IRQHandler</name>
         <value>0x1dc7</value>
      </symbol>
      <symbol id="sm-655">
         <name>EUSCIA0_IRQHandler</name>
         <value>0x1dc7</value>
      </symbol>
      <symbol id="sm-656">
         <name>EUSCIA1_IRQHandler</name>
         <value>0x1dc7</value>
      </symbol>
      <symbol id="sm-657">
         <name>EUSCIA2_IRQHandler</name>
         <value>0x1dc7</value>
      </symbol>
      <symbol id="sm-658">
         <name>EUSCIA3_IRQHandler</name>
         <value>0x1dc7</value>
      </symbol>
      <symbol id="sm-659">
         <name>EUSCIB0_IRQHandler</name>
         <value>0x43d</value>
      </symbol>
      <symbol id="sm-65a">
         <name>EUSCIB1_IRQHandler</name>
         <value>0x1dc7</value>
      </symbol>
      <symbol id="sm-65b">
         <name>EUSCIB2_IRQHandler</name>
         <value>0x1dc7</value>
      </symbol>
      <symbol id="sm-65c">
         <name>EUSCIB3_IRQHandler</name>
         <value>0x1dc7</value>
      </symbol>
      <symbol id="sm-65d">
         <name>ADC14_IRQHandler</name>
         <value>0x7bd</value>
      </symbol>
      <symbol id="sm-65e">
         <name>T32_INT1_IRQHandler</name>
         <value>0x1dc7</value>
      </symbol>
      <symbol id="sm-65f">
         <name>T32_INT2_IRQHandler</name>
         <value>0x1dc7</value>
      </symbol>
      <symbol id="sm-660">
         <name>T32_INTC_IRQHandler</name>
         <value>0x1dc7</value>
      </symbol>
      <symbol id="sm-661">
         <name>AES256_IRQHandler</name>
         <value>0x1dc7</value>
      </symbol>
      <symbol id="sm-662">
         <name>RTC_C_IRQHandler</name>
         <value>0x1dc7</value>
      </symbol>
      <symbol id="sm-663">
         <name>DMA_ERR_IRQHandler</name>
         <value>0x1dc7</value>
      </symbol>
      <symbol id="sm-664">
         <name>DMA_INT3_IRQHandler</name>
         <value>0x1dc7</value>
      </symbol>
      <symbol id="sm-665">
         <name>DMA_INT2_IRQHandler</name>
         <value>0x1dc7</value>
      </symbol>
      <symbol id="sm-666">
         <name>DMA_INT1_IRQHandler</name>
         <value>0x1dc7</value>
      </symbol>
      <symbol id="sm-667">
         <name>DMA_INT0_IRQHandler</name>
         <value>0x1dc7</value>
      </symbol>
      <symbol id="sm-668">
         <name>PORT1_IRQHandler</name>
         <value>0x1dc7</value>
      </symbol>
      <symbol id="sm-669">
         <name>PORT2_IRQHandler</name>
         <value>0x1dc7</value>
      </symbol>
      <symbol id="sm-66a">
         <name>PORT3_IRQHandler</name>
         <value>0x1dc7</value>
      </symbol>
      <symbol id="sm-66b">
         <name>PORT4_IRQHandler</name>
         <value>0x1dc7</value>
      </symbol>
      <symbol id="sm-66c">
         <name>PORT5_IRQHandler</name>
         <value>0x1dc7</value>
      </symbol>
      <symbol id="sm-66d">
         <name>PORT6_IRQHandler</name>
         <value>0x1dc7</value>
      </symbol>
   </symbol_table>
   <title>Link successful</title>
</link_info>
