******************************************************************************
                  TI ARM Linker PC v16.9.6                     
******************************************************************************
>> Linked Sun Mar 25 11:16:26 2018

OUTPUT FILE NAME:   <motion_control_module.out>
ENTRY POINT SYMBOL: "_c_int00"  address: 00001789


MEMORY CONFIGURATION

         name            origin    length      used     unused   attr    fill
----------------------  --------  ---------  --------  --------  ----  --------
  MAIN                  00000000   00040000  00001fcb  0003e035  R  X
  INFO                  00200000   00004000  00000000  00004000  R  X
  SRAM_CODE             01000000   00010000  0000026c  0000fd94  RW X
  SRAM_DATA             20000000   00010000  0000026c  0000fd94  RW  


SEGMENT ALLOCATION MAP

run origin  load origin   length   init length attrs members
----------  ----------- ---------- ----------- ----- -------
00000000    00000000    00001fd0   00001fd0    r-x
  00000000    00000000    000000e4   000000e4    r-- .intvecs
  000000e4    000000e4    00001d68   00001d68    r-x .text
  00001e4c    00001e4c    0000010f   0000010f    r-- .const
  00001f60    00001f60    00000070   00000070    r-- .cinit
20000000    20000000    0000006c   00000000    rw-
  20000000    20000000    00000064   00000000    rw- .data
  20000064    20000064    00000008   00000000    rw- .bss
2000fe00    2000fe00    00000200   00000000    rw-
  2000fe00    2000fe00    00000200   00000000    rw- .stack


SECTION ALLOCATION MAP

 output                                  attributes/
section   page    origin      length       input sections
--------  ----  ----------  ----------   ----------------
.intvecs   0    00000000    000000e4     
                  00000000    000000e4     startup_msp432p401r_ccs.obj (.intvecs:retain)

.binit     0    00000000    00000000     

.text      0    000000e4    00001d68     
                  000000e4    000007f4     mcm.obj (.text)
                  000008d8    00000334     system_msp432p401r.obj (.text)
                  00000c0c    000001a0     msp432p4xx_driverlib.lib : pcm.o (.text:__PCM_setPowerStateAdvanced)
                  00000dac    00000154                              : adc14.o (.text:_getIndexForMemRegister)
                  00000f00    00000136     rtsv7M4_T_le_v4SPD16_eabi.lib : fd_div_t2.obj (.text)
                  00001036    000000fc                                   : fd_mul_t2.obj (.text)
                  00001132    00000002                                   : mpu_init.obj (.text)
                  00001134    000000dc     msp432p4xx_driverlib.lib : pcm.o (.text:__PCM_setPowerModeAdvanced)
                  00001210    000000b0                              : pcm.o (.text:__PCM_setCoreVoltageLevelAdvanced)
                  000012c0    0000009c     rtsv7M4_T_le_v4SPD16_eabi.lib : memcpy_t2.obj (.text)
                  0000135c    00000094     msp432p4xx_driverlib.lib : uart.o (.text:UART_initModule)
                  000013f0    00000088                              : spi.o (.text:SPI_initMaster)
                  00001478    0000007c                              : pcm.o (.text:PCM_gotoLPM3)
                  000014f4    0000007a     rtsv7M4_T_le_v4SPD16_eabi.lib : memset_t2.obj (.text)
                  0000156e    00000002                                   : startup.obj (.text)
                  00001570    00000070                                   : autoinit.obj (.text)
                  000015e0    0000006e                                   : fd_tos_t2.obj (.text)
                  0000164e    00000002     --HOLE-- [fill = 0]
                  00001650    0000006c     msp432p4xx_driverlib.lib : adc14.o (.text:ADC14_configureConversionMemory)
                  000016bc    00000068     rtsv7M4_T_le_v4SPD16_eabi.lib : copy_decompress_lzss.obj (.text:decompress:lzss)
                  00001724    00000064     msp432p4xx_driverlib.lib : interrupt.o (.text:Interrupt_enableInterrupt)
                  00001788    00000054     rtsv7M4_T_le_v4SPD16_eabi.lib : boot.obj (.text)
                  000017dc    00000054                                   : exit.obj (.text)
                  00001830    00000050     msp432p4xx_driverlib.lib : pcm.o (.text:PCM_shutdownDevice)
                  00001880    0000004c     rtsv7M4_T_le_v4SPD16_eabi.lib : cpy_tbl.obj (.text)
                  000018cc    00000048     msp432p4xx_driverlib.lib : gpio.o (.text:GPIO_setAsPeripheralModuleFunctionInputPin)
                  00001914    00000044                              : adc14.o (.text:ADC14_configureSingleSampleMode)
                  00001958    00000038                              : adc14.o (.text:ADC14_initModule)
                  00001990    00000030                              : spi.o (.text:is_A_Module)
                  000019c0    0000002c                              : adc14.o (.text:ADC14_enableConversion)
                  000019ec    0000002c                              : pcm.o (.text:PCM_getCoreVoltageLevel)
                  00001a18    0000002a                              : pcm.o (.text:PCM_getPowerMode)
                  00001a42    00000002     --HOLE-- [fill = 0]
                  00001a44    00000028                              : adc14.o (.text:ADC14_enableSampleTimer)
                  00001a6c    00000028                              : flash.o (.text:FlashCtl_setWaitState)
                  00001a94    00000028                              : pcm.o (.text:PCM_gotoLPM0)
                  00001abc    00000024                              : adc14.o (.text:ADC14_getEnabledInterruptStatus)
                  00001ae0    00000024                              : cs.o (.text:CS_setDCOCenteredFrequency)
                  00001b04    00000024                              : gpio.o (.text:GPIO_setAsOutputPin)
                  00001b28    00000024                              : rtc_c.o (.text:RTC_C_holdClock)
                  00001b4c    00000024                              : spi.o (.text:SPI_getEnabledInterruptStatus)
                  00001b70    00000024                              : uart.o (.text:UART_transmitData)
                  00001b94    00000020                              : adc14.o (.text:ADC14_clearInterruptFlag)
                  00001bb4    00000020                              : adc14.o (.text:ADC14_enableInterrupt)
                  00001bd4    00000020                              : adc14.o (.text:ADC14_toggleConversionTrigger)
                  00001bf4    00000020                              : spi.o (.text:SPI_clearInterruptFlag)
                  00001c14    00000020                              : spi.o (.text:SPI_getInterruptStatus)
                  00001c34    00000020                              : spi.o (.text:SPI_transmitData)
                  00001c54    00000020     rtsv7M4_T_le_v4SPD16_eabi.lib : u_tofd_t2.obj (.text)
                  00001c74    0000001c     msp432p4xx_driverlib.lib : adc14.o (.text:ADC14_getInterruptStatus)
                  00001c90    0000001a                              : spi.o (.text:SPI_enableModule)
                  00001caa    0000001a                              : spi.o (.text:SPI_receiveData)
                  00001cc4    00000018                              : adc14.o (.text:ADC14_getResult)
                  00001cdc    00000018                              : gpio.o (.text:GPIO_setOutputLowOnPin)
                  00001cf4    00000018                              : wdt_a.o (.text:WDT_A_holdTimer)
                  00001d0c    00000018     rtsv7M4_T_le_v4SPD16_eabi.lib : args_main.obj (.text)
                  00001d24    00000014     msp432p4xx_driverlib.lib : adc14.o (.text:ADCIsConversionRunning)
                  00001d38    00000014                              : gpio.o (.text:GPIO_setOutputHighOnPin)
                  00001d4c    00000014     rtsv7M4_T_le_v4SPD16_eabi.lib : _lock.obj (.text)
                  00001d60    00000010     msp432p4xx_driverlib.lib : adc14.o (.text:ADC14_enableModule)
                  00001d70    00000010                              : interrupt.o (.text:Interrupt_enableMaster)
                  00001d80    00000010                              : pcm.o (.text:PCM_gotoLPM4)
                  00001d90    0000000e                              : spi.o (.text:EUSCI_A_SPI_clearInterruptFlag)
                  00001d9e    0000000e                              : spi.o (.text:EUSCI_B_SPI_clearInterruptFlag)
                  00001dac    0000000e     rtsv7M4_T_le_v4SPD16_eabi.lib : copy_decompress_none.obj (.text:decompress:none)
                  00001dba    0000000e     startup_msp432p401r_ccs.obj (.text)
                  00001dc8    0000000c     msp432p4xx_driverlib.lib : cpu.o (.text:CPU_cpsie)
                  00001dd4    0000000c                              : spi.o (.text:EUSCI_A_SPI_enable)
                  00001de0    0000000c                              : spi.o (.text:EUSCI_B_SPI_enable)
                  00001dec    0000000c                              : pcm.o (.text:PCM_getPowerState)
                  00001df8    0000000c                              : uart.o (.text:UART_enableModule)
                  00001e04    0000000c     rtsv7M4_T_le_v4SPD16_eabi.lib : copy_zero_init.obj (.text:decompress:ZI)
                  00001e10    00000008     msp432p4xx_driverlib.lib : spi.o (.text:EUSCI_A_SPI_getInterruptStatus)
                  00001e18    00000008                              : spi.o (.text:EUSCI_B_SPI_getInterruptStatus)
                  00001e20    00000008                              : pcm.o (.text:PCM_setPowerMode)
                  00001e28    00000008                              : pcm.o (.text:PCM_setPowerState)
                  00001e30    00000006                              : spi.o (.text:EUSCI_A_SPI_receiveData)
                  00001e36    00000006                              : spi.o (.text:EUSCI_B_SPI_receiveData)
                  00001e3c    00000004                              : cpu.o (.text:CPU_wfi)
                  00001e40    00000004                              : spi.o (.text:EUSCI_A_SPI_transmitData)
                  00001e44    00000004                              : spi.o (.text:EUSCI_B_SPI_transmitData)
                  00001e48    00000004     rtsv7M4_T_le_v4SPD16_eabi.lib : pre_init.obj (.text)

.const     0    00001e4c    0000010f     
                  00001e4c    00000080     msp432p4xx_driverlib.lib : adc14.o (.const:_ctlRegs)
                  00001ecc    00000040                              : interrupt.o (.const)
                  00001f0c    00000024     mcm.obj (.const:uartConfig)
                  00001f30    0000001c     mcm.obj (.const:spiMasterConfig)
                  00001f4c    00000008     mcm.obj (.const)
                  00001f54    00000007     mcm.obj (.const:.string:$P$T0$1)

.cinit     0    00001f60    00000070     
                  00001f60    0000004b     (.cinit..data.load) [load image, compression = lzss]
                  00001fab    00000001     --HOLE-- [fill = 0]
                  00001fac    0000000c     (__TI_handler_table)
                  00001fb8    00000008     (.cinit..bss.load) [load image, compression = zero_init]
                  00001fc0    00000010     (__TI_cinit_table)

.init_array 
*          0    00000000    00000000     UNINITIALIZED

.data      0    20000000    00000064     UNINITIALIZED
                  20000000    00000030     msp432p4xx_driverlib.lib : gpio.o (.data:GPIO_PORT_TO_BASE)
                  20000030    00000018     mcm.obj (.data)
                  20000048    0000000c     rtsv7M4_T_le_v4SPD16_eabi.lib : exit.obj (.data:$O1$$)
                  20000054    00000008                                   : _lock.obj (.data:$O1$$)
                  2000005c    00000004                                   : stkdepth_vars.obj (.data)
                  20000060    00000004     system_msp432p401r.obj (.data)

.bss       0    20000064    00000008     UNINITIALIZED
                  20000064    00000008     mcm.obj (.bss)

.stack     0    2000fe00    00000200     UNINITIALIZED
                  2000fe00    00000200     --HOLE--

MODULE SUMMARY

       Module                        code   ro data   rw data
       ------                        ----   -------   -------
    .\
       mcm.obj                       2036   79        64     
       system_msp432p401r.obj        820    0         8      
       startup_msp432p401r_ccs.obj   14     228       0      
    +--+-----------------------------+------+---------+---------+
       Total:                        2870   307       72     
                                                             
    C:/Users/nlandy/Documents/School/Fa17/uP2/Backup-UF-EEL4930-Students/Libraries/BoardSupportPackage/DriverLib/msp432p4xx_driverlib.lib
       pcm.o                         1186   0         0      
       adc14.o                       876    128       0      
       spi.o                         456    0         0      
       gpio.o                        152    0         96     
       uart.o                        196    0         0      
       interrupt.o                   116    64        0      
       flash.o                       40     0         0      
       cs.o                          36     0         0      
       rtc_c.o                       36     0         0      
       wdt_a.o                       24     0         0      
       cpu.o                         16     0         0      
    +--+-----------------------------+------+---------+---------+
       Total:                        3134   192       96     
                                                             
    C:\ti\ccsv7\tools\compiler\ti-cgt-arm_16.9.6.LTS\lib\rtsv7M4_T_le_v4SPD16_eabi.lib
       fd_div_t2.obj                 310    0         0      
       fd_mul_t2.obj                 252    0         0      
       memcpy_t2.obj                 156    0         0      
       memset_t2.obj                 122    0         0      
       autoinit.obj                  112    0         0      
       fd_tos_t2.obj                 110    0         0      
       exit.obj                      84     0         24     
       copy_decompress_lzss.obj      104    0         0      
       boot.obj                      84     0         0      
       cpy_tbl.obj                   76     0         0      
       _lock.obj                     20     0         16     
       u_tofd_t2.obj                 32     0         0      
       args_main.obj                 24     0         0      
       copy_decompress_none.obj      14     0         0      
       copy_zero_init.obj            12     0         0      
       stkdepth_vars.obj             0      0         8      
       pre_init.obj                  4      0         0      
       mpu_init.obj                  2      0         0      
       startup.obj                   2      0         0      
    +--+-----------------------------+------+---------+---------+
       Total:                        1520   0         48     
                                                             
       Stack:                        0      0         1024   
       Linker Generated:             0      111       0      
    +--+-----------------------------+------+---------+---------+
       Grand Total:                  7524   610       1240   


LINKER GENERATED COPY TABLES

__TI_cinit_table @ 00001fc0 records: 2, size/record: 8, table size: 16
	.data: load addr=00001f60, load size=0000004b bytes, run addr=20000000, run size=00000064 bytes, compression=lzss
	.bss: load addr=00001fb8, load size=00000008 bytes, run addr=20000064, run size=00000008 bytes, compression=zero_init


LINKER GENERATED HANDLER TABLE

__TI_handler_table @ 00001fac records: 3, size/record: 4, table size: 12
	index: 0, handler: __TI_decompress_lzss
	index: 1, handler: __TI_decompress_none
	index: 2, handler: __TI_zero_init


GLOBAL SYMBOLS: SORTED ALPHABETICALLY BY Name 

address   name                                      
-------   ----                                      
000007bd  ADC14_IRQHandler                          
000007bd  ADC14_IRQHandler                          
00001b95  ADC14_clearInterruptFlag                  
00001651  ADC14_configureConversionMemory           
00001915  ADC14_configureSingleSampleMode           
000019c1  ADC14_enableConversion                    
00001bb5  ADC14_enableInterrupt                     
00001d61  ADC14_enableModule                        
00001a45  ADC14_enableSampleTimer                   
00001abd  ADC14_getEnabledInterruptStatus           
00001c75  ADC14_getInterruptStatus                  
00001cc5  ADC14_getResult                           
00001959  ADC14_initModule                          
00001bd5  ADC14_toggleConversionTrigger             
00001dc7  AES256_IRQHandler                         
00001dc7  BusFault_Handler                          
000017dd  C$$EXIT                                   
00001dc7  COMP_E0_IRQHandler                        
00001dc7  COMP_E1_IRQHandler                        
00001dc9  CPU_cpsie                                 
00001e3d  CPU_wfi                                   
00001dc7  CS_IRQHandler                             
00001ae1  CS_setDCOCenteredFrequency                
00001dc7  DMA_ERR_IRQHandler                        
00001dc7  DMA_INT0_IRQHandler                       
00001dc7  DMA_INT1_IRQHandler                       
00001dc7  DMA_INT2_IRQHandler                       
00001dc7  DMA_INT3_IRQHandler                       
00001dc7  DebugMon_Handler                          
00001dc7  Default_Handler                           
00001dc7  EUSCIA0_IRQHandler                        
00001dc7  EUSCIA1_IRQHandler                        
00001dc7  EUSCIA2_IRQHandler                        
00001dc7  EUSCIA3_IRQHandler                        
0000043d  EUSCIB0_IRQHandler                        
0000043d  EUSCIB0_IRQHandler                        
00001dc7  EUSCIB1_IRQHandler                        
00001dc7  EUSCIB2_IRQHandler                        
00001dc7  EUSCIB3_IRQHandler                        
00001d91  EUSCI_A_SPI_clearInterruptFlag            
00001dd5  EUSCI_A_SPI_enable                        
00001e11  EUSCI_A_SPI_getInterruptStatus            
00001e31  EUSCI_A_SPI_receiveData                   
00001e41  EUSCI_A_SPI_transmitData                  
00001d9f  EUSCI_B_SPI_clearInterruptFlag            
00001de1  EUSCI_B_SPI_enable                        
00001e19  EUSCI_B_SPI_getInterruptStatus            
00001e37  EUSCI_B_SPI_receiveData                   
00001e45  EUSCI_B_SPI_transmitData                  
00001dc7  FLCTL_IRQHandler                          
00001dc7  FPU_IRQHandler                            
00001a6d  FlashCtl_setWaitState                     
00001b05  GPIO_setAsOutputPin                       
000018cd  GPIO_setAsPeripheralModuleFunctionInputPin
00001d39  GPIO_setOutputHighOnPin                   
00001cdd  GPIO_setOutputLowOnPin                    
00001dc7  HardFault_Handler                         
00001725  Interrupt_enableInterrupt                 
00001d71  Interrupt_enableMaster                    
00001dc7  MemManage_Handler                         
00001dc7  NMI_Handler                               
00001dc7  PCM_IRQHandler                            
000019ed  PCM_getCoreVoltageLevel                   
00001a19  PCM_getPowerMode                          
00001ded  PCM_getPowerState                         
00001a95  PCM_gotoLPM0                              
00001479  PCM_gotoLPM3                              
00001d81  PCM_gotoLPM4                              
00001e21  PCM_setPowerMode                          
00001e29  PCM_setPowerState                         
00001831  PCM_shutdownDevice                        
00001dc7  PORT1_IRQHandler                          
00001dc7  PORT2_IRQHandler                          
00001dc7  PORT3_IRQHandler                          
00001dc7  PORT4_IRQHandler                          
00001dc7  PORT5_IRQHandler                          
00001dc7  PORT6_IRQHandler                          
00001dc7  PSS_IRQHandler                            
00001dc7  PendSV_Handler                            
00001dc7  RTC_C_IRQHandler                          
00001b29  RTC_C_holdClock                           
00001dbb  Reset_Handler                             
UNDEFED   SHT$$INIT_ARRAY$$Base                     
UNDEFED   SHT$$INIT_ARRAY$$Limit                    
00001bf5  SPI_clearInterruptFlag                    
00001c91  SPI_enableModule                          
00001b4d  SPI_getEnabledInterruptStatus             
00001c15  SPI_getInterruptStatus                    
000013f1  SPI_initMaster                            
00001cab  SPI_receiveData                           
00001c35  SPI_transmitData                          
00001dc7  SVC_Handler                               
00001dc7  SysTick_Handler                           
20000060  SystemCoreClock                           
000008d9  SystemCoreClockUpdate                     
00000b51  SystemInit                                
00001dc7  T32_INT1_IRQHandler                       
00001dc7  T32_INT2_IRQHandler                       
00001dc7  T32_INTC_IRQHandler                       
00001dc7  TA0_0_IRQHandler                          
00001dc7  TA0_N_IRQHandler                          
00001dc7  TA1_0_IRQHandler                          
00001dc7  TA1_N_IRQHandler                          
00001dc7  TA2_0_IRQHandler                          
00001dc7  TA2_N_IRQHandler                          
00001dc7  TA3_0_IRQHandler                          
00001dc7  TA3_N_IRQHandler                          
00001df9  UART_enableModule                         
0000135d  UART_initModule                           
00001b71  UART_transmitData                         
00001dc7  UsageFault_Handler                        
4000480c  WDTCTL_SYM                                
00001dc7  WDT_A_IRQHandler                          
00001cf5  WDT_A_holdTimer                           
20010000  __STACK_END                               
00000200  __STACK_SIZE                              
00001fc0  __TI_CINIT_Base                           
00001fd0  __TI_CINIT_Limit                          
00001fac  __TI_Handler_Table_Base                   
00001fb8  __TI_Handler_Table_Limit                  
00001571  __TI_auto_init                            
20000048  __TI_cleanup_ptr                          
000016bd  __TI_decompress_lzss                      
00001dad  __TI_decompress_none                      
2000004c  __TI_dtors_ptr                            
20000050  __TI_enable_exit_profile_output           
ffffffff  __TI_pprof_out_hndl                       
ffffffff  __TI_prof_data_size                       
ffffffff  __TI_prof_data_start                      
00000000  __TI_static_base__                        
00001e05  __TI_zero_init                            
000015e1  __aeabi_d2f                               
00000f01  __aeabi_ddiv                              
00001037  __aeabi_dmul                              
000014f5  __aeabi_memclr                            
000014f5  __aeabi_memclr4                           
000014f5  __aeabi_memclr8                           
000012c1  __aeabi_memcpy                            
000012c1  __aeabi_memcpy4                           
000012c1  __aeabi_memcpy8                           
000014f7  __aeabi_memset                            
000014f7  __aeabi_memset4                           
000014f7  __aeabi_memset8                           
00001c55  __aeabi_ui2d                              
ffffffff  __binit__                                 
ffffffff  __c_args__                                
00001133  __mpu_init                                
2000fe00  __stack                                   
00001d0d  _args_main                                
00001789  _c_int00                                  
20000054  _lock                                     
00001d5b  _nop                                      
00001d53  _register_lock                            
00001d4d  _register_unlock                          
0000156f  _system_post_cinit                        
00001e49  _system_pre_init                          
20000058  _unlock                                   
000017e1  abort                                     
2000003c  activate                                  
ffffffff  binit                                     
00001881  copy_in                                   
00001f4c  count_val1                                
00001f50  count_val2                                
20000040  counter1                                  
20000044  counter2                                  
000017e9  exit                                      
00000561  init_imu                                  
00000000  interruptVectors                          
000000e5  main                                      
2000005c  main_func_sp                              
000012c1  memcpy                                    
000014fd  memset                                    
2000003d  next                                      
000004f5  read_reg                                  
000005e1  read_sensors                              
00001f30  spiMasterConfig                           
00001f0c  uartConfig                                
0000049d  write_reg                                 


GLOBAL SYMBOLS: SORTED BY Symbol Address 

address   name                                      
-------   ----                                      
00000000  __TI_static_base__                        
00000000  interruptVectors                          
000000e5  main                                      
00000200  __STACK_SIZE                              
0000043d  EUSCIB0_IRQHandler                        
0000043d  EUSCIB0_IRQHandler                        
0000049d  write_reg                                 
000004f5  read_reg                                  
00000561  init_imu                                  
000005e1  read_sensors                              
000007bd  ADC14_IRQHandler                          
000007bd  ADC14_IRQHandler                          
000008d9  SystemCoreClockUpdate                     
00000b51  SystemInit                                
00000f01  __aeabi_ddiv                              
00001037  __aeabi_dmul                              
00001133  __mpu_init                                
000012c1  __aeabi_memcpy                            
000012c1  __aeabi_memcpy4                           
000012c1  __aeabi_memcpy8                           
000012c1  memcpy                                    
0000135d  UART_initModule                           
000013f1  SPI_initMaster                            
00001479  PCM_gotoLPM3                              
000014f5  __aeabi_memclr                            
000014f5  __aeabi_memclr4                           
000014f5  __aeabi_memclr8                           
000014f7  __aeabi_memset                            
000014f7  __aeabi_memset4                           
000014f7  __aeabi_memset8                           
000014fd  memset                                    
0000156f  _system_post_cinit                        
00001571  __TI_auto_init                            
000015e1  __aeabi_d2f                               
00001651  ADC14_configureConversionMemory           
000016bd  __TI_decompress_lzss                      
00001725  Interrupt_enableInterrupt                 
00001789  _c_int00                                  
000017dd  C$$EXIT                                   
000017e1  abort                                     
000017e9  exit                                      
00001831  PCM_shutdownDevice                        
00001881  copy_in                                   
000018cd  GPIO_setAsPeripheralModuleFunctionInputPin
00001915  ADC14_configureSingleSampleMode           
00001959  ADC14_initModule                          
000019c1  ADC14_enableConversion                    
000019ed  PCM_getCoreVoltageLevel                   
00001a19  PCM_getPowerMode                          
00001a45  ADC14_enableSampleTimer                   
00001a6d  FlashCtl_setWaitState                     
00001a95  PCM_gotoLPM0                              
00001abd  ADC14_getEnabledInterruptStatus           
00001ae1  CS_setDCOCenteredFrequency                
00001b05  GPIO_setAsOutputPin                       
00001b29  RTC_C_holdClock                           
00001b4d  SPI_getEnabledInterruptStatus             
00001b71  UART_transmitData                         
00001b95  ADC14_clearInterruptFlag                  
00001bb5  ADC14_enableInterrupt                     
00001bd5  ADC14_toggleConversionTrigger             
00001bf5  SPI_clearInterruptFlag                    
00001c15  SPI_getInterruptStatus                    
00001c35  SPI_transmitData                          
00001c55  __aeabi_ui2d                              
00001c75  ADC14_getInterruptStatus                  
00001c91  SPI_enableModule                          
00001cab  SPI_receiveData                           
00001cc5  ADC14_getResult                           
00001cdd  GPIO_setOutputLowOnPin                    
00001cf5  WDT_A_holdTimer                           
00001d0d  _args_main                                
00001d39  GPIO_setOutputHighOnPin                   
00001d4d  _register_unlock                          
00001d53  _register_lock                            
00001d5b  _nop                                      
00001d61  ADC14_enableModule                        
00001d71  Interrupt_enableMaster                    
00001d81  PCM_gotoLPM4                              
00001d91  EUSCI_A_SPI_clearInterruptFlag            
00001d9f  EUSCI_B_SPI_clearInterruptFlag            
00001dad  __TI_decompress_none                      
00001dbb  Reset_Handler                             
00001dc7  AES256_IRQHandler                         
00001dc7  BusFault_Handler                          
00001dc7  COMP_E0_IRQHandler                        
00001dc7  COMP_E1_IRQHandler                        
00001dc7  CS_IRQHandler                             
00001dc7  DMA_ERR_IRQHandler                        
00001dc7  DMA_INT0_IRQHandler                       
00001dc7  DMA_INT1_IRQHandler                       
00001dc7  DMA_INT2_IRQHandler                       
00001dc7  DMA_INT3_IRQHandler                       
00001dc7  DebugMon_Handler                          
00001dc7  Default_Handler                           
00001dc7  EUSCIA0_IRQHandler                        
00001dc7  EUSCIA1_IRQHandler                        
00001dc7  EUSCIA2_IRQHandler                        
00001dc7  EUSCIA3_IRQHandler                        
00001dc7  EUSCIB1_IRQHandler                        
00001dc7  EUSCIB2_IRQHandler                        
00001dc7  EUSCIB3_IRQHandler                        
00001dc7  FLCTL_IRQHandler                          
00001dc7  FPU_IRQHandler                            
00001dc7  HardFault_Handler                         
00001dc7  MemManage_Handler                         
00001dc7  NMI_Handler                               
00001dc7  PCM_IRQHandler                            
00001dc7  PORT1_IRQHandler                          
00001dc7  PORT2_IRQHandler                          
00001dc7  PORT3_IRQHandler                          
00001dc7  PORT4_IRQHandler                          
00001dc7  PORT5_IRQHandler                          
00001dc7  PORT6_IRQHandler                          
00001dc7  PSS_IRQHandler                            
00001dc7  PendSV_Handler                            
00001dc7  RTC_C_IRQHandler                          
00001dc7  SVC_Handler                               
00001dc7  SysTick_Handler                           
00001dc7  T32_INT1_IRQHandler                       
00001dc7  T32_INT2_IRQHandler                       
00001dc7  T32_INTC_IRQHandler                       
00001dc7  TA0_0_IRQHandler                          
00001dc7  TA0_N_IRQHandler                          
00001dc7  TA1_0_IRQHandler                          
00001dc7  TA1_N_IRQHandler                          
00001dc7  TA2_0_IRQHandler                          
00001dc7  TA2_N_IRQHandler                          
00001dc7  TA3_0_IRQHandler                          
00001dc7  TA3_N_IRQHandler                          
00001dc7  UsageFault_Handler                        
00001dc7  WDT_A_IRQHandler                          
00001dc9  CPU_cpsie                                 
00001dd5  EUSCI_A_SPI_enable                        
00001de1  EUSCI_B_SPI_enable                        
00001ded  PCM_getPowerState                         
00001df9  UART_enableModule                         
00001e05  __TI_zero_init                            
00001e11  EUSCI_A_SPI_getInterruptStatus            
00001e19  EUSCI_B_SPI_getInterruptStatus            
00001e21  PCM_setPowerMode                          
00001e29  PCM_setPowerState                         
00001e31  EUSCI_A_SPI_receiveData                   
00001e37  EUSCI_B_SPI_receiveData                   
00001e3d  CPU_wfi                                   
00001e41  EUSCI_A_SPI_transmitData                  
00001e45  EUSCI_B_SPI_transmitData                  
00001e49  _system_pre_init                          
00001f0c  uartConfig                                
00001f30  spiMasterConfig                           
00001f4c  count_val1                                
00001f50  count_val2                                
00001fac  __TI_Handler_Table_Base                   
00001fb8  __TI_Handler_Table_Limit                  
00001fc0  __TI_CINIT_Base                           
00001fd0  __TI_CINIT_Limit                          
2000003c  activate                                  
2000003d  next                                      
20000040  counter1                                  
20000044  counter2                                  
20000048  __TI_cleanup_ptr                          
2000004c  __TI_dtors_ptr                            
20000050  __TI_enable_exit_profile_output           
20000054  _lock                                     
20000058  _unlock                                   
2000005c  main_func_sp                              
20000060  SystemCoreClock                           
2000fe00  __stack                                   
20010000  __STACK_END                               
4000480c  WDTCTL_SYM                                
ffffffff  __TI_pprof_out_hndl                       
ffffffff  __TI_prof_data_size                       
ffffffff  __TI_prof_data_start                      
ffffffff  __binit__                                 
ffffffff  __c_args__                                
ffffffff  binit                                     
UNDEFED   SHT$$INIT_ARRAY$$Base                     
UNDEFED   SHT$$INIT_ARRAY$$Limit                    

[178 symbols]
