******************************************************************************
             TMS320C2000 Linker PC v16.9.6                     
******************************************************************************
>> Linked Mon Apr 16 22:00:47 2018

OUTPUT FILE NAME:   <SENIOR_Codec_Dev.out>
ENTRY POINT SYMBOL: "code_start"  address: 00000000


MEMORY CONFIGURATION

         name            origin    length      used     unused   attr    fill
----------------------  --------  ---------  --------  --------  ----  --------
PAGE 0:
  BEGIN                 00000000   00000002  00000002  00000000  RWIX
  RAMM0                 00000050   000003b0  00000000  000003b0  RWIX
  RAML0                 00008000   00001000  000005b6  00000a4a  RWIX
  RAML1                 00009000   00003000  00002fba  00000046  RWIX
  ZONE6                 00100000   00100000  00027fff  000d8001  RWIX
  ZONE7A                00200000   0000fc00  00000000  0000fc00  RWIX
  CSM_RSVD              0033ff80   00000076  00000000  00000076  RWIX
  CSM_PWL               0033fff8   00000008  00000000  00000008  RWIX
  ADC_CAL               00380080   00000009  00000000  00000009  RWIX
  IQTABLES              003fe000   00000b50  00000000  00000b50  RWIX
  IQTABLES2             003feb50   0000008c  00000000  0000008c  RWIX
  FPUTABLES             003febdc   000006a0  00000000  000006a0  RWIX
  BOOTROM               003ff27c   00000d44  00000000  00000d44  RWIX
  RESET                 003fffc0   00000002  00000000  00000002  RWIX

PAGE 1:
  BOOT_RSVD             00000002   0000004e  00000000  0000004e  RWIX
  RAMM1                 00000400   00000400  00000300  00000100  RWIX
  DEV_EMU               00000880   00000180  000000d0  000000b0  RWIX
  FLASH_REGS            00000a80   00000060  00000008  00000058  RWIX
  CSM                   00000ae0   00000010  00000010  00000000  RWIX
  ADC_MIRROR            00000b00   00000010  00000010  00000000  RWIX
  XINTF                 00000b20   00000020  0000001e  00000002  RWIX
  CPU_TIMER0            00000c00   00000008  00000008  00000000  RWIX
  CPU_TIMER1            00000c08   00000008  00000008  00000000  RWIX
  CPU_TIMER2            00000c10   00000008  00000008  00000000  RWIX
  PIE_CTRL              00000ce0   00000020  0000001a  00000006  RWIX
  PIE_VECT              00000d00   00000100  00000100  00000000  RWIX
  DMA                   00001000   00000200  000000e0  00000120  RWIX
  MCBSPA                00005000   00000040  00000025  0000001b  RWIX
  MCBSPB                00005040   00000040  00000025  0000001b  RWIX
  ECANA                 00006000   00000040  00000034  0000000c  RWIX
  ECANA_LAM             00006040   00000040  00000040  00000000  RWIX
  ECANA_MOTS            00006080   00000040  00000040  00000000  RWIX
  ECANA_MOTO            000060c0   00000040  00000040  00000000  RWIX
  ECANA_MBOX            00006100   00000100  00000100  00000000  RWIX
  ECANB                 00006200   00000040  00000034  0000000c  RWIX
  ECANB_LAM             00006240   00000040  00000040  00000000  RWIX
  ECANB_MOTS            00006280   00000040  00000040  00000000  RWIX
  ECANB_MOTO            000062c0   00000040  00000040  00000000  RWIX
  ECANB_MBOX            00006300   00000100  00000100  00000000  RWIX
  EPWM1                 00006800   00000022  00000022  00000000  RWIX
  EPWM2                 00006840   00000022  00000022  00000000  RWIX
  EPWM3                 00006880   00000022  00000022  00000000  RWIX
  EPWM4                 000068c0   00000022  00000022  00000000  RWIX
  EPWM5                 00006900   00000022  00000022  00000000  RWIX
  EPWM6                 00006940   00000022  00000022  00000000  RWIX
  ECAP1                 00006a00   00000020  00000020  00000000  RWIX
  ECAP2                 00006a20   00000020  00000020  00000000  RWIX
  ECAP3                 00006a40   00000020  00000020  00000000  RWIX
  ECAP4                 00006a60   00000020  00000020  00000000  RWIX
  ECAP5                 00006a80   00000020  00000020  00000000  RWIX
  ECAP6                 00006aa0   00000020  00000020  00000000  RWIX
  EQEP1                 00006b00   00000040  00000040  00000000  RWIX
  EQEP2                 00006b40   00000040  00000040  00000000  RWIX
  GPIOCTRL              00006f80   00000040  0000002e  00000012  RWIX
  GPIODAT               00006fc0   00000020  00000020  00000000  RWIX
  GPIOINT               00006fe0   00000020  0000000a  00000016  RWIX
  SYSTEM                00007010   00000020  00000020  00000000  RWIX
  SPIA                  00007040   00000010  00000010  00000000  RWIX
  SCIA                  00007050   00000010  00000010  00000000  RWIX
  XINTRUPT              00007070   00000010  00000010  00000000  RWIX
  ADC                   00007100   00000020  0000001e  00000002  RWIX
  SCIB                  00007750   00000010  00000010  00000000  RWIX
  SCIC                  00007770   00000010  00000010  00000000  RWIX
  I2CA                  00007900   00000040  00000022  0000001e  RWIX
  RAML4                 0000c000   00001000  00000f18  000000e8  RWIX
  RAML5                 0000d000   00001000  000007bc  00000844  RWIX
  RAML6                 0000e000   00001000  00000178  00000e88  RWIX
  RAML7                 0000f000   00001000  00000000  00001000  RWIX
  ZONE7B                0020fc00   00000400  00000000  00000400  RWIX
  CSM_PWL               0033fff8   00000008  00000008  00000000  RWIX
  PARTID                00380090   00000001  00000001  00000000  RWIX


SECTION ALLOCATION MAP

 output                                  attributes/
section   page    origin      length       input sections
--------  ----  ----------  ----------   ----------------
codestart 
*          0    00000000    00000002     
                  00000000    00000002     DSP2833x_CodeStartBranch.obj (codestart)

.cinit     0    00008000    000005b2     
                  00008000    00000461     UI.obj (.cinit)
                  00008461    00000133     main.obj (.cinit)
                  00008594    0000000e     rts2800_fpu32.lib : exit.obj (.cinit)
                  000085a2    00000005                       : _lock.obj (.cinit:__lock)
                  000085a7    00000005                       : _lock.obj (.cinit:__unlock)
                  000085ac    00000004                       : errno.obj (.cinit)
                  000085b0    00000002     --HOLE-- [fill = 0]

ramfuncs   0    000085b2    00000004     
                  000085b2    00000004     DSP2833x_usDelay.obj (ramfuncs)

.text      0    00009000    00002fba     
                  00009000    00000d60     UI.obj (.text)
                  00009d60    00000bc4     main.obj (.text)
                  0000a924    00000380     rts2800_fpu32.lib : e_powf.obj (.text)
                  0000aca4    00000316     DSP2833x_DefaultIsr.obj (.text:retain)
                  0000afba    00000312     LCD.obj (.text)
                  0000b2cc    0000021c     main.obj (.text:retain)
                  0000b4e8    000001be     MDF_init.obj (.text)
                  0000b6a6    0000016b     DSP2833x_Mcbsp.obj (.text)
                  0000b811    000000ef     DSP2833x_SysCtrl.obj (.text)
                  0000b900    000000cc     rts2800_fpu32.lib : e_log2f.obj (.text)
                  0000b9cc    000000cb                       : s_atanf.obj (.text)
                  0000ba97    000000b7     AIC23_SPI_control.obj (.text)
                  0000bb4e    00000088     rts2800_fpu32.lib : fs_div28.obj (.text)
                  0000bbd6    00000073     DSP2833x_CpuTimers.obj (.text)
                  0000bc49    00000062     rts2800_fpu32.lib : s_scalbnf.obj (.text)
                  0000bcab    00000061                       : s_cosf.obj (.text)
                  0000bd0c    00000061                       : s_tanf.obj (.text)
                  0000bd6d    00000058                       : s_sinf.obj (.text)
                  0000bdc5    00000056                       : boot28.obj (.text)
                  0000be1b    00000042     AIC23.obj (.text)
                  0000be5d    00000029     rts2800_fpu32.lib : exit.obj (.text)
                  0000be86    00000028     DSP2833x_PieCtrl.obj (.text)
                  0000beae    00000025     rts2800_fpu32.lib : e_sqrtf.obj (.text)
                  0000bed3    00000024                       : cpy_tbl.obj (.text)
                  0000bef7    00000022                       : i_div28.obj (.text)
                  0000bf19    00000020     AsciiLib.obj (.text)
                  0000bf39    0000001e     rts2800_fpu32.lib : ll_cmp28.obj (.text)
                  0000bf57    0000001e                       : memcpy.obj (.text)
                  0000bf75    00000019                       : args_main.obj (.text)
                  0000bf8e    00000011                       : s_copysignf.obj (.text)
                  0000bf9f    00000009                       : _lock.obj (.text)
                  0000bfa8    00000008     DSP2833x_CodeStartBranch.obj (.text)
                  0000bfb0    00000007     DSP2833x_DisInt.obj (.text)
                  0000bfb7    00000002     rts2800_fpu32.lib : pre_init.obj (.text)
                  0000bfb9    00000001                       : startup.obj (.text)

.pinit     0    00008000    00000000     UNINITIALIZED

extSRAM6   0    00100000    00027fff     UNINITIALIZED
                  00100000    00027fff     main.obj (extSRAM6)

.stack     1    00000400    00000300     UNINITIALIZED
                  00000400    00000300     --HOLE--

.ebss      1    0000c000    00000f18     UNINITIALIZED
                  0000c000    00000940     main.obj (.ebss)
                  0000c940    000005b4     UI.obj (.ebss)
                  0000cef4    00000006     rts2800_fpu32.lib : exit.obj (.ebss)
                  0000cefa    00000002                       : _lock.obj (.ebss:__lock)
                  0000cefc    00000002                       : _lock.obj (.ebss:__unlock)
                  0000cefe    00000001                       : errno.obj (.ebss)
                  0000ceff    00000001     --HOLE--
                  0000cf00    00000018     DSP2833x_CpuTimers.obj (.ebss)

.econst    1    0000d000    000007b8     
                  0000d000    000005f0     AsciiLib.obj (.econst:_AsciiLib)
                  0000d5f0    00000032     rts2800_fpu32.lib : e_powf.obj (.econst)
                  0000d622    00000021     UI.obj (.econst:.string:_$P$T3$4)
                  0000d643    0000001d     UI.obj (.econst:.string:_$P$T4$5)
                  0000d660    00000012     UI.obj (.econst:.string:_$P$T6$7)
                  0000d672    00000011     UI.obj (.econst:.string:_$P$T5$6)
                  0000d683    00000001     --HOLE-- [fill = 0]
                  0000d684    00000010     main.obj (.econst:_$P$T0$8)
                  0000d694    00000010     rts2800_fpu32.lib : e_log2f.obj (.econst)
                  0000d6a4    0000000b     UI.obj (.econst:.string:_$P$T7$8)
                  0000d6af    00000001     --HOLE-- [fill = 0]
                  0000d6b0    0000000a     rts2800_fpu32.lib : s_atanf.obj (.econst:_aT)
                  0000d6ba    00000008                       : s_atanf.obj (.econst:_atanhi)
                  0000d6c2    00000008                       : s_atanf.obj (.econst:_atanlo)
                  0000d6ca    00000007     UI.obj (.econst:.string:_$P$T16$17)
                  0000d6d1    00000007     UI.obj (.econst:.string:_$P$T24$25)
                  0000d6d8    00000007     UI.obj (.econst:.string:_$P$T29$30)
                  0000d6df    00000007     UI.obj (.econst:.string:_$P$T31$32)
                  0000d6e6    00000007     UI.obj (.econst:.string:_$P$T32$33)
                  0000d6ed    00000007     UI.obj (.econst:.string:_$P$T33$34)
                  0000d6f4    00000007     UI.obj (.econst:.string:_$P$T34$35)
                  0000d6fb    00000007     UI.obj (.econst:.string:_$P$T35$36)
                  0000d702    00000007     UI.obj (.econst:.string:_$P$T36$37)
                  0000d709    00000006     UI.obj (.econst:.string:_$P$T15$16)
                  0000d70f    00000006     UI.obj (.econst:.string:_$P$T19$20)
                  0000d715    00000006     UI.obj (.econst:.string:_$P$T2$3)
                  0000d71b    00000006     UI.obj (.econst:.string:_$P$T30$31)
                  0000d721    00000006     UI.obj (.econst:.string:_$P$T43$44)
                  0000d727    00000001     --HOLE-- [fill = 0]
                  0000d728    00000006     rts2800_fpu32.lib : s_scalbnf.obj (.econst)
                  0000d72e    00000005     UI.obj (.econst:.string:_$P$T0$1)
                  0000d733    00000005     UI.obj (.econst:.string:_$P$T17$18)
                  0000d738    00000005     UI.obj (.econst:.string:_$P$T37$38)
                  0000d73d    00000005     UI.obj (.econst:.string:_$P$T39$40)
                  0000d742    00000005     UI.obj (.econst:.string:_$P$T40$41)
                  0000d747    00000005     UI.obj (.econst:.string:_$P$T42$43)
                  0000d74c    00000005     UI.obj (.econst:.string:_$P$T45$48)
                  0000d751    00000004     UI.obj (.econst:.string:_$P$T1$2)
                  0000d755    00000004     UI.obj (.econst:.string:_$P$T18$19)
                  0000d759    00000004     UI.obj (.econst:.string:_$P$T38$39)
                  0000d75d    00000004     UI.obj (.econst:.string:_$P$T41$42)
                  0000d761    00000004     UI.obj (.econst:.string:_$P$T44$47)
                  0000d765    00000004     UI.obj (.econst:.string:_$P$T8$9)
                  0000d769    00000004     main.obj (.econst:_$P$T1$9)
                  0000d76d    00000001     --HOLE-- [fill = 0]
                  0000d76e    00000004     rts2800_fpu32.lib : e_powf.obj (.econst:_bp)
                  0000d772    00000004                       : e_powf.obj (.econst:_dp_h)
                  0000d776    00000004                       : e_powf.obj (.econst:_dp_l)
                  0000d77a    00000004                       : s_atanf.obj (.econst)
                  0000d77e    00000003     UI.obj (.econst:.string:_$P$T14$15)
                  0000d781    00000003     UI.obj (.econst:.string:_$P$T9$10)
                  0000d784    00000002     UI.obj (.econst:.string:_$P$T10$11)
                  0000d786    00000002     UI.obj (.econst:.string:_$P$T11$12)
                  0000d788    00000002     UI.obj (.econst:.string:_$P$T12$13)
                  0000d78a    00000002     UI.obj (.econst:.string:_$P$T13$14)
                  0000d78c    00000002     UI.obj (.econst:.string:_$P$T20$21)
                  0000d78e    00000002     UI.obj (.econst:.string:_$P$T21$22)
                  0000d790    00000002     UI.obj (.econst:.string:_$P$T22$23)
                  0000d792    00000002     UI.obj (.econst:.string:_$P$T23$24)
                  0000d794    00000002     UI.obj (.econst:.string:_$P$T25$26)
                  0000d796    00000002     UI.obj (.econst:.string:_$P$T26$27)
                  0000d798    00000002     UI.obj (.econst:.string:_$P$T27$28)
                  0000d79a    00000002     UI.obj (.econst:.string:_$P$T28$29)
                  0000d79c    00000002     UI.obj (.econst:.string:_$P$T46$50)
                  0000d79e    00000002     UI.obj (.econst:.string:_$P$T47$51)
                  0000d7a0    00000002     UI.obj (.econst:.string:_$P$T48$52)
                  0000d7a2    00000002     UI.obj (.econst:.string:_$P$T49$53)
                  0000d7a4    00000002     UI.obj (.econst:.string:_$P$T50$54)
                  0000d7a6    00000002     UI.obj (.econst:.string:_$P$T51$55)
                  0000d7a8    00000002     UI.obj (.econst:.string:_$P$T52$56)
                  0000d7aa    00000002     UI.obj (.econst:.string:_$P$T53$57)
                  0000d7ac    00000002     UI.obj (.econst:.string:_$P$T54$58)
                  0000d7ae    00000002     UI.obj (.econst:.string:_$P$T55$59)
                  0000d7b0    00000002     UI.obj (.econst:.string:_$P$T56$60)
                  0000d7b2    00000002     UI.obj (.econst:.string:_$P$T57$61)
                  0000d7b4    00000002     UI.obj (.econst:.string:_$P$T58$62)
                  0000d7b6    00000002     UI.obj (.econst:.string:_$P$T59$63)

DevEmuRegsFile 
*          1    00000880    000000d0     UNINITIALIZED
                  00000880    000000d0     DSP2833x_GlobalVariableDefs.obj (DevEmuRegsFile)

FlashRegsFile 
*          1    00000a80    00000008     UNINITIALIZED
                  00000a80    00000008     DSP2833x_GlobalVariableDefs.obj (FlashRegsFile)

CsmRegsFile 
*          1    00000ae0    00000010     UNINITIALIZED
                  00000ae0    00000010     DSP2833x_GlobalVariableDefs.obj (CsmRegsFile)

AdcMirrorFile 
*          1    00000b00    00000010     UNINITIALIZED
                  00000b00    00000010     DSP2833x_GlobalVariableDefs.obj (AdcMirrorFile)

XintfRegsFile 
*          1    00000b20    0000001e     UNINITIALIZED
                  00000b20    0000001e     DSP2833x_GlobalVariableDefs.obj (XintfRegsFile)

CpuTimer0RegsFile 
*          1    00000c00    00000008     UNINITIALIZED
                  00000c00    00000008     DSP2833x_GlobalVariableDefs.obj (CpuTimer0RegsFile)

CpuTimer1RegsFile 
*          1    00000c08    00000008     UNINITIALIZED
                  00000c08    00000008     DSP2833x_GlobalVariableDefs.obj (CpuTimer1RegsFile)

CpuTimer2RegsFile 
*          1    00000c10    00000008     UNINITIALIZED
                  00000c10    00000008     DSP2833x_GlobalVariableDefs.obj (CpuTimer2RegsFile)

PieCtrlRegsFile 
*          1    00000ce0    0000001a     UNINITIALIZED
                  00000ce0    0000001a     DSP2833x_GlobalVariableDefs.obj (PieCtrlRegsFile)

PieVectTableFile 
*          1    00000d00    00000100     UNINITIALIZED
                  00000d00    00000100     DSP2833x_GlobalVariableDefs.obj (PieVectTableFile)

DmaRegsFile 
*          1    00001000    000000e0     UNINITIALIZED
                  00001000    000000e0     DSP2833x_GlobalVariableDefs.obj (DmaRegsFile)

McbspaRegsFile 
*          1    00005000    00000025     UNINITIALIZED
                  00005000    00000025     DSP2833x_GlobalVariableDefs.obj (McbspaRegsFile)

McbspbRegsFile 
*          1    00005040    00000025     UNINITIALIZED
                  00005040    00000025     DSP2833x_GlobalVariableDefs.obj (McbspbRegsFile)

ECanaRegsFile 
*          1    00006000    00000034     UNINITIALIZED
                  00006000    00000034     DSP2833x_GlobalVariableDefs.obj (ECanaRegsFile)

ECanaLAMRegsFile 
*          1    00006040    00000040     UNINITIALIZED
                  00006040    00000040     DSP2833x_GlobalVariableDefs.obj (ECanaLAMRegsFile)

ECanaMOTSRegsFile 
*          1    00006080    00000040     UNINITIALIZED
                  00006080    00000040     DSP2833x_GlobalVariableDefs.obj (ECanaMOTSRegsFile)

ECanaMOTORegsFile 
*          1    000060c0    00000040     UNINITIALIZED
                  000060c0    00000040     DSP2833x_GlobalVariableDefs.obj (ECanaMOTORegsFile)

ECanaMboxesFile 
*          1    00006100    00000100     UNINITIALIZED
                  00006100    00000100     DSP2833x_GlobalVariableDefs.obj (ECanaMboxesFile)

ECanbRegsFile 
*          1    00006200    00000034     UNINITIALIZED
                  00006200    00000034     DSP2833x_GlobalVariableDefs.obj (ECanbRegsFile)

ECanbLAMRegsFile 
*          1    00006240    00000040     UNINITIALIZED
                  00006240    00000040     DSP2833x_GlobalVariableDefs.obj (ECanbLAMRegsFile)

ECanbMOTSRegsFile 
*          1    00006280    00000040     UNINITIALIZED
                  00006280    00000040     DSP2833x_GlobalVariableDefs.obj (ECanbMOTSRegsFile)

ECanbMOTORegsFile 
*          1    000062c0    00000040     UNINITIALIZED
                  000062c0    00000040     DSP2833x_GlobalVariableDefs.obj (ECanbMOTORegsFile)

ECanbMboxesFile 
*          1    00006300    00000100     UNINITIALIZED
                  00006300    00000100     DSP2833x_GlobalVariableDefs.obj (ECanbMboxesFile)

EPwm1RegsFile 
*          1    00006800    00000022     UNINITIALIZED
                  00006800    00000022     DSP2833x_GlobalVariableDefs.obj (EPwm1RegsFile)

EPwm2RegsFile 
*          1    00006840    00000022     UNINITIALIZED
                  00006840    00000022     DSP2833x_GlobalVariableDefs.obj (EPwm2RegsFile)

EPwm3RegsFile 
*          1    00006880    00000022     UNINITIALIZED
                  00006880    00000022     DSP2833x_GlobalVariableDefs.obj (EPwm3RegsFile)

EPwm4RegsFile 
*          1    000068c0    00000022     UNINITIALIZED
                  000068c0    00000022     DSP2833x_GlobalVariableDefs.obj (EPwm4RegsFile)

EPwm5RegsFile 
*          1    00006900    00000022     UNINITIALIZED
                  00006900    00000022     DSP2833x_GlobalVariableDefs.obj (EPwm5RegsFile)

EPwm6RegsFile 
*          1    00006940    00000022     UNINITIALIZED
                  00006940    00000022     DSP2833x_GlobalVariableDefs.obj (EPwm6RegsFile)

ECap1RegsFile 
*          1    00006a00    00000020     UNINITIALIZED
                  00006a00    00000020     DSP2833x_GlobalVariableDefs.obj (ECap1RegsFile)

ECap2RegsFile 
*          1    00006a20    00000020     UNINITIALIZED
                  00006a20    00000020     DSP2833x_GlobalVariableDefs.obj (ECap2RegsFile)

ECap3RegsFile 
*          1    00006a40    00000020     UNINITIALIZED
                  00006a40    00000020     DSP2833x_GlobalVariableDefs.obj (ECap3RegsFile)

ECap4RegsFile 
*          1    00006a60    00000020     UNINITIALIZED
                  00006a60    00000020     DSP2833x_GlobalVariableDefs.obj (ECap4RegsFile)

ECap5RegsFile 
*          1    00006a80    00000020     UNINITIALIZED
                  00006a80    00000020     DSP2833x_GlobalVariableDefs.obj (ECap5RegsFile)

ECap6RegsFile 
*          1    00006aa0    00000020     UNINITIALIZED
                  00006aa0    00000020     DSP2833x_GlobalVariableDefs.obj (ECap6RegsFile)

EQep1RegsFile 
*          1    00006b00    00000040     UNINITIALIZED
                  00006b00    00000040     DSP2833x_GlobalVariableDefs.obj (EQep1RegsFile)

EQep2RegsFile 
*          1    00006b40    00000040     UNINITIALIZED
                  00006b40    00000040     DSP2833x_GlobalVariableDefs.obj (EQep2RegsFile)

GpioCtrlRegsFile 
*          1    00006f80    0000002e     UNINITIALIZED
                  00006f80    0000002e     DSP2833x_GlobalVariableDefs.obj (GpioCtrlRegsFile)

GpioDataRegsFile 
*          1    00006fc0    00000020     UNINITIALIZED
                  00006fc0    00000020     DSP2833x_GlobalVariableDefs.obj (GpioDataRegsFile)

GpioIntRegsFile 
*          1    00006fe0    0000000a     UNINITIALIZED
                  00006fe0    0000000a     DSP2833x_GlobalVariableDefs.obj (GpioIntRegsFile)

SysCtrlRegsFile 
*          1    00007010    00000020     UNINITIALIZED
                  00007010    00000020     DSP2833x_GlobalVariableDefs.obj (SysCtrlRegsFile)

SpiaRegsFile 
*          1    00007040    00000010     UNINITIALIZED
                  00007040    00000010     DSP2833x_GlobalVariableDefs.obj (SpiaRegsFile)

SciaRegsFile 
*          1    00007050    00000010     UNINITIALIZED
                  00007050    00000010     DSP2833x_GlobalVariableDefs.obj (SciaRegsFile)

XIntruptRegsFile 
*          1    00007070    00000010     UNINITIALIZED
                  00007070    00000010     DSP2833x_GlobalVariableDefs.obj (XIntruptRegsFile)

AdcRegsFile 
*          1    00007100    0000001e     UNINITIALIZED
                  00007100    0000001e     DSP2833x_GlobalVariableDefs.obj (AdcRegsFile)

ScibRegsFile 
*          1    00007750    00000010     UNINITIALIZED
                  00007750    00000010     DSP2833x_GlobalVariableDefs.obj (ScibRegsFile)

ScicRegsFile 
*          1    00007770    00000010     UNINITIALIZED
                  00007770    00000010     DSP2833x_GlobalVariableDefs.obj (ScicRegsFile)

I2caRegsFile 
*          1    00007900    00000022     UNINITIALIZED
                  00007900    00000022     DSP2833x_GlobalVariableDefs.obj (I2caRegsFile)

DMARAML5   1    0000d7b8    00000004     UNINITIALIZED
                  0000d7b8    00000004     main.obj (DMARAML5)

EFFECTRAM6 
*          1    0000e000    00000178     UNINITIALIZED
                  0000e000    00000178     main.obj (EFFECTRAM6)

.reset     0    003fffc0    00000002     DSECT
                  003fffc0    00000002     rts2800_fpu32.lib : boot28.obj (.reset)

csm_rsvd   0    0033ff80    00000076     DSECT
                  0033ff80    00000076     DSP2833x_CSMPasswords.obj (csm_rsvd)

csmpasswds 
*          0    0033fff8    00000008     DSECT
                  0033fff8    00000008     DSP2833x_CSMPasswords.obj (csmpasswds)

CsmPwlFile 
*          1    0033fff8    00000008     UNINITIALIZED
                  0033fff8    00000008     DSP2833x_GlobalVariableDefs.obj (CsmPwlFile)

PartIdRegsFile 
*          1    00380090    00000001     UNINITIALIZED
                  00380090    00000001     DSP2833x_GlobalVariableDefs.obj (PartIdRegsFile)

MODULE SUMMARY

       Module                            code    initialized data   uninitialized data
       ------                            ----    ----------------   ------------------
    .\
       main.obj                          3552    327                166587            
       UI.obj                            3424    1439               1460              
       AsciiLib.obj                      32      1520               0                 
       LCD.obj                           786     0                  0                 
       MDF_init.obj                      446     0                  0                 
    +--+---------------------------------+-------+------------------+--------------------+
       Total:                            8240    3286               168047            
                                                                                      
    .\common\
       DSP2833x_DefaultIsr.obj           790     0                  0                 
       DSP2833x_Mcbsp.obj                363     0                  0                 
       DSP2833x_SysCtrl.obj              239     0                  0                 
       AIC23_SPI_control.obj             183     0                  0                 
       DSP2833x_CpuTimers.obj            115     0                  24                
       AIC23.obj                         66      0                  0                 
       DSP2833x_PieCtrl.obj              40      0                  0                 
       DSP2833x_CodeStartBranch.obj      10      0                  0                 
       DSP2833x_DisInt.obj               7       0                  0                 
       DSP2833x_usDelay.obj              4       0                  0                 
    +--+---------------------------------+-------+------------------+--------------------+
       Total:                            1817    0                  24                
                                                                                      
    .\headers\
       DSP2833x_GlobalVariableDefs.obj   0       0                  2679              
    +--+---------------------------------+-------+------------------+--------------------+
       Total:                            0       0                  2679              
                                                                                      
    C:\ti\ccsv7\tools\compiler\ti-cgt-c2000_16.9.6.LTS\lib\rts2800_fpu32.lib
       e_powf.obj                        896     62                 0                 
       s_atanf.obj                       203     30                 0                 
       e_log2f.obj                       204     16                 0                 
       fs_div28.obj                      136     0                  0                 
       s_scalbnf.obj                     98      6                  0                 
       s_cosf.obj                        97      0                  0                 
       s_tanf.obj                        97      0                  0                 
       s_sinf.obj                        88      0                  0                 
       boot28.obj                        86      0                  0                 
       exit.obj                          41      14                 6                 
       e_sqrtf.obj                       37      0                  0                 
       cpy_tbl.obj                       36      0                  0                 
       i_div28.obj                       34      0                  0                 
       ll_cmp28.obj                      30      0                  0                 
       memcpy.obj                        30      0                  0                 
       args_main.obj                     25      0                  0                 
       _lock.obj                         9       10                 4                 
       s_copysignf.obj                   17      0                  0                 
       errno.obj                         0       4                  1                 
       pre_init.obj                      2       0                  0                 
       startup.obj                       1       0                  0                 
    +--+---------------------------------+-------+------------------+--------------------+
       Total:                            2167    142                11                
                                                                                      
       Stack:                            0       0                  768               
    +--+---------------------------------+-------+------------------+--------------------+
       Grand Total:                      12224   3428               171529            


GLOBAL DATA SYMBOLS: SORTED BY DATA PAGE

address     data page           name
--------    ----------------    ----
00000400      10 (00000400)     __stack

00000880      22 (00000880)     _DevEmuRegs

00000a80      2a (00000a80)     _FlashRegs

00000ae0      2b (00000ac0)     _CsmRegs

00000b00      2c (00000b00)     _AdcMirror
00000b20      2c (00000b00)     _XintfRegs

00000c00      30 (00000c00)     _CpuTimer0Regs
00000c08      30 (00000c00)     _CpuTimer1Regs
00000c10      30 (00000c00)     _CpuTimer2Regs

00000ce0      33 (00000cc0)     _PieCtrlRegs

00000d00      34 (00000d00)     _PieVectTable

00001000      40 (00001000)     _DmaRegs

00005000     140 (00005000)     _McbspaRegs

00005040     141 (00005040)     _McbspbRegs

00006000     180 (00006000)     _ECanaRegs

00006040     181 (00006040)     _ECanaLAMRegs

00006080     182 (00006080)     _ECanaMOTSRegs

000060c0     183 (000060c0)     _ECanaMOTORegs

00006100     184 (00006100)     _ECanaMboxes

00006200     188 (00006200)     _ECanbRegs

00006240     189 (00006240)     _ECanbLAMRegs

00006280     18a (00006280)     _ECanbMOTSRegs

000062c0     18b (000062c0)     _ECanbMOTORegs

00006300     18c (00006300)     _ECanbMboxes

00006800     1a0 (00006800)     _EPwm1Regs

00006840     1a1 (00006840)     _EPwm2Regs

00006880     1a2 (00006880)     _EPwm3Regs

000068c0     1a3 (000068c0)     _EPwm4Regs

00006900     1a4 (00006900)     _EPwm5Regs

00006940     1a5 (00006940)     _EPwm6Regs

00006a00     1a8 (00006a00)     _ECap1Regs
00006a20     1a8 (00006a00)     _ECap2Regs

00006a40     1a9 (00006a40)     _ECap3Regs
00006a60     1a9 (00006a40)     _ECap4Regs

00006a80     1aa (00006a80)     _ECap5Regs
00006aa0     1aa (00006a80)     _ECap6Regs

00006b00     1ac (00006b00)     _EQep1Regs

00006b40     1ad (00006b40)     _EQep2Regs

00006f80     1be (00006f80)     _GpioCtrlRegs

00006fc0     1bf (00006fc0)     _GpioDataRegs
00006fe0     1bf (00006fc0)     _GpioIntRegs

00007010     1c0 (00007000)     _SysCtrlRegs

00007040     1c1 (00007040)     _SpiaRegs
00007050     1c1 (00007040)     _SciaRegs
00007070     1c1 (00007040)     _XIntruptRegs

00007100     1c4 (00007100)     _AdcRegs

00007750     1dd (00007740)     _ScibRegs
00007770     1dd (00007740)     _ScicRegs

00007900     1e4 (00007900)     _I2caRegs

0000c000     300 (0000c000)     _Button3_count
0000c001     300 (0000c000)     _Button2_count
0000c002     300 (0000c000)     _ButtonUp_count
0000c003     300 (0000c000)     _Button4_count
0000c004     300 (0000c000)     _p_buff_size
0000c005     300 (0000c000)     _nextCounter2
0000c006     300 (0000c000)     _nextHold
0000c007     300 (0000c000)     _Xint_count
0000c008     300 (0000c000)     _uart_i
0000c009     300 (0000c000)     _Button1_count
0000c00a     300 (0000c000)     _toggler
0000c00b     300 (0000c000)     _ii
0000c00c     300 (0000c000)     _ext_prev_inter
0000c00d     300 (0000c000)     _interpol_inc
0000c00e     300 (0000c000)     _dummy_index
0000c00f     300 (0000c000)     _zcrosstrig
0000c010     300 (0000c000)     _ButtonDown_count
0000c011     300 (0000c000)     _temp_count_offset
0000c012     300 (0000c000)     _temp_index
0000c013     300 (0000c000)     _effectsel
0000c014     300 (0000c000)     _zcross_period
0000c015     300 (0000c000)     _activateEffect
0000c016     300 (0000c000)     _timer_delay
0000c017     300 (0000c000)     _timer_reset
0000c018     300 (0000c000)     _fb
0000c019     300 (0000c000)     _r_flag1
0000c01a     300 (0000c000)     _r_flag2
0000c01b     300 (0000c000)     _d_flag
0000c01c     300 (0000c000)     _t1_flag
0000c01d     300 (0000c000)     _first_interrupt
0000c01e     300 (0000c000)     _nextCounter
0000c01f     300 (0000c000)     _deactivateCounter
0000c020     300 (0000c000)     _scib_rx
0000c021     300 (0000c000)     _scib_gyro
0000c022     300 (0000c000)     _uart_step
0000c023     300 (0000c000)     _delay_const
0000c024     300 (0000c000)     _delay
0000c025     300 (0000c000)     _gyro_pos
0000c026     300 (0000c000)     _gyro_pos_prev
0000c027     300 (0000c000)     _state_change_flag
0000c028     300 (0000c000)     _ext_index
0000c029     300 (0000c000)     _p2
0000c02a     300 (0000c000)     _temp_d
0000c02b     300 (0000c000)     _activateCounter
0000c02c     300 (0000c000)     _p1
0000c02d     300 (0000c000)     _prevcountstart
0000c02e     300 (0000c000)     _ext_Buffer_size
0000c02f     300 (0000c000)     _closest_d
0000c030     300 (0000c000)     _ext_prev

0000c04e     301 (0000c040)     _ping_buff_offset
0000c050     301 (0000c040)     _R_channel
0000c052     301 (0000c040)     _ch1_ptr
0000c054     301 (0000c040)     _pong_buff_offset
0000c056     301 (0000c040)     _L_channel
0000c058     301 (0000c040)     _accel_mag
0000c05a     301 (0000c040)     _gyro_vol
0000c05c     301 (0000c040)     _echo_Buffer_size
0000c060     301 (0000c040)     _k
0000c068     301 (0000c040)     _fastDataMode
0000c06c     301 (0000c040)     _sample_delay

0000c098     302 (0000c080)     _address

0000c0c0     303 (0000c0c0)     _buffer_uart

0000c140     305 (0000c140)     _dummy_buffer

0000c940     325 (0000c940)     _ButtonUp
0000c941     325 (0000c940)     _Switch1
0000c942     325 (0000c940)     _ButtonDown
0000c943     325 (0000c940)     _Button4
0000c944     325 (0000c940)     _Button2
0000c945     325 (0000c940)     _Button1
0000c946     325 (0000c940)     _Button3
0000c94a     325 (0000c940)     _Switch3
0000c94b     325 (0000c940)     _Switch2
0000c94c     325 (0000c940)     _rx_flag
0000c94d     325 (0000c940)     _Switch4
0000c94e     325 (0000c940)     _value2_init
0000c95c     325 (0000c940)     _value1_init

0000c980     326 (0000c980)     _Global_Board_State

0000c9c0     327 (0000c9c0)     _Prev_Board_State

0000ca00     328 (0000ca00)     _param1_names

0000ca40     329 (0000ca40)     _param2_names

0000ca80     32a (0000ca80)     _Global_FXLib

0000cb40     32d (0000cb40)     _FX_names

0000cc00     330 (0000cc00)     _note_names

0000cef4     33b (0000cec0)     ___TI_enable_exit_profile_output
0000cef6     33b (0000cec0)     ___TI_cleanup_ptr
0000cef8     33b (0000cec0)     ___TI_dtors_ptr
0000cefa     33b (0000cec0)     __lock
0000cefc     33b (0000cec0)     __unlock
0000cefe     33b (0000cec0)     _errno

0000cf00     33c (0000cf00)     _CpuTimer1
0000cf08     33c (0000cf00)     _CpuTimer2
0000cf10     33c (0000cf00)     _CpuTimer0

0000d7b8     35e (0000d780)     _pong_buffer
0000d7ba     35e (0000d780)     _ping_buffer

0000e000     380 (0000e000)     _sample
0000e00b     380 (0000e000)     _zcross_pos
0000e016     380 (0000e000)     _zcross_neg
0000e022     380 (0000e000)     _pitch_shift
0000e030     380 (0000e000)     _dig_delay

0000e040     381 (0000e040)     _imu_dat
0000e054     381 (0000e040)     _flang

0000e080     382 (0000e080)     _tremolo

0000e0c0     383 (0000e0c0)     _wah_svf

0000e100     384 (0000e100)     _bass_svf

0000e140     385 (0000e140)     _treble_svf

00100000    4000 (00100000)     _ext_Buffer

00108000    4200 (00108000)     _echo_Buffer

0033fff8    cfff (0033ffc0)     _CsmPwl

00380090    e002 (00380080)     _PartIdRegs


GLOBAL SYMBOLS: SORTED ALPHABETICALLY BY Name 

page  address   name                            
----  -------   ----                            
0     00009000  .text                           
0     0000be5d  C$$EXIT                         
0     0000bb4e  FS$$DIV                         
0     0000bef7  I$$DIV                          
0     0000bf08  I$$MOD                          
0     0000bf39  LL$$CMP                         
0     0000bf4b  ULL$$CMP                        
0     0000ad8a  _ADCINT_ISR                     
1     00000b00  _AdcMirror                      
1     00007100  _AdcRegs                        
0     000099d6  _Attempt_RF_Connect             
0     000099b3  _BT_Connect                     
1     0000c945  _Button1                        
1     0000c009  _Button1_count                  
1     0000c944  _Button2                        
1     0000c001  _Button2_count                  
1     0000c946  _Button3                        
1     0000c000  _Button3_count                  
1     0000c943  _Button4                        
1     0000c003  _Button4_count                  
1     0000c942  _ButtonDown                     
1     0000c010  _ButtonDown_count               
1     0000c940  _ButtonUp                       
1     0000c002  _ButtonUp_count                 
0     0000be51  _CLKsampleratecontrol           
0     00009d53  _Clear_Buttons                  
0     0000bc0f  _ConfigCpuTimer                 
1     0000cf10  _CpuTimer0                      
1     00000c00  _CpuTimer0Regs                  
1     0000cf00  _CpuTimer1                      
1     00000c08  _CpuTimer1Regs                  
1     0000cf08  _CpuTimer2                      
1     00000c10  _CpuTimer2Regs                  
1     0033fff8  _CsmPwl                         
1     00000ae0  _CsmRegs                        
0     0000b8cf  _CsmUnlock                      
0     0000acb8  _DATALOG_ISR                    
0     0000aeac  _DINTCH1_ISR                    
0     0000aeb6  _DINTCH2_ISR                    
0     0000aec0  _DINTCH3_ISR                    
0     0000aeca  _DINTCH4_ISR                    
0     0000aed4  _DINTCH5_ISR                    
0     0000aede  _DINTCH6_ISR                    
0     0000bfb0  _DSP28x_DisableInt              
0     0000bfb4  _DSP28x_RestoreInt              
0     000085b2  _DSP28x_usDelay                 
0     0000be45  _DSPdigaudinterface             
1     00000880  _DevEmuRegs                     
0     0000b822  _DisableDog                     
1     00001000  _DmaRegs                        
0     0000af38  _ECAN0INTA_ISR                  
0     0000af4c  _ECAN0INTB_ISR                  
0     0000af42  _ECAN1INTA_ISR                  
0     0000af56  _ECAN1INTB_ISR                  
0     0000ae20  _ECAP1_INT_ISR                  
0     0000ae2a  _ECAP2_INT_ISR                  
0     0000ae34  _ECAP3_INT_ISR                  
0     0000ae3e  _ECAP4_INT_ISR                  
0     0000ae48  _ECAP5_INT_ISR                  
0     0000ae52  _ECAP6_INT_ISR                  
1     00006040  _ECanaLAMRegs                   
1     000060c0  _ECanaMOTORegs                  
1     00006080  _ECanaMOTSRegs                  
1     00006100  _ECanaMboxes                    
1     00006000  _ECanaRegs                      
1     00006240  _ECanbLAMRegs                   
1     000062c0  _ECanbMOTORegs                  
1     00006280  _ECanbMOTSRegs                  
1     00006300  _ECanbMboxes                    
1     00006200  _ECanbRegs                      
1     00006a00  _ECap1Regs                      
1     00006a20  _ECap2Regs                      
1     00006a40  _ECap3Regs                      
1     00006a60  _ECap4Regs                      
1     00006a80  _ECap5Regs                      
1     00006aa0  _ECap6Regs                      
0     0000accc  _EMUINT_ISR                     
0     0000ade4  _EPWM1_INT_ISR                  
0     0000ada8  _EPWM1_TZINT_ISR                
0     0000adee  _EPWM2_INT_ISR                  
0     0000adb2  _EPWM2_TZINT_ISR                
0     0000adf8  _EPWM3_INT_ISR                  
0     0000adbc  _EPWM3_TZINT_ISR                
0     0000ae02  _EPWM4_INT_ISR                  
0     0000adc6  _EPWM4_TZINT_ISR                
0     0000ae0c  _EPWM5_INT_ISR                  
0     0000add0  _EPWM5_TZINT_ISR                
0     0000ae16  _EPWM6_INT_ISR                  
0     0000adda  _EPWM6_TZINT_ISR                
1     00006800  _EPwm1Regs                      
1     00006840  _EPwm2Regs                      
1     00006880  _EPwm3Regs                      
1     000068c0  _EPwm4Regs                      
1     00006900  _EPwm5Regs                      
1     00006940  _EPwm6Regs                      
0     0000ae5c  _EQEP1_INT_ISR                  
0     0000ae66  _EQEP2_INT_ISR                  
1     00006b00  _EQep1Regs                      
1     00006b40  _EQep2Regs                      
0     0000bea5  _EnableInterrupts               
1     0000cb40  _FX_names                       
1     00000a80  _FlashRegs                      
0     0000bf19  _GetASCIICode                   
1     0000c980  _Global_Board_State             
1     0000ca80  _Global_FXLib                   
1     00006f80  _GpioCtrlRegs                   
1     00006fc0  _GpioDataRegs                   
1     00006fe0  _GpioIntRegs                    
0     0000aee8  _I2CINT1A_ISR                   
0     0000aef2  _I2CINT2A_ISR                   
0     0000be48  _I2Sdigaudinterface             
1     00007900  _I2caRegs                       
0     0000ace0  _ILLEGAL_ISR                    
0     0000aca4  _INT13_ISR                      
0     0000acae  _INT14_ISR                      
0     0000bbd6  _InitCpuTimers                  
0     0000b6a6  _InitMcbsp                      
0     0000b77f  _InitMcbspGpio                  
0     0000b6ab  _InitMcbspa                     
0     0000b70a  _InitMcbspa12bit                
0     0000b715  _InitMcbspa16bit                
0     0000b720  _InitMcbspa20bit                
0     0000b72b  _InitMcbspa24bit                
0     0000b736  _InitMcbspa32bit                
0     0000b703  _InitMcbspa8bit                 
0     0000b784  _InitMcbspaGpio                 
0     0000b6d7  _InitMcbspb                     
0     0000b748  _InitMcbspb12bit                
0     0000b753  _InitMcbspb16bit                
0     0000b75e  _InitMcbspb20bit                
0     0000b769  _InitMcbspb24bit                
0     0000b774  _InitMcbspb32bit                
0     0000b741  _InitMcbspb8bit                 
0     0000b7bd  _InitMcbspbGpio                 
0     0000b87b  _InitPeripheralClocks           
0     0000be86  _InitPieCtrl                    
0     0000b82a  _InitPll                        
0     0000b811  _InitSysCtrl                    
0     0000b591  _Init_gpioUI                    
0     0000b579  _Init_timer1                    
0     00009a09  _Initialize_Board               
0     0000b184  _LCD_Clear                      
0     0000b0f0  _LCD_DrawRectangle              
0     0000b1dc  _LCD_Init                       
0     0000b1d0  _LCD_ReadPixelColor             
0     0000b1ba  _LCD_SetPoint                   
0     0000b144  _LCD_Text                       
0     0000af9c  _LUF_ISR                        
0     0000af92  _LVF_ISR                        
1     0000c056  _L_channel                      
0     0000ae98  _MRINTA_ISR                     
0     0000ae84  _MRINTB_ISR                     
0     0000aea2  _MXINTA_ISR                     
0     0000ae8e  _MXINTB_ISR                     
0     000099f2  _Main_Mode                      
1     00005000  _McbspaRegs                     
1     00005040  _McbspbRegs                     
0     0000acd6  _NMI_ISR                        
0     0000afa6  _PIE_RESERVED                   
1     00380090  _PartIdRegs                     
1     00000ce0  _PieCtrlRegs                    
1     00000d00  _PieVectTable                   
1     0000c9c0  _Prev_Board_State               
0     0000acc2  _RTOSINT_ISR                    
1     0000c050  _R_channel                      
0     0000af10  _SCIRXINTA_ISR                  
0     0000af24  _SCIRXINTB_ISR                  
0     0000aefc  _SCIRXINTC_ISR                  
0     0000af1a  _SCITXINTA_ISR                  
0     0000af2e  _SCITXINTB_ISR                  
0     0000af06  _SCITXINTC_ISR                  
0     0000ad62  _SEQ1INT_ISR                    
0     0000ad6c  _SEQ2INT_ISR                    
0     0000ae70  _SPIRXINTA_ISR                  
0     0000ae7a  _SPITXINTA_ISR                  
1     00007050  _SciaRegs                       
1     00007750  _ScibRegs                       
1     00007770  _ScicRegs                       
0     0000b818  _ServiceDog                     
1     00007040  _SpiaRegs                       
0     00009a13  _State_Change                   
0     00009941  _State_Initialize               
1     0000c941  _Switch1                        
1     0000c94b  _Switch2                        
1     0000c94a  _Switch3                        
1     0000c94d  _Switch4                        
1     00007010  _SysCtrlRegs                    
0     0000ad94  _TINT0_ISR                      
0     000099fe  _Tuner                          
0     00009409  _UI_LCD_Activate_FX_mode        
0     00009285  _UI_LCD_Deactivate_FX_mode      
0     0000981d  _UI_LCD_Effect_Change_Param     
0     0000958b  _UI_LCD_Effect_Setting_mode     
0     000097b5  _UI_LCD_Effect_Shift_Setting    
0     00009709  _UI_LCD_Flex_Mode_Change        
0     00009017  _UI_LCD_Logo_mode               
0     000090fa  _UI_LCD_Main_mode               
0     0000907c  _UI_LCD_RF_Connect_mode         
0     00009099  _UI_LCD_RF_Try_Again_mode       
0     00009875  _UI_LCD_Tune                    
0     00009848  _UI_LCD_Tuner_mode              
0     0000be4b  _USBsampleratecontrol           
0     0000ad44  _USER10_ISR                     
0     0000ad4e  _USER11_ISR                     
0     0000ad58  _USER12_ISR                     
0     0000acea  _USER1_ISR                      
0     0000acf4  _USER2_ISR                      
0     0000acfe  _USER3_ISR                      
0     0000ad08  _USER4_ISR                      
0     0000ad12  _USER5_ISR                      
0     0000ad1c  _USER6_ISR                      
0     0000ad26  _USER7_ISR                      
0     0000ad30  _USER8_ISR                      
0     0000ad3a  _USER9_ISR                      
0     0000ad9e  _WAKEINT_ISR                    
0     0000ad76  _XINT1_ISR                      
0     0000ad80  _XINT2_ISR                      
0     0000af60  _XINT3_ISR                      
0     0000af6a  _XINT4_ISR                      
0     0000af74  _XINT5_ISR                      
0     0000af7e  _XINT6_ISR                      
0     0000af88  _XINT7_ISR                      
1     00007070  _XIntruptRegs                   
1     0000c007  _Xint_count                     
1     00000b20  _XintfRegs                      
1     00000700  __STACK_END                     
abs   00000300  __STACK_SIZE                    
1     0000cef6  ___TI_cleanup_ptr               
1     0000cef8  ___TI_dtors_ptr                 
1     0000cef4  ___TI_enable_exit_profile_output
abs   ffffffff  ___TI_pprof_out_hndl            
abs   ffffffff  ___TI_prof_data_size            
abs   ffffffff  ___TI_prof_data_start           
abs   ffffffff  ___binit__                      
abs   ffffffff  ___c_args__                     
0     00008000  ___cinit__                      
0     0000bfba  ___etext__                      
abs   ffffffff  ___pinit__                      
0     00009000  ___text__                       
0     0000bf75  __args_main                     
1     0000cefa  __lock                          
0     0000bfa7  __nop                           
0     0000bfa3  __register_lock                 
0     0000bf9f  __register_unlock               
1     00000400  __stack                         
0     0000bfb9  __system_post_cinit             
0     0000bfb7  __system_pre_init               
1     0000cefc  __unlock                        
0     0000be3f  _aaudpath                       
0     0000be5d  _abort                          
1     0000c058  _accel_mag                      
1     0000c02b  _activateCounter                
1     0000c015  _activateEffect                 
1     0000c098  _address                        
0     0000badd  _aic23_init                     
0     0000b9cc  _atan                           
0     0000b9cc  _atanf                          
1     0000e100  _bass_svf                       
1     0000c0c0  _buffer_uart                    
0     0000bdc5  _c_int00                        
0     00009000  _cents                          
1     0000c052  _ch1_ptr                        
0     0000b7fb  _clkg_delay_loop                
1     0000c02f  _closest_d                      
0     0000bed3  _copy_in                        
0     0000bf8e  _copysign                       
0     0000bf8e  _copysignf                      
0     0000bcab  _cos                            
0     0000bcab  _cosf                           
1     0000c01b  _d_flag                         
1     0000c01f  _deactivateCounter              
1     0000c024  _delay                          
1     0000c023  _delay_const                    
0     0000b7e5  _delay_loop                     
1     0000e030  _dig_delay                      
0     0000be57  _digact                         
0     0000be42  _digaudiopath                   
1     0000c140  _dummy_buffer                   
1     0000c00e  _dummy_index                    
0     00108000  _echo_Buffer                    
1     0000c05c  _echo_Buffer_size               
1     0000c013  _effectsel                      
1     0000cefe  _errno                          
0     0000be5f  _exit                           
0     00100000  _ext_Buffer                     
1     0000c02e  _ext_Buffer_size                
1     0000c028  _ext_index                      
1     0000c030  _ext_prev                       
1     0000c00c  _ext_prev_inter                 
1     0000c068  _fastDataMode                   
1     0000c018  _fb                             
1     0000c01d  _first_interrupt                
1     0000e054  _flang                          
0     0000be1e  _fullpowerup                    
1     0000c025  _gyro_pos                       
1     0000c026  _gyro_pos_prev                  
1     0000c05a  _gyro_vol                       
1     0000c00b  _ii                             
1     0000e040  _imu_dat                        
0     0000b645  _init_Xintf                     
0     0000b4e8  _init_dma                       
0     0000ba97  _init_mcbsp_spi                 
0     0000b51d  _init_mcbspa                    
0     00009eeb  _init_structs                   
0     0000b65b  _init_uart                      
1     0000c00d  _interpol_inc                   
1     0000c060  _k                              
0     0000bc49  _ldexp                          
0     0000bc49  _ldexpf                         
0     0000be30  _lhp_volctl                     
0     0000be24  _linput_volctl                  
0     0000b367  _local_D_INTCH1_ISR             
0     0000b2e3  _local_SCIRXINTB_ISR            
0     0000b39e  _local_XINT1_ISR                
0     0000b414  _local_XINT3_ISR                
0     0000b449  _local_XINT4_ISR                
0     0000b47e  _local_XINT5_ISR                
0     0000b4b3  _local_XINT6_ISR                
0     0000b2cc  _local_timer_ISR                
0     0000b900  _log2                           
0     0000b900  _log2f                          
0     00009d60  _main                           
0     0000a020  _mano_del_fuego                 
0     0000bad3  _mcbsp_xmit                     
0     0000bf57  _memcpy                         
1     0000c01e  _nextCounter                    
1     0000c005  _nextCounter2                   
1     0000c006  _nextHold                       
0     0000be3c  _nomicaaudpath                  
0     0000be21  _nomicpowerup                   
1     0000cc00  _note_names                     
1     0000c02c  _p1                             
1     0000c029  _p2                             
1     0000c004  _p_buff_size                    
1     0000ca00  _param1_names                   
1     0000ca40  _param2_names                   
1     0000c04e  _ping_buff_offset               
1     0000d7ba  _ping_buffer                    
1     0000e022  _pitch_shift                    
1     0000c054  _pong_buff_offset               
1     0000d7b8  _pong_buffer                    
0     0000a924  _pow                            
0     0000a924  _powf                           
1     0000c02d  _prevcountstart                 
1     0000c019  _r_flag1                        
1     0000c01a  _r_flag2                        
0     0000be5a  _reset                          
0     0000be36  _rhp_volctl                     
0     0000be2a  _rinput_volctl                  
0     0000afb0  _rsvd_ISR                       
1     0000c94c  _rx_flag                        
1     0000e000  _sample                         
1     0000c06c  _sample_delay                   
0     0000bc49  _scalbn                         
0     0000bc49  _scalbnf                        
0     0000b69b  _sci_receive                    
1     0000c021  _scib_gyro                      
1     0000c020  _scib_rx                        
0     0000b68f  _scib_xmit                      
0     0000bd6d  _sin                            
0     0000bd6d  _sinf                           
0     0000be1b  _softpowerdown                  
0     0000beae  _sqrt                           
0     0000beae  _sqrtf                          
1     0000c027  _state_change_flag              
1     0000c01c  _t1_flag                        
0     0000bd0c  _tan                            
0     0000bd0c  _tanf                           
1     0000c011  _temp_count_offset              
1     0000c02a  _temp_d                         
1     0000c012  _temp_index                     
1     0000c016  _timer_delay                    
1     0000c017  _timer_reset                    
1     0000c00a  _toggler                        
1     0000e140  _treble_svf                     
1     0000e080  _tremolo                        
1     0000c008  _uart_i                         
1     0000c022  _uart_step                      
1     0000c95c  _value1_init                    
1     0000c94e  _value2_init                    
1     0000e0c0  _wah_svf                        
1     0000e016  _zcross_neg                     
1     0000c014  _zcross_period                  
1     0000e00b  _zcross_pos                     
1     0000c00f  _zcrosstrig                     
abs   ffffffff  binit                           
0     00008000  cinit                           
0     00000000  code_start                      
0     0000bfba  etext                           
abs   ffffffff  pinit                           


GLOBAL SYMBOLS: SORTED BY Symbol Address 

page  address   name                            
----  -------   ----                            
0     00000000  code_start                      
0     00008000  ___cinit__                      
0     00008000  cinit                           
0     000085b2  _DSP28x_usDelay                 
0     00009000  .text                           
0     00009000  ___text__                       
0     00009000  _cents                          
0     00009017  _UI_LCD_Logo_mode               
0     0000907c  _UI_LCD_RF_Connect_mode         
0     00009099  _UI_LCD_RF_Try_Again_mode       
0     000090fa  _UI_LCD_Main_mode               
0     00009285  _UI_LCD_Deactivate_FX_mode      
0     00009409  _UI_LCD_Activate_FX_mode        
0     0000958b  _UI_LCD_Effect_Setting_mode     
0     00009709  _UI_LCD_Flex_Mode_Change        
0     000097b5  _UI_LCD_Effect_Shift_Setting    
0     0000981d  _UI_LCD_Effect_Change_Param     
0     00009848  _UI_LCD_Tuner_mode              
0     00009875  _UI_LCD_Tune                    
0     00009941  _State_Initialize               
0     000099b3  _BT_Connect                     
0     000099d6  _Attempt_RF_Connect             
0     000099f2  _Main_Mode                      
0     000099fe  _Tuner                          
0     00009a09  _Initialize_Board               
0     00009a13  _State_Change                   
0     00009d53  _Clear_Buttons                  
0     00009d60  _main                           
0     00009eeb  _init_structs                   
0     0000a020  _mano_del_fuego                 
0     0000a924  _pow                            
0     0000a924  _powf                           
0     0000aca4  _INT13_ISR                      
0     0000acae  _INT14_ISR                      
0     0000acb8  _DATALOG_ISR                    
0     0000acc2  _RTOSINT_ISR                    
0     0000accc  _EMUINT_ISR                     
0     0000acd6  _NMI_ISR                        
0     0000ace0  _ILLEGAL_ISR                    
0     0000acea  _USER1_ISR                      
0     0000acf4  _USER2_ISR                      
0     0000acfe  _USER3_ISR                      
0     0000ad08  _USER4_ISR                      
0     0000ad12  _USER5_ISR                      
0     0000ad1c  _USER6_ISR                      
0     0000ad26  _USER7_ISR                      
0     0000ad30  _USER8_ISR                      
0     0000ad3a  _USER9_ISR                      
0     0000ad44  _USER10_ISR                     
0     0000ad4e  _USER11_ISR                     
0     0000ad58  _USER12_ISR                     
0     0000ad62  _SEQ1INT_ISR                    
0     0000ad6c  _SEQ2INT_ISR                    
0     0000ad76  _XINT1_ISR                      
0     0000ad80  _XINT2_ISR                      
0     0000ad8a  _ADCINT_ISR                     
0     0000ad94  _TINT0_ISR                      
0     0000ad9e  _WAKEINT_ISR                    
0     0000ada8  _EPWM1_TZINT_ISR                
0     0000adb2  _EPWM2_TZINT_ISR                
0     0000adbc  _EPWM3_TZINT_ISR                
0     0000adc6  _EPWM4_TZINT_ISR                
0     0000add0  _EPWM5_TZINT_ISR                
0     0000adda  _EPWM6_TZINT_ISR                
0     0000ade4  _EPWM1_INT_ISR                  
0     0000adee  _EPWM2_INT_ISR                  
0     0000adf8  _EPWM3_INT_ISR                  
0     0000ae02  _EPWM4_INT_ISR                  
0     0000ae0c  _EPWM5_INT_ISR                  
0     0000ae16  _EPWM6_INT_ISR                  
0     0000ae20  _ECAP1_INT_ISR                  
0     0000ae2a  _ECAP2_INT_ISR                  
0     0000ae34  _ECAP3_INT_ISR                  
0     0000ae3e  _ECAP4_INT_ISR                  
0     0000ae48  _ECAP5_INT_ISR                  
0     0000ae52  _ECAP6_INT_ISR                  
0     0000ae5c  _EQEP1_INT_ISR                  
0     0000ae66  _EQEP2_INT_ISR                  
0     0000ae70  _SPIRXINTA_ISR                  
0     0000ae7a  _SPITXINTA_ISR                  
0     0000ae84  _MRINTB_ISR                     
0     0000ae8e  _MXINTB_ISR                     
0     0000ae98  _MRINTA_ISR                     
0     0000aea2  _MXINTA_ISR                     
0     0000aeac  _DINTCH1_ISR                    
0     0000aeb6  _DINTCH2_ISR                    
0     0000aec0  _DINTCH3_ISR                    
0     0000aeca  _DINTCH4_ISR                    
0     0000aed4  _DINTCH5_ISR                    
0     0000aede  _DINTCH6_ISR                    
0     0000aee8  _I2CINT1A_ISR                   
0     0000aef2  _I2CINT2A_ISR                   
0     0000aefc  _SCIRXINTC_ISR                  
0     0000af06  _SCITXINTC_ISR                  
0     0000af10  _SCIRXINTA_ISR                  
0     0000af1a  _SCITXINTA_ISR                  
0     0000af24  _SCIRXINTB_ISR                  
0     0000af2e  _SCITXINTB_ISR                  
0     0000af38  _ECAN0INTA_ISR                  
0     0000af42  _ECAN1INTA_ISR                  
0     0000af4c  _ECAN0INTB_ISR                  
0     0000af56  _ECAN1INTB_ISR                  
0     0000af60  _XINT3_ISR                      
0     0000af6a  _XINT4_ISR                      
0     0000af74  _XINT5_ISR                      
0     0000af7e  _XINT6_ISR                      
0     0000af88  _XINT7_ISR                      
0     0000af92  _LVF_ISR                        
0     0000af9c  _LUF_ISR                        
0     0000afa6  _PIE_RESERVED                   
0     0000afb0  _rsvd_ISR                       
0     0000b0f0  _LCD_DrawRectangle              
0     0000b144  _LCD_Text                       
0     0000b184  _LCD_Clear                      
0     0000b1ba  _LCD_SetPoint                   
0     0000b1d0  _LCD_ReadPixelColor             
0     0000b1dc  _LCD_Init                       
0     0000b2cc  _local_timer_ISR                
0     0000b2e3  _local_SCIRXINTB_ISR            
0     0000b367  _local_D_INTCH1_ISR             
0     0000b39e  _local_XINT1_ISR                
0     0000b414  _local_XINT3_ISR                
0     0000b449  _local_XINT4_ISR                
0     0000b47e  _local_XINT5_ISR                
0     0000b4b3  _local_XINT6_ISR                
0     0000b4e8  _init_dma                       
0     0000b51d  _init_mcbspa                    
0     0000b579  _Init_timer1                    
0     0000b591  _Init_gpioUI                    
0     0000b645  _init_Xintf                     
0     0000b65b  _init_uart                      
0     0000b68f  _scib_xmit                      
0     0000b69b  _sci_receive                    
0     0000b6a6  _InitMcbsp                      
0     0000b6ab  _InitMcbspa                     
0     0000b6d7  _InitMcbspb                     
0     0000b703  _InitMcbspa8bit                 
0     0000b70a  _InitMcbspa12bit                
0     0000b715  _InitMcbspa16bit                
0     0000b720  _InitMcbspa20bit                
0     0000b72b  _InitMcbspa24bit                
0     0000b736  _InitMcbspa32bit                
0     0000b741  _InitMcbspb8bit                 
0     0000b748  _InitMcbspb12bit                
0     0000b753  _InitMcbspb16bit                
0     0000b75e  _InitMcbspb20bit                
0     0000b769  _InitMcbspb24bit                
0     0000b774  _InitMcbspb32bit                
0     0000b77f  _InitMcbspGpio                  
0     0000b784  _InitMcbspaGpio                 
0     0000b7bd  _InitMcbspbGpio                 
0     0000b7e5  _delay_loop                     
0     0000b7fb  _clkg_delay_loop                
0     0000b811  _InitSysCtrl                    
0     0000b818  _ServiceDog                     
0     0000b822  _DisableDog                     
0     0000b82a  _InitPll                        
0     0000b87b  _InitPeripheralClocks           
0     0000b8cf  _CsmUnlock                      
0     0000b900  _log2                           
0     0000b900  _log2f                          
0     0000b9cc  _atan                           
0     0000b9cc  _atanf                          
0     0000ba97  _init_mcbsp_spi                 
0     0000bad3  _mcbsp_xmit                     
0     0000badd  _aic23_init                     
0     0000bb4e  FS$$DIV                         
0     0000bbd6  _InitCpuTimers                  
0     0000bc0f  _ConfigCpuTimer                 
0     0000bc49  _ldexp                          
0     0000bc49  _ldexpf                         
0     0000bc49  _scalbn                         
0     0000bc49  _scalbnf                        
0     0000bcab  _cos                            
0     0000bcab  _cosf                           
0     0000bd0c  _tan                            
0     0000bd0c  _tanf                           
0     0000bd6d  _sin                            
0     0000bd6d  _sinf                           
0     0000bdc5  _c_int00                        
0     0000be1b  _softpowerdown                  
0     0000be1e  _fullpowerup                    
0     0000be21  _nomicpowerup                   
0     0000be24  _linput_volctl                  
0     0000be2a  _rinput_volctl                  
0     0000be30  _lhp_volctl                     
0     0000be36  _rhp_volctl                     
0     0000be3c  _nomicaaudpath                  
0     0000be3f  _aaudpath                       
0     0000be42  _digaudiopath                   
0     0000be45  _DSPdigaudinterface             
0     0000be48  _I2Sdigaudinterface             
0     0000be4b  _USBsampleratecontrol           
0     0000be51  _CLKsampleratecontrol           
0     0000be57  _digact                         
0     0000be5a  _reset                          
0     0000be5d  C$$EXIT                         
0     0000be5d  _abort                          
0     0000be5f  _exit                           
0     0000be86  _InitPieCtrl                    
0     0000bea5  _EnableInterrupts               
0     0000beae  _sqrt                           
0     0000beae  _sqrtf                          
0     0000bed3  _copy_in                        
0     0000bef7  I$$DIV                          
0     0000bf08  I$$MOD                          
0     0000bf19  _GetASCIICode                   
0     0000bf39  LL$$CMP                         
0     0000bf4b  ULL$$CMP                        
0     0000bf57  _memcpy                         
0     0000bf75  __args_main                     
0     0000bf8e  _copysign                       
0     0000bf8e  _copysignf                      
0     0000bf9f  __register_unlock               
0     0000bfa3  __register_lock                 
0     0000bfa7  __nop                           
0     0000bfb0  _DSP28x_DisableInt              
0     0000bfb4  _DSP28x_RestoreInt              
0     0000bfb7  __system_pre_init               
0     0000bfb9  __system_post_cinit             
0     0000bfba  ___etext__                      
0     0000bfba  etext                           
0     00100000  _ext_Buffer                     
0     00108000  _echo_Buffer                    
1     00000400  __stack                         
1     00000700  __STACK_END                     
1     00000880  _DevEmuRegs                     
1     00000a80  _FlashRegs                      
1     00000ae0  _CsmRegs                        
1     00000b00  _AdcMirror                      
1     00000b20  _XintfRegs                      
1     00000c00  _CpuTimer0Regs                  
1     00000c08  _CpuTimer1Regs                  
1     00000c10  _CpuTimer2Regs                  
1     00000ce0  _PieCtrlRegs                    
1     00000d00  _PieVectTable                   
1     00001000  _DmaRegs                        
1     00005000  _McbspaRegs                     
1     00005040  _McbspbRegs                     
1     00006000  _ECanaRegs                      
1     00006040  _ECanaLAMRegs                   
1     00006080  _ECanaMOTSRegs                  
1     000060c0  _ECanaMOTORegs                  
1     00006100  _ECanaMboxes                    
1     00006200  _ECanbRegs                      
1     00006240  _ECanbLAMRegs                   
1     00006280  _ECanbMOTSRegs                  
1     000062c0  _ECanbMOTORegs                  
1     00006300  _ECanbMboxes                    
1     00006800  _EPwm1Regs                      
1     00006840  _EPwm2Regs                      
1     00006880  _EPwm3Regs                      
1     000068c0  _EPwm4Regs                      
1     00006900  _EPwm5Regs                      
1     00006940  _EPwm6Regs                      
1     00006a00  _ECap1Regs                      
1     00006a20  _ECap2Regs                      
1     00006a40  _ECap3Regs                      
1     00006a60  _ECap4Regs                      
1     00006a80  _ECap5Regs                      
1     00006aa0  _ECap6Regs                      
1     00006b00  _EQep1Regs                      
1     00006b40  _EQep2Regs                      
1     00006f80  _GpioCtrlRegs                   
1     00006fc0  _GpioDataRegs                   
1     00006fe0  _GpioIntRegs                    
1     00007010  _SysCtrlRegs                    
1     00007040  _SpiaRegs                       
1     00007050  _SciaRegs                       
1     00007070  _XIntruptRegs                   
1     00007100  _AdcRegs                        
1     00007750  _ScibRegs                       
1     00007770  _ScicRegs                       
1     00007900  _I2caRegs                       
1     0000c000  _Button3_count                  
1     0000c001  _Button2_count                  
1     0000c002  _ButtonUp_count                 
1     0000c003  _Button4_count                  
1     0000c004  _p_buff_size                    
1     0000c005  _nextCounter2                   
1     0000c006  _nextHold                       
1     0000c007  _Xint_count                     
1     0000c008  _uart_i                         
1     0000c009  _Button1_count                  
1     0000c00a  _toggler                        
1     0000c00b  _ii                             
1     0000c00c  _ext_prev_inter                 
1     0000c00d  _interpol_inc                   
1     0000c00e  _dummy_index                    
1     0000c00f  _zcrosstrig                     
1     0000c010  _ButtonDown_count               
1     0000c011  _temp_count_offset              
1     0000c012  _temp_index                     
1     0000c013  _effectsel                      
1     0000c014  _zcross_period                  
1     0000c015  _activateEffect                 
1     0000c016  _timer_delay                    
1     0000c017  _timer_reset                    
1     0000c018  _fb                             
1     0000c019  _r_flag1                        
1     0000c01a  _r_flag2                        
1     0000c01b  _d_flag                         
1     0000c01c  _t1_flag                        
1     0000c01d  _first_interrupt                
1     0000c01e  _nextCounter                    
1     0000c01f  _deactivateCounter              
1     0000c020  _scib_rx                        
1     0000c021  _scib_gyro                      
1     0000c022  _uart_step                      
1     0000c023  _delay_const                    
1     0000c024  _delay                          
1     0000c025  _gyro_pos                       
1     0000c026  _gyro_pos_prev                  
1     0000c027  _state_change_flag              
1     0000c028  _ext_index                      
1     0000c029  _p2                             
1     0000c02a  _temp_d                         
1     0000c02b  _activateCounter                
1     0000c02c  _p1                             
1     0000c02d  _prevcountstart                 
1     0000c02e  _ext_Buffer_size                
1     0000c02f  _closest_d                      
1     0000c030  _ext_prev                       
1     0000c04e  _ping_buff_offset               
1     0000c050  _R_channel                      
1     0000c052  _ch1_ptr                        
1     0000c054  _pong_buff_offset               
1     0000c056  _L_channel                      
1     0000c058  _accel_mag                      
1     0000c05a  _gyro_vol                       
1     0000c05c  _echo_Buffer_size               
1     0000c060  _k                              
1     0000c068  _fastDataMode                   
1     0000c06c  _sample_delay                   
1     0000c098  _address                        
1     0000c0c0  _buffer_uart                    
1     0000c140  _dummy_buffer                   
1     0000c940  _ButtonUp                       
1     0000c941  _Switch1                        
1     0000c942  _ButtonDown                     
1     0000c943  _Button4                        
1     0000c944  _Button2                        
1     0000c945  _Button1                        
1     0000c946  _Button3                        
1     0000c94a  _Switch3                        
1     0000c94b  _Switch2                        
1     0000c94c  _rx_flag                        
1     0000c94d  _Switch4                        
1     0000c94e  _value2_init                    
1     0000c95c  _value1_init                    
1     0000c980  _Global_Board_State             
1     0000c9c0  _Prev_Board_State               
1     0000ca00  _param1_names                   
1     0000ca40  _param2_names                   
1     0000ca80  _Global_FXLib                   
1     0000cb40  _FX_names                       
1     0000cc00  _note_names                     
1     0000cef4  ___TI_enable_exit_profile_output
1     0000cef6  ___TI_cleanup_ptr               
1     0000cef8  ___TI_dtors_ptr                 
1     0000cefa  __lock                          
1     0000cefc  __unlock                        
1     0000cefe  _errno                          
1     0000cf00  _CpuTimer1                      
1     0000cf08  _CpuTimer2                      
1     0000cf10  _CpuTimer0                      
1     0000d7b8  _pong_buffer                    
1     0000d7ba  _ping_buffer                    
1     0000e000  _sample                         
1     0000e00b  _zcross_pos                     
1     0000e016  _zcross_neg                     
1     0000e022  _pitch_shift                    
1     0000e030  _dig_delay                      
1     0000e040  _imu_dat                        
1     0000e054  _flang                          
1     0000e080  _tremolo                        
1     0000e0c0  _wah_svf                        
1     0000e100  _bass_svf                       
1     0000e140  _treble_svf                     
1     0033fff8  _CsmPwl                         
1     00380090  _PartIdRegs                     
abs   00000300  __STACK_SIZE                    
abs   ffffffff  ___TI_pprof_out_hndl            
abs   ffffffff  ___TI_prof_data_size            
abs   ffffffff  ___TI_prof_data_start           
abs   ffffffff  ___binit__                      
abs   ffffffff  ___c_args__                     
abs   ffffffff  ___pinit__                      
abs   ffffffff  binit                           
abs   ffffffff  pinit                           

[390 symbols]
