<?xml version="1.0"?>
<link_info>
   <banner>TMS320C2000 Linker PC v15.12.1.LTS</banner>
   <copyright>Copyright (c) 1996-2015 Texas Instruments Incorporated</copyright>
   <link_time>0x5ac4b54b</link_time>
   <link_errors>0x0</link_errors>
   <output_file>SENIOR_Codec_app.out</output_file>
   <entry_point>
      <name>_c_int00</name>
      <address>0xb269</address>
   </entry_point>
   <input_file_list>
      <input_file id="fl-2">
         <path>.\</path>
         <kind>object</kind>
         <file>AsciiLib.obj</file>
         <name>AsciiLib.obj</name>
      </input_file>
      <input_file id="fl-3">
         <path>.\</path>
         <kind>object</kind>
         <file>LCD.obj</file>
         <name>LCD.obj</name>
      </input_file>
      <input_file id="fl-4">
         <path>.\</path>
         <kind>object</kind>
         <file>MDF_init.obj</file>
         <name>MDF_init.obj</name>
      </input_file>
      <input_file id="fl-5">
         <path>.\</path>
         <kind>object</kind>
         <file>UI.obj</file>
         <name>UI.obj</name>
      </input_file>
      <input_file id="fl-6">
         <path>.\</path>
         <kind>object</kind>
         <file>main.obj</file>
         <name>main.obj</name>
      </input_file>
      <input_file id="fl-7">
         <path>.\common\</path>
         <kind>object</kind>
         <file>AIC23.obj</file>
         <name>AIC23.obj</name>
      </input_file>
      <input_file id="fl-8">
         <path>.\common\</path>
         <kind>object</kind>
         <file>AIC23_SPI_control.obj</file>
         <name>AIC23_SPI_control.obj</name>
      </input_file>
      <input_file id="fl-9">
         <path>.\common\</path>
         <kind>object</kind>
         <file>DSP2833x_CodeStartBranch.obj</file>
         <name>DSP2833x_CodeStartBranch.obj</name>
      </input_file>
      <input_file id="fl-a">
         <path>.\common\</path>
         <kind>object</kind>
         <file>DSP2833x_CpuTimers.obj</file>
         <name>DSP2833x_CpuTimers.obj</name>
      </input_file>
      <input_file id="fl-b">
         <path>.\common\</path>
         <kind>object</kind>
         <file>DSP2833x_DefaultIsr.obj</file>
         <name>DSP2833x_DefaultIsr.obj</name>
      </input_file>
      <input_file id="fl-c">
         <path>.\common\</path>
         <kind>object</kind>
         <file>DSP2833x_DisInt.obj</file>
         <name>DSP2833x_DisInt.obj</name>
      </input_file>
      <input_file id="fl-d">
         <path>.\common\</path>
         <kind>object</kind>
         <file>DSP2833x_Mcbsp.obj</file>
         <name>DSP2833x_Mcbsp.obj</name>
      </input_file>
      <input_file id="fl-e">
         <path>.\common\</path>
         <kind>object</kind>
         <file>DSP2833x_PieCtrl.obj</file>
         <name>DSP2833x_PieCtrl.obj</name>
      </input_file>
      <input_file id="fl-f">
         <path>.\common\</path>
         <kind>object</kind>
         <file>DSP2833x_SysCtrl.obj</file>
         <name>DSP2833x_SysCtrl.obj</name>
      </input_file>
      <input_file id="fl-10">
         <path>.\common\</path>
         <kind>object</kind>
         <file>DSP2833x_usDelay.obj</file>
         <name>DSP2833x_usDelay.obj</name>
      </input_file>
      <input_file id="fl-11">
         <path>.\headers\</path>
         <kind>object</kind>
         <file>DSP2833x_GlobalVariableDefs.obj</file>
         <name>DSP2833x_GlobalVariableDefs.obj</name>
      </input_file>
      <input_file id="fl-1c">
         <path>C:\ti\ccsv6\tools\compiler\ti-cgt-c2000_15.12.1.LTS\lib\</path>
         <kind>archive</kind>
         <file>rts2800_fpu32.lib</file>
         <name>boot.obj</name>
      </input_file>
      <input_file id="fl-1d">
         <path>C:\ti\ccsv6\tools\compiler\ti-cgt-c2000_15.12.1.LTS\lib\</path>
         <kind>archive</kind>
         <file>rts2800_fpu32.lib</file>
         <name>cpy_tbl.obj</name>
      </input_file>
      <input_file id="fl-1e">
         <path>C:\ti\ccsv6\tools\compiler\ti-cgt-c2000_15.12.1.LTS\lib\</path>
         <kind>archive</kind>
         <file>rts2800_fpu32.lib</file>
         <name>cpy_utils.obj</name>
      </input_file>
      <input_file id="fl-1f">
         <path>C:\ti\ccsv6\tools\compiler\ti-cgt-c2000_15.12.1.LTS\lib\</path>
         <kind>archive</kind>
         <file>rts2800_fpu32.lib</file>
         <name>e_log2f.obj</name>
      </input_file>
      <input_file id="fl-20">
         <path>C:\ti\ccsv6\tools\compiler\ti-cgt-c2000_15.12.1.LTS\lib\</path>
         <kind>archive</kind>
         <file>rts2800_fpu32.lib</file>
         <name>errno.obj</name>
      </input_file>
      <input_file id="fl-21">
         <path>C:\ti\ccsv6\tools\compiler\ti-cgt-c2000_15.12.1.LTS\lib\</path>
         <kind>archive</kind>
         <file>rts2800_fpu32.lib</file>
         <name>exit.obj</name>
      </input_file>
      <input_file id="fl-22">
         <path>C:\ti\ccsv6\tools\compiler\ti-cgt-c2000_15.12.1.LTS\lib\</path>
         <kind>archive</kind>
         <file>rts2800_fpu32.lib</file>
         <name>fs_div.obj</name>
      </input_file>
      <input_file id="fl-23">
         <path>C:\ti\ccsv6\tools\compiler\ti-cgt-c2000_15.12.1.LTS\lib\</path>
         <kind>archive</kind>
         <file>rts2800_fpu32.lib</file>
         <name>i_div.obj</name>
      </input_file>
      <input_file id="fl-24">
         <path>C:\ti\ccsv6\tools\compiler\ti-cgt-c2000_15.12.1.LTS\lib\</path>
         <kind>archive</kind>
         <file>rts2800_fpu32.lib</file>
         <name>pre_init.obj</name>
      </input_file>
      <input_file id="fl-25">
         <path>C:\ti\ccsv6\tools\compiler\ti-cgt-c2000_15.12.1.LTS\lib\</path>
         <kind>archive</kind>
         <file>rts2800_fpu32.lib</file>
         <name>startup.obj</name>
      </input_file>
      <input_file id="fl-26">
         <path>C:\ti\ccsv6\tools\compiler\ti-cgt-c2000_15.12.1.LTS\lib\</path>
         <kind>archive</kind>
         <file>rts2800_fpu32.lib</file>
         <name>_lock.obj</name>
      </input_file>
      <input_file id="fl-27">
         <path>C:\ti\ccsv6\tools\compiler\ti-cgt-c2000_15.12.1.LTS\lib\</path>
         <kind>archive</kind>
         <file>rts2800_fpu32.lib</file>
         <name>args_main.obj</name>
      </input_file>
   </input_file_list>
   <object_component_list>
      <object_component id="oc-78">
         <name>codestart</name>
         <load_address>0x0</load_address>
         <run_address>0x0</run_address>
         <size>0x2</size>
         <input_file_ref idref="fl-9"/>
      </object_component>
      <object_component id="oc-9d">
         <name>ramfuncs</name>
         <load_address>0x847b</load_address>
         <run_address>0x847b</run_address>
         <size>0x4</size>
         <input_file_ref idref="fl-10"/>
      </object_component>
      <object_component id="oc-11a">
         <name>.text</name>
         <load_address>0x9000</load_address>
         <run_address>0x9000</run_address>
         <size>0xd3d</size>
         <input_file_ref idref="fl-5"/>
      </object_component>
      <object_component id="oc-11b">
         <name>.text</name>
         <load_address>0x9d3d</load_address>
         <run_address>0x9d3d</run_address>
         <size>0x66a</size>
         <input_file_ref idref="fl-6"/>
      </object_component>
      <object_component id="oc-84">
         <name>.text:retain</name>
         <load_address>0xa3a7</load_address>
         <run_address>0xa3a7</run_address>
         <size>0x316</size>
         <input_file_ref idref="fl-b"/>
      </object_component>
      <object_component id="oc-124">
         <name>.text</name>
         <load_address>0xa6bd</load_address>
         <run_address>0xa6bd</run_address>
         <size>0x312</size>
         <input_file_ref idref="fl-3"/>
      </object_component>
      <object_component id="oc-68">
         <name>.text:retain</name>
         <load_address>0xa9cf</load_address>
         <run_address>0xa9cf</run_address>
         <size>0x208</size>
         <input_file_ref idref="fl-6"/>
      </object_component>
      <object_component id="oc-15e">
         <name>.text</name>
         <load_address>0xabd7</load_address>
         <run_address>0xabd7</run_address>
         <size>0x1ba</size>
         <input_file_ref idref="fl-4"/>
      </object_component>
      <object_component id="oc-15d">
         <name>.text</name>
         <load_address>0xad91</load_address>
         <run_address>0xad91</run_address>
         <size>0x16b</size>
         <input_file_ref idref="fl-d"/>
      </object_component>
      <object_component id="oc-15c">
         <name>.text</name>
         <load_address>0xaefc</load_address>
         <run_address>0xaefc</run_address>
         <size>0xef</size>
         <input_file_ref idref="fl-f"/>
      </object_component>
      <object_component id="oc-11e">
         <name>.text</name>
         <load_address>0xafeb</load_address>
         <run_address>0xafeb</run_address>
         <size>0xcc</size>
         <input_file_ref idref="fl-1f"/>
      </object_component>
      <object_component id="oc-160">
         <name>.text</name>
         <load_address>0xb0b7</load_address>
         <run_address>0xb0b7</run_address>
         <size>0xb7</size>
         <input_file_ref idref="fl-8"/>
      </object_component>
      <object_component id="oc-f7">
         <name>.text</name>
         <load_address>0xb16e</load_address>
         <run_address>0xb16e</run_address>
         <size>0x88</size>
         <input_file_ref idref="fl-22"/>
      </object_component>
      <object_component id="oc-161">
         <name>.text</name>
         <load_address>0xb1f6</load_address>
         <run_address>0xb1f6</run_address>
         <size>0x73</size>
         <input_file_ref idref="fl-a"/>
      </object_component>
      <object_component id="oc-4b">
         <name>.text</name>
         <load_address>0xb269</load_address>
         <run_address>0xb269</run_address>
         <size>0x56</size>
         <input_file_ref idref="fl-1c"/>
      </object_component>
      <object_component id="oc-116">
         <name>.text</name>
         <load_address>0xb2bf</load_address>
         <run_address>0xb2bf</run_address>
         <size>0x46</size>
         <input_file_ref idref="fl-1d"/>
      </object_component>
      <object_component id="oc-165">
         <name>.text</name>
         <load_address>0xb305</load_address>
         <run_address>0xb305</run_address>
         <size>0x42</size>
         <input_file_ref idref="fl-7"/>
      </object_component>
      <object_component id="oc-119">
         <name>.text</name>
         <load_address>0xb347</load_address>
         <run_address>0xb347</run_address>
         <size>0x29</size>
         <input_file_ref idref="fl-21"/>
      </object_component>
      <object_component id="oc-15f">
         <name>.text</name>
         <load_address>0xb370</load_address>
         <run_address>0xb370</run_address>
         <size>0x28</size>
         <input_file_ref idref="fl-e"/>
      </object_component>
      <object_component id="oc-fc">
         <name>.text</name>
         <load_address>0xb398</load_address>
         <run_address>0xb398</run_address>
         <size>0x22</size>
         <input_file_ref idref="fl-23"/>
      </object_component>
      <object_component id="oc-164">
         <name>.text</name>
         <load_address>0xb3ba</load_address>
         <run_address>0xb3ba</run_address>
         <size>0x20</size>
         <input_file_ref idref="fl-2"/>
      </object_component>
      <object_component id="oc-e1">
         <name>.text</name>
         <load_address>0xb3da</load_address>
         <run_address>0xb3da</run_address>
         <size>0x1a</size>
         <input_file_ref idref="fl-1e"/>
      </object_component>
      <object_component id="oc-118">
         <name>.text</name>
         <load_address>0xb3f4</load_address>
         <run_address>0xb3f4</run_address>
         <size>0x19</size>
         <input_file_ref idref="fl-27"/>
      </object_component>
      <object_component id="oc-162">
         <name>.text</name>
         <load_address>0xb40d</load_address>
         <run_address>0xb40d</run_address>
         <size>0x9</size>
         <input_file_ref idref="fl-26"/>
      </object_component>
      <object_component id="oc-77">
         <name>.text</name>
         <load_address>0xb416</load_address>
         <run_address>0xb416</run_address>
         <size>0x8</size>
         <input_file_ref idref="fl-9"/>
      </object_component>
      <object_component id="oc-89">
         <name>.text</name>
         <load_address>0xb41e</load_address>
         <run_address>0xb41e</run_address>
         <size>0x7</size>
         <input_file_ref idref="fl-c"/>
      </object_component>
      <object_component id="oc-115">
         <name>.text</name>
         <load_address>0xb425</load_address>
         <run_address>0xb425</run_address>
         <size>0x2</size>
         <input_file_ref idref="fl-24"/>
      </object_component>
      <object_component id="oc-117">
         <name>.text</name>
         <load_address>0xb427</load_address>
         <run_address>0xb427</run_address>
         <size>0x1</size>
         <input_file_ref idref="fl-25"/>
      </object_component>
      <object_component id="oc-5c">
         <name>.cinit</name>
         <load_address>0x8000</load_address>
         <run_address>0x8000</run_address>
         <size>0x39f</size>
         <input_file_ref idref="fl-5"/>
      </object_component>
      <object_component id="oc-63">
         <name>.cinit</name>
         <load_address>0x839f</load_address>
         <run_address>0x839f</run_address>
         <size>0xbe</size>
         <input_file_ref idref="fl-6"/>
      </object_component>
      <object_component id="oc-f1">
         <name>.cinit</name>
         <load_address>0x845d</load_address>
         <run_address>0x845d</run_address>
         <size>0xe</size>
         <input_file_ref idref="fl-21"/>
      </object_component>
      <object_component id="oc-11d">
         <name>.cinit:__lock</name>
         <load_address>0x846b</load_address>
         <run_address>0x846b</run_address>
         <size>0x5</size>
         <input_file_ref idref="fl-26"/>
      </object_component>
      <object_component id="oc-163">
         <name>.cinit:__unlock</name>
         <load_address>0x8470</load_address>
         <run_address>0x8470</run_address>
         <size>0x5</size>
         <input_file_ref idref="fl-26"/>
      </object_component>
      <object_component id="oc-ed">
         <name>.cinit</name>
         <load_address>0x8475</load_address>
         <run_address>0x8475</run_address>
         <size>0x4</size>
         <input_file_ref idref="fl-20"/>
      </object_component>
      <object_component id="oc-d6">
         <name>.stack</name>
         <uninitialized>true</uninitialized>
         <run_address>0x400</run_address>
         <size>0x0</size>
         <input_file_ref idref="fl-1c"/>
      </object_component>
      <object_component id="oc-1bf">
         <name>.stack</name>
         <uninitialized>true</uninitialized>
         <run_address>0x400</run_address>
         <size>0x0</size>
      </object_component>
      <object_component id="oc-5d">
         <name>.ebss</name>
         <uninitialized>true</uninitialized>
         <run_address>0xc900</run_address>
         <size>0x434</size>
         <input_file_ref idref="fl-5"/>
      </object_component>
      <object_component id="oc-64">
         <name>.ebss</name>
         <uninitialized>true</uninitialized>
         <run_address>0xc000</run_address>
         <size>0x900</size>
         <input_file_ref idref="fl-6"/>
      </object_component>
      <object_component id="oc-7e">
         <name>.ebss</name>
         <uninitialized>true</uninitialized>
         <run_address>0xcd40</run_address>
         <size>0x18</size>
         <input_file_ref idref="fl-a"/>
      </object_component>
      <object_component id="oc-ee">
         <name>.ebss</name>
         <uninitialized>true</uninitialized>
         <run_address>0xcd3e</run_address>
         <size>0x1</size>
         <input_file_ref idref="fl-20"/>
      </object_component>
      <object_component id="oc-f2">
         <name>.ebss</name>
         <uninitialized>true</uninitialized>
         <run_address>0xcd34</run_address>
         <size>0x6</size>
         <input_file_ref idref="fl-21"/>
      </object_component>
      <object_component id="oc-166">
         <name>.ebss:__unlock</name>
         <uninitialized>true</uninitialized>
         <run_address>0xcd3c</run_address>
         <size>0x2</size>
         <input_file_ref idref="fl-26"/>
      </object_component>
      <object_component id="oc-11c">
         <name>.ebss:__lock</name>
         <uninitialized>true</uninitialized>
         <run_address>0xcd3a</run_address>
         <size>0x2</size>
         <input_file_ref idref="fl-26"/>
      </object_component>
      <object_component id="oc-167">
         <name>.econst:_AsciiLib</name>
         <load_address>0xd000</load_address>
         <run_address>0xd000</run_address>
         <size>0x5f0</size>
         <input_file_ref idref="fl-2"/>
      </object_component>
      <object_component id="oc-122">
         <name>.econst:.string:_$P$T3$4</name>
         <load_address>0xd5f0</load_address>
         <run_address>0xd5f0</run_address>
         <size>0x21</size>
         <input_file_ref idref="fl-5"/>
      </object_component>
      <object_component id="oc-123">
         <name>.econst:.string:_$P$T4$5</name>
         <load_address>0xd611</load_address>
         <run_address>0xd611</run_address>
         <size>0x1d</size>
         <input_file_ref idref="fl-5"/>
      </object_component>
      <object_component id="oc-126">
         <name>.econst:.string:_$P$T6$7</name>
         <load_address>0xd62e</load_address>
         <run_address>0xd62e</run_address>
         <size>0x12</size>
         <input_file_ref idref="fl-5"/>
      </object_component>
      <object_component id="oc-125">
         <name>.econst:.string:_$P$T5$6</name>
         <load_address>0xd640</load_address>
         <run_address>0xd640</run_address>
         <size>0x11</size>
         <input_file_ref idref="fl-5"/>
      </object_component>
      <object_component id="oc-e7">
         <name>.econst</name>
         <load_address>0xd652</load_address>
         <run_address>0xd652</run_address>
         <size>0x10</size>
         <input_file_ref idref="fl-1f"/>
      </object_component>
      <object_component id="oc-127">
         <name>.econst:.string:_$P$T7$8</name>
         <load_address>0xd662</load_address>
         <run_address>0xd662</run_address>
         <size>0xb</size>
         <input_file_ref idref="fl-5"/>
      </object_component>
      <object_component id="oc-130">
         <name>.econst:.string:_$P$T16$17</name>
         <load_address>0xd66d</load_address>
         <run_address>0xd66d</run_address>
         <size>0x7</size>
         <input_file_ref idref="fl-5"/>
      </object_component>
      <object_component id="oc-138">
         <name>.econst:.string:_$P$T24$25</name>
         <load_address>0xd674</load_address>
         <run_address>0xd674</run_address>
         <size>0x7</size>
         <input_file_ref idref="fl-5"/>
      </object_component>
      <object_component id="oc-13d">
         <name>.econst:.string:_$P$T29$30</name>
         <load_address>0xd67b</load_address>
         <run_address>0xd67b</run_address>
         <size>0x7</size>
         <input_file_ref idref="fl-5"/>
      </object_component>
      <object_component id="oc-13f">
         <name>.econst:.string:_$P$T31$32</name>
         <load_address>0xd682</load_address>
         <run_address>0xd682</run_address>
         <size>0x7</size>
         <input_file_ref idref="fl-5"/>
      </object_component>
      <object_component id="oc-140">
         <name>.econst:.string:_$P$T32$33</name>
         <load_address>0xd689</load_address>
         <run_address>0xd689</run_address>
         <size>0x7</size>
         <input_file_ref idref="fl-5"/>
      </object_component>
      <object_component id="oc-141">
         <name>.econst:.string:_$P$T33$34</name>
         <load_address>0xd690</load_address>
         <run_address>0xd690</run_address>
         <size>0x7</size>
         <input_file_ref idref="fl-5"/>
      </object_component>
      <object_component id="oc-142">
         <name>.econst:.string:_$P$T34$35</name>
         <load_address>0xd697</load_address>
         <run_address>0xd697</run_address>
         <size>0x7</size>
         <input_file_ref idref="fl-5"/>
      </object_component>
      <object_component id="oc-143">
         <name>.econst:.string:_$P$T35$36</name>
         <load_address>0xd69e</load_address>
         <run_address>0xd69e</run_address>
         <size>0x7</size>
         <input_file_ref idref="fl-5"/>
      </object_component>
      <object_component id="oc-144">
         <name>.econst:.string:_$P$T36$37</name>
         <load_address>0xd6a5</load_address>
         <run_address>0xd6a5</run_address>
         <size>0x7</size>
         <input_file_ref idref="fl-5"/>
      </object_component>
      <object_component id="oc-12f">
         <name>.econst:.string:_$P$T15$16</name>
         <load_address>0xd6ac</load_address>
         <run_address>0xd6ac</run_address>
         <size>0x6</size>
         <input_file_ref idref="fl-5"/>
      </object_component>
      <object_component id="oc-133">
         <name>.econst:.string:_$P$T19$20</name>
         <load_address>0xd6b2</load_address>
         <run_address>0xd6b2</run_address>
         <size>0x6</size>
         <input_file_ref idref="fl-5"/>
      </object_component>
      <object_component id="oc-121">
         <name>.econst:.string:_$P$T2$3</name>
         <load_address>0xd6b8</load_address>
         <run_address>0xd6b8</run_address>
         <size>0x6</size>
         <input_file_ref idref="fl-5"/>
      </object_component>
      <object_component id="oc-13e">
         <name>.econst:.string:_$P$T30$31</name>
         <load_address>0xd6be</load_address>
         <run_address>0xd6be</run_address>
         <size>0x6</size>
         <input_file_ref idref="fl-5"/>
      </object_component>
      <object_component id="oc-14b">
         <name>.econst:.string:_$P$T43$44</name>
         <load_address>0xd6c4</load_address>
         <run_address>0xd6c4</run_address>
         <size>0x6</size>
         <input_file_ref idref="fl-5"/>
      </object_component>
      <object_component id="oc-11f">
         <name>.econst:.string:_$P$T0$1</name>
         <load_address>0xd6ca</load_address>
         <run_address>0xd6ca</run_address>
         <size>0x5</size>
         <input_file_ref idref="fl-5"/>
      </object_component>
      <object_component id="oc-131">
         <name>.econst:.string:_$P$T17$18</name>
         <load_address>0xd6cf</load_address>
         <run_address>0xd6cf</run_address>
         <size>0x5</size>
         <input_file_ref idref="fl-5"/>
      </object_component>
      <object_component id="oc-145">
         <name>.econst:.string:_$P$T37$38</name>
         <load_address>0xd6d4</load_address>
         <run_address>0xd6d4</run_address>
         <size>0x5</size>
         <input_file_ref idref="fl-5"/>
      </object_component>
      <object_component id="oc-147">
         <name>.econst:.string:_$P$T39$40</name>
         <load_address>0xd6d9</load_address>
         <run_address>0xd6d9</run_address>
         <size>0x5</size>
         <input_file_ref idref="fl-5"/>
      </object_component>
      <object_component id="oc-148">
         <name>.econst:.string:_$P$T40$41</name>
         <load_address>0xd6de</load_address>
         <run_address>0xd6de</run_address>
         <size>0x5</size>
         <input_file_ref idref="fl-5"/>
      </object_component>
      <object_component id="oc-14a">
         <name>.econst:.string:_$P$T42$43</name>
         <load_address>0xd6e3</load_address>
         <run_address>0xd6e3</run_address>
         <size>0x5</size>
         <input_file_ref idref="fl-5"/>
      </object_component>
      <object_component id="oc-14d">
         <name>.econst:.string:_$P$T45$48</name>
         <load_address>0xd6e8</load_address>
         <run_address>0xd6e8</run_address>
         <size>0x5</size>
         <input_file_ref idref="fl-5"/>
      </object_component>
      <object_component id="oc-120">
         <name>.econst:.string:_$P$T1$2</name>
         <load_address>0xd6ed</load_address>
         <run_address>0xd6ed</run_address>
         <size>0x4</size>
         <input_file_ref idref="fl-5"/>
      </object_component>
      <object_component id="oc-132">
         <name>.econst:.string:_$P$T18$19</name>
         <load_address>0xd6f1</load_address>
         <run_address>0xd6f1</run_address>
         <size>0x4</size>
         <input_file_ref idref="fl-5"/>
      </object_component>
      <object_component id="oc-146">
         <name>.econst:.string:_$P$T38$39</name>
         <load_address>0xd6f5</load_address>
         <run_address>0xd6f5</run_address>
         <size>0x4</size>
         <input_file_ref idref="fl-5"/>
      </object_component>
      <object_component id="oc-149">
         <name>.econst:.string:_$P$T41$42</name>
         <load_address>0xd6f9</load_address>
         <run_address>0xd6f9</run_address>
         <size>0x4</size>
         <input_file_ref idref="fl-5"/>
      </object_component>
      <object_component id="oc-14c">
         <name>.econst:.string:_$P$T44$47</name>
         <load_address>0xd6fd</load_address>
         <run_address>0xd6fd</run_address>
         <size>0x4</size>
         <input_file_ref idref="fl-5"/>
      </object_component>
      <object_component id="oc-128">
         <name>.econst:.string:_$P$T8$9</name>
         <load_address>0xd701</load_address>
         <run_address>0xd701</run_address>
         <size>0x4</size>
         <input_file_ref idref="fl-5"/>
      </object_component>
      <object_component id="oc-12e">
         <name>.econst:.string:_$P$T14$15</name>
         <load_address>0xd705</load_address>
         <run_address>0xd705</run_address>
         <size>0x3</size>
         <input_file_ref idref="fl-5"/>
      </object_component>
      <object_component id="oc-129">
         <name>.econst:.string:_$P$T9$10</name>
         <load_address>0xd708</load_address>
         <run_address>0xd708</run_address>
         <size>0x3</size>
         <input_file_ref idref="fl-5"/>
      </object_component>
      <object_component id="oc-12a">
         <name>.econst:.string:_$P$T10$11</name>
         <load_address>0xd70b</load_address>
         <run_address>0xd70b</run_address>
         <size>0x2</size>
         <input_file_ref idref="fl-5"/>
      </object_component>
      <object_component id="oc-12b">
         <name>.econst:.string:_$P$T11$12</name>
         <load_address>0xd70d</load_address>
         <run_address>0xd70d</run_address>
         <size>0x2</size>
         <input_file_ref idref="fl-5"/>
      </object_component>
      <object_component id="oc-12c">
         <name>.econst:.string:_$P$T12$13</name>
         <load_address>0xd70f</load_address>
         <run_address>0xd70f</run_address>
         <size>0x2</size>
         <input_file_ref idref="fl-5"/>
      </object_component>
      <object_component id="oc-12d">
         <name>.econst:.string:_$P$T13$14</name>
         <load_address>0xd711</load_address>
         <run_address>0xd711</run_address>
         <size>0x2</size>
         <input_file_ref idref="fl-5"/>
      </object_component>
      <object_component id="oc-134">
         <name>.econst:.string:_$P$T20$21</name>
         <load_address>0xd713</load_address>
         <run_address>0xd713</run_address>
         <size>0x2</size>
         <input_file_ref idref="fl-5"/>
      </object_component>
      <object_component id="oc-135">
         <name>.econst:.string:_$P$T21$22</name>
         <load_address>0xd715</load_address>
         <run_address>0xd715</run_address>
         <size>0x2</size>
         <input_file_ref idref="fl-5"/>
      </object_component>
      <object_component id="oc-136">
         <name>.econst:.string:_$P$T22$23</name>
         <load_address>0xd717</load_address>
         <run_address>0xd717</run_address>
         <size>0x2</size>
         <input_file_ref idref="fl-5"/>
      </object_component>
      <object_component id="oc-137">
         <name>.econst:.string:_$P$T23$24</name>
         <load_address>0xd719</load_address>
         <run_address>0xd719</run_address>
         <size>0x2</size>
         <input_file_ref idref="fl-5"/>
      </object_component>
      <object_component id="oc-139">
         <name>.econst:.string:_$P$T25$26</name>
         <load_address>0xd71b</load_address>
         <run_address>0xd71b</run_address>
         <size>0x2</size>
         <input_file_ref idref="fl-5"/>
      </object_component>
      <object_component id="oc-13a">
         <name>.econst:.string:_$P$T26$27</name>
         <load_address>0xd71d</load_address>
         <run_address>0xd71d</run_address>
         <size>0x2</size>
         <input_file_ref idref="fl-5"/>
      </object_component>
      <object_component id="oc-13b">
         <name>.econst:.string:_$P$T27$28</name>
         <load_address>0xd71f</load_address>
         <run_address>0xd71f</run_address>
         <size>0x2</size>
         <input_file_ref idref="fl-5"/>
      </object_component>
      <object_component id="oc-13c">
         <name>.econst:.string:_$P$T28$29</name>
         <load_address>0xd721</load_address>
         <run_address>0xd721</run_address>
         <size>0x2</size>
         <input_file_ref idref="fl-5"/>
      </object_component>
      <object_component id="oc-14e">
         <name>.econst:.string:_$P$T46$50</name>
         <load_address>0xd723</load_address>
         <run_address>0xd723</run_address>
         <size>0x2</size>
         <input_file_ref idref="fl-5"/>
      </object_component>
      <object_component id="oc-14f">
         <name>.econst:.string:_$P$T47$51</name>
         <load_address>0xd725</load_address>
         <run_address>0xd725</run_address>
         <size>0x2</size>
         <input_file_ref idref="fl-5"/>
      </object_component>
      <object_component id="oc-150">
         <name>.econst:.string:_$P$T48$52</name>
         <load_address>0xd727</load_address>
         <run_address>0xd727</run_address>
         <size>0x2</size>
         <input_file_ref idref="fl-5"/>
      </object_component>
      <object_component id="oc-151">
         <name>.econst:.string:_$P$T49$53</name>
         <load_address>0xd729</load_address>
         <run_address>0xd729</run_address>
         <size>0x2</size>
         <input_file_ref idref="fl-5"/>
      </object_component>
      <object_component id="oc-152">
         <name>.econst:.string:_$P$T50$54</name>
         <load_address>0xd72b</load_address>
         <run_address>0xd72b</run_address>
         <size>0x2</size>
         <input_file_ref idref="fl-5"/>
      </object_component>
      <object_component id="oc-153">
         <name>.econst:.string:_$P$T51$55</name>
         <load_address>0xd72d</load_address>
         <run_address>0xd72d</run_address>
         <size>0x2</size>
         <input_file_ref idref="fl-5"/>
      </object_component>
      <object_component id="oc-154">
         <name>.econst:.string:_$P$T52$56</name>
         <load_address>0xd72f</load_address>
         <run_address>0xd72f</run_address>
         <size>0x2</size>
         <input_file_ref idref="fl-5"/>
      </object_component>
      <object_component id="oc-155">
         <name>.econst:.string:_$P$T53$57</name>
         <load_address>0xd731</load_address>
         <run_address>0xd731</run_address>
         <size>0x2</size>
         <input_file_ref idref="fl-5"/>
      </object_component>
      <object_component id="oc-156">
         <name>.econst:.string:_$P$T54$58</name>
         <load_address>0xd733</load_address>
         <run_address>0xd733</run_address>
         <size>0x2</size>
         <input_file_ref idref="fl-5"/>
      </object_component>
      <object_component id="oc-157">
         <name>.econst:.string:_$P$T55$59</name>
         <load_address>0xd735</load_address>
         <run_address>0xd735</run_address>
         <size>0x2</size>
         <input_file_ref idref="fl-5"/>
      </object_component>
      <object_component id="oc-158">
         <name>.econst:.string:_$P$T56$60</name>
         <load_address>0xd737</load_address>
         <run_address>0xd737</run_address>
         <size>0x2</size>
         <input_file_ref idref="fl-5"/>
      </object_component>
      <object_component id="oc-159">
         <name>.econst:.string:_$P$T57$61</name>
         <load_address>0xd739</load_address>
         <run_address>0xd739</run_address>
         <size>0x2</size>
         <input_file_ref idref="fl-5"/>
      </object_component>
      <object_component id="oc-15a">
         <name>.econst:.string:_$P$T58$62</name>
         <load_address>0xd73b</load_address>
         <run_address>0xd73b</run_address>
         <size>0x2</size>
         <input_file_ref idref="fl-5"/>
      </object_component>
      <object_component id="oc-15b">
         <name>.econst:.string:_$P$T59$63</name>
         <load_address>0xd73d</load_address>
         <run_address>0xd73d</run_address>
         <size>0x2</size>
         <input_file_ref idref="fl-5"/>
      </object_component>
      <object_component id="oc-65">
         <name>DMARAML5</name>
         <uninitialized>true</uninitialized>
         <run_address>0xd740</run_address>
         <size>0x4</size>
         <input_file_ref idref="fl-6"/>
      </object_component>
      <object_component id="oc-66">
         <name>EFFECTRAM6</name>
         <uninitialized>true</uninitialized>
         <run_address>0xe000</run_address>
         <size>0x178</size>
         <input_file_ref idref="fl-6"/>
      </object_component>
      <object_component id="oc-d7">
         <name>.reset</name>
         <load_address>0x3fffc0</load_address>
         <run_address>0x3fffc0</run_address>
         <size>0x2</size>
         <input_file_ref idref="fl-1c"/>
      </object_component>
      <object_component id="oc-d4">
         <name>PieVectTableFile</name>
         <uninitialized>true</uninitialized>
         <run_address>0xd00</run_address>
         <size>0x100</size>
         <input_file_ref idref="fl-11"/>
      </object_component>
      <object_component id="oc-d0">
         <name>DevEmuRegsFile</name>
         <uninitialized>true</uninitialized>
         <run_address>0x880</run_address>
         <size>0xd0</size>
         <input_file_ref idref="fl-11"/>
      </object_component>
      <object_component id="oc-a6">
         <name>FlashRegsFile</name>
         <uninitialized>true</uninitialized>
         <run_address>0xa80</run_address>
         <size>0x8</size>
         <input_file_ref idref="fl-11"/>
      </object_component>
      <object_component id="oc-ae">
         <name>CsmRegsFile</name>
         <uninitialized>true</uninitialized>
         <run_address>0xae0</run_address>
         <size>0x10</size>
         <input_file_ref idref="fl-11"/>
      </object_component>
      <object_component id="oc-af">
         <name>AdcMirrorFile</name>
         <uninitialized>true</uninitialized>
         <run_address>0xb00</run_address>
         <size>0x10</size>
         <input_file_ref idref="fl-11"/>
      </object_component>
      <object_component id="oc-b3">
         <name>XintfRegsFile</name>
         <uninitialized>true</uninitialized>
         <run_address>0xb20</run_address>
         <size>0x1e</size>
         <input_file_ref idref="fl-11"/>
      </object_component>
      <object_component id="oc-a7">
         <name>CpuTimer0RegsFile</name>
         <uninitialized>true</uninitialized>
         <run_address>0xc00</run_address>
         <size>0x8</size>
         <input_file_ref idref="fl-11"/>
      </object_component>
      <object_component id="oc-a8">
         <name>CpuTimer1RegsFile</name>
         <uninitialized>true</uninitialized>
         <run_address>0xc08</run_address>
         <size>0x8</size>
         <input_file_ref idref="fl-11"/>
      </object_component>
      <object_component id="oc-a4">
         <name>CpuTimer2RegsFile</name>
         <uninitialized>true</uninitialized>
         <run_address>0xc10</run_address>
         <size>0x8</size>
         <input_file_ref idref="fl-11"/>
      </object_component>
      <object_component id="oc-b1">
         <name>PieCtrlRegsFile</name>
         <uninitialized>true</uninitialized>
         <run_address>0xce0</run_address>
         <size>0x1a</size>
         <input_file_ref idref="fl-11"/>
      </object_component>
      <object_component id="oc-d1">
         <name>DmaRegsFile</name>
         <uninitialized>true</uninitialized>
         <run_address>0x1000</run_address>
         <size>0xe0</size>
         <input_file_ref idref="fl-11"/>
      </object_component>
      <object_component id="oc-c4">
         <name>McbspaRegsFile</name>
         <uninitialized>true</uninitialized>
         <run_address>0x5000</run_address>
         <size>0x25</size>
         <input_file_ref idref="fl-11"/>
      </object_component>
      <object_component id="oc-c3">
         <name>McbspbRegsFile</name>
         <uninitialized>true</uninitialized>
         <run_address>0x5040</run_address>
         <size>0x25</size>
         <input_file_ref idref="fl-11"/>
      </object_component>
      <object_component id="oc-c6">
         <name>ECanaRegsFile</name>
         <uninitialized>true</uninitialized>
         <run_address>0x6000</run_address>
         <size>0x34</size>
         <input_file_ref idref="fl-11"/>
      </object_component>
      <object_component id="oc-ca">
         <name>ECanaLAMRegsFile</name>
         <uninitialized>true</uninitialized>
         <run_address>0x6040</run_address>
         <size>0x40</size>
         <input_file_ref idref="fl-11"/>
      </object_component>
      <object_component id="oc-d3">
         <name>ECanaMboxesFile</name>
         <uninitialized>true</uninitialized>
         <run_address>0x6100</run_address>
         <size>0x100</size>
         <input_file_ref idref="fl-11"/>
      </object_component>
      <object_component id="oc-cb">
         <name>ECanaMOTSRegsFile</name>
         <uninitialized>true</uninitialized>
         <run_address>0x6080</run_address>
         <size>0x40</size>
         <input_file_ref idref="fl-11"/>
      </object_component>
      <object_component id="oc-c8">
         <name>ECanaMOTORegsFile</name>
         <uninitialized>true</uninitialized>
         <run_address>0x60c0</run_address>
         <size>0x40</size>
         <input_file_ref idref="fl-11"/>
      </object_component>
      <object_component id="oc-c7">
         <name>ECanbRegsFile</name>
         <uninitialized>true</uninitialized>
         <run_address>0x6200</run_address>
         <size>0x34</size>
         <input_file_ref idref="fl-11"/>
      </object_component>
      <object_component id="oc-cf">
         <name>ECanbLAMRegsFile</name>
         <uninitialized>true</uninitialized>
         <run_address>0x6240</run_address>
         <size>0x40</size>
         <input_file_ref idref="fl-11"/>
      </object_component>
      <object_component id="oc-d2">
         <name>ECanbMboxesFile</name>
         <uninitialized>true</uninitialized>
         <run_address>0x6300</run_address>
         <size>0x100</size>
         <input_file_ref idref="fl-11"/>
      </object_component>
      <object_component id="oc-c9">
         <name>ECanbMOTSRegsFile</name>
         <uninitialized>true</uninitialized>
         <run_address>0x6280</run_address>
         <size>0x40</size>
         <input_file_ref idref="fl-11"/>
      </object_component>
      <object_component id="oc-cc">
         <name>ECanbMOTORegsFile</name>
         <uninitialized>true</uninitialized>
         <run_address>0x62c0</run_address>
         <size>0x40</size>
         <input_file_ref idref="fl-11"/>
      </object_component>
      <object_component id="oc-c1">
         <name>EPwm1RegsFile</name>
         <uninitialized>true</uninitialized>
         <run_address>0x6800</run_address>
         <size>0x22</size>
         <input_file_ref idref="fl-11"/>
      </object_component>
      <object_component id="oc-bc">
         <name>EPwm2RegsFile</name>
         <uninitialized>true</uninitialized>
         <run_address>0x6840</run_address>
         <size>0x22</size>
         <input_file_ref idref="fl-11"/>
      </object_component>
      <object_component id="oc-bd">
         <name>EPwm3RegsFile</name>
         <uninitialized>true</uninitialized>
         <run_address>0x6880</run_address>
         <size>0x22</size>
         <input_file_ref idref="fl-11"/>
      </object_component>
      <object_component id="oc-c2">
         <name>EPwm4RegsFile</name>
         <uninitialized>true</uninitialized>
         <run_address>0x68c0</run_address>
         <size>0x22</size>
         <input_file_ref idref="fl-11"/>
      </object_component>
      <object_component id="oc-bf">
         <name>EPwm5RegsFile</name>
         <uninitialized>true</uninitialized>
         <run_address>0x6900</run_address>
         <size>0x22</size>
         <input_file_ref idref="fl-11"/>
      </object_component>
      <object_component id="oc-c0">
         <name>EPwm6RegsFile</name>
         <uninitialized>true</uninitialized>
         <run_address>0x6940</run_address>
         <size>0x22</size>
         <input_file_ref idref="fl-11"/>
      </object_component>
      <object_component id="oc-b6">
         <name>ECap1RegsFile</name>
         <uninitialized>true</uninitialized>
         <run_address>0x6a00</run_address>
         <size>0x20</size>
         <input_file_ref idref="fl-11"/>
      </object_component>
      <object_component id="oc-b7">
         <name>ECap2RegsFile</name>
         <uninitialized>true</uninitialized>
         <run_address>0x6a20</run_address>
         <size>0x20</size>
         <input_file_ref idref="fl-11"/>
      </object_component>
      <object_component id="oc-b4">
         <name>ECap3RegsFile</name>
         <uninitialized>true</uninitialized>
         <run_address>0x6a40</run_address>
         <size>0x20</size>
         <input_file_ref idref="fl-11"/>
      </object_component>
      <object_component id="oc-b5">
         <name>ECap4RegsFile</name>
         <uninitialized>true</uninitialized>
         <run_address>0x6a60</run_address>
         <size>0x20</size>
         <input_file_ref idref="fl-11"/>
      </object_component>
      <object_component id="oc-ba">
         <name>ECap5RegsFile</name>
         <uninitialized>true</uninitialized>
         <run_address>0x6a80</run_address>
         <size>0x20</size>
         <input_file_ref idref="fl-11"/>
      </object_component>
      <object_component id="oc-bb">
         <name>ECap6RegsFile</name>
         <uninitialized>true</uninitialized>
         <run_address>0x6aa0</run_address>
         <size>0x20</size>
         <input_file_ref idref="fl-11"/>
      </object_component>
      <object_component id="oc-cd">
         <name>EQep1RegsFile</name>
         <uninitialized>true</uninitialized>
         <run_address>0x6b00</run_address>
         <size>0x40</size>
         <input_file_ref idref="fl-11"/>
      </object_component>
      <object_component id="oc-ce">
         <name>EQep2RegsFile</name>
         <uninitialized>true</uninitialized>
         <run_address>0x6b40</run_address>
         <size>0x40</size>
         <input_file_ref idref="fl-11"/>
      </object_component>
      <object_component id="oc-c5">
         <name>GpioCtrlRegsFile</name>
         <uninitialized>true</uninitialized>
         <run_address>0x6f80</run_address>
         <size>0x2e</size>
         <input_file_ref idref="fl-11"/>
      </object_component>
      <object_component id="oc-b8">
         <name>GpioDataRegsFile</name>
         <uninitialized>true</uninitialized>
         <run_address>0x6fc0</run_address>
         <size>0x20</size>
         <input_file_ref idref="fl-11"/>
      </object_component>
      <object_component id="oc-a9">
         <name>GpioIntRegsFile</name>
         <uninitialized>true</uninitialized>
         <run_address>0x6fe0</run_address>
         <size>0xa</size>
         <input_file_ref idref="fl-11"/>
      </object_component>
      <object_component id="oc-b9">
         <name>SysCtrlRegsFile</name>
         <uninitialized>true</uninitialized>
         <run_address>0x7010</run_address>
         <size>0x20</size>
         <input_file_ref idref="fl-11"/>
      </object_component>
      <object_component id="oc-aa">
         <name>SpiaRegsFile</name>
         <uninitialized>true</uninitialized>
         <run_address>0x7040</run_address>
         <size>0x10</size>
         <input_file_ref idref="fl-11"/>
      </object_component>
      <object_component id="oc-ad">
         <name>SciaRegsFile</name>
         <uninitialized>true</uninitialized>
         <run_address>0x7050</run_address>
         <size>0x10</size>
         <input_file_ref idref="fl-11"/>
      </object_component>
      <object_component id="oc-b0">
         <name>XIntruptRegsFile</name>
         <uninitialized>true</uninitialized>
         <run_address>0x7070</run_address>
         <size>0x10</size>
         <input_file_ref idref="fl-11"/>
      </object_component>
      <object_component id="oc-b2">
         <name>AdcRegsFile</name>
         <uninitialized>true</uninitialized>
         <run_address>0x7100</run_address>
         <size>0x1e</size>
         <input_file_ref idref="fl-11"/>
      </object_component>
      <object_component id="oc-ab">
         <name>ScibRegsFile</name>
         <uninitialized>true</uninitialized>
         <run_address>0x7750</run_address>
         <size>0x10</size>
         <input_file_ref idref="fl-11"/>
      </object_component>
      <object_component id="oc-ac">
         <name>ScicRegsFile</name>
         <uninitialized>true</uninitialized>
         <run_address>0x7770</run_address>
         <size>0x10</size>
         <input_file_ref idref="fl-11"/>
      </object_component>
      <object_component id="oc-be">
         <name>I2caRegsFile</name>
         <uninitialized>true</uninitialized>
         <run_address>0x7900</run_address>
         <size>0x22</size>
         <input_file_ref idref="fl-11"/>
      </object_component>
      <object_component id="oc-a5">
         <name>CsmPwlFile</name>
         <uninitialized>true</uninitialized>
         <run_address>0x33fff8</run_address>
         <size>0x8</size>
         <input_file_ref idref="fl-11"/>
      </object_component>
      <object_component id="oc-a3">
         <name>PartIdRegsFile</name>
         <uninitialized>true</uninitialized>
         <run_address>0x380090</run_address>
         <size>0x1</size>
         <input_file_ref idref="fl-11"/>
      </object_component>
      <object_component id="oc-4c">
         <name>.debug_info</name>
         <load_address>0x0</load_address>
         <run_address>0x0</run_address>
         <size>0x461</size>
         <input_file_ref idref="fl-2"/>
      </object_component>
      <object_component id="oc-51">
         <name>.debug_info</name>
         <load_address>0x461</load_address>
         <run_address>0x461</run_address>
         <size>0x3934</size>
         <input_file_ref idref="fl-3"/>
      </object_component>
      <object_component id="oc-56">
         <name>.debug_info</name>
         <load_address>0x3d95</load_address>
         <run_address>0x3d95</run_address>
         <size>0x7900</size>
         <input_file_ref idref="fl-4"/>
      </object_component>
      <object_component id="oc-5b">
         <name>.debug_info</name>
         <load_address>0xb695</load_address>
         <run_address>0xb695</run_address>
         <size>0x357d</size>
         <input_file_ref idref="fl-5"/>
      </object_component>
      <object_component id="oc-62">
         <name>.debug_info</name>
         <load_address>0xec12</load_address>
         <run_address>0xec12</run_address>
         <size>0x89b8</size>
         <input_file_ref idref="fl-6"/>
      </object_component>
      <object_component id="oc-6d">
         <name>.debug_info</name>
         <load_address>0x175ca</load_address>
         <run_address>0x175ca</run_address>
         <size>0xa85</size>
         <input_file_ref idref="fl-7"/>
      </object_component>
      <object_component id="oc-72">
         <name>.debug_info</name>
         <load_address>0x1804f</load_address>
         <run_address>0x1804f</run_address>
         <size>0x386b</size>
         <input_file_ref idref="fl-8"/>
      </object_component>
      <object_component id="oc-79">
         <name>.debug_info</name>
         <load_address>0x1b8ba</load_address>
         <run_address>0x1b8ba</run_address>
         <size>0x13d</size>
         <input_file_ref idref="fl-9"/>
      </object_component>
      <object_component id="oc-7d">
         <name>.debug_info</name>
         <load_address>0x1b9f7</load_address>
         <run_address>0x1b9f7</run_address>
         <size>0x9c9</size>
         <input_file_ref idref="fl-a"/>
      </object_component>
      <object_component id="oc-83">
         <name>.debug_info</name>
         <load_address>0x1c3c0</load_address>
         <run_address>0x1c3c0</run_address>
         <size>0x246a</size>
         <input_file_ref idref="fl-b"/>
      </object_component>
      <object_component id="oc-8a">
         <name>.debug_info</name>
         <load_address>0x1e82a</load_address>
         <run_address>0x1e82a</run_address>
         <size>0x103</size>
         <input_file_ref idref="fl-c"/>
      </object_component>
      <object_component id="oc-8e">
         <name>.debug_info</name>
         <load_address>0x1e92d</load_address>
         <run_address>0x1e92d</run_address>
         <size>0x532d</size>
         <input_file_ref idref="fl-d"/>
      </object_component>
      <object_component id="oc-93">
         <name>.debug_info</name>
         <load_address>0x23c5a</load_address>
         <run_address>0x23c5a</run_address>
         <size>0xb71</size>
         <input_file_ref idref="fl-e"/>
      </object_component>
      <object_component id="oc-98">
         <name>.debug_info</name>
         <load_address>0x247cb</load_address>
         <run_address>0x247cb</run_address>
         <size>0x2040</size>
         <input_file_ref idref="fl-f"/>
      </object_component>
      <object_component id="oc-9e">
         <name>.debug_info</name>
         <load_address>0x2680b</load_address>
         <run_address>0x2680b</run_address>
         <size>0xff</size>
         <input_file_ref idref="fl-10"/>
      </object_component>
      <object_component id="oc-a2">
         <name>.debug_info</name>
         <load_address>0x2690a</load_address>
         <run_address>0x2690a</run_address>
         <size>0x133af</size>
         <input_file_ref idref="fl-11"/>
      </object_component>
      <object_component id="oc-d8">
         <name>.debug_info</name>
         <load_address>0x39cb9</load_address>
         <run_address>0x39cb9</run_address>
         <size>0x187</size>
         <input_file_ref idref="fl-1c"/>
      </object_component>
      <object_component id="oc-dc">
         <name>.debug_info</name>
         <load_address>0x39e40</load_address>
         <run_address>0x39e40</run_address>
         <size>0x643</size>
         <input_file_ref idref="fl-1d"/>
      </object_component>
      <object_component id="oc-e2">
         <name>.debug_info</name>
         <load_address>0x3a483</load_address>
         <run_address>0x3a483</run_address>
         <size>0x12e</size>
         <input_file_ref idref="fl-1e"/>
      </object_component>
      <object_component id="oc-e6">
         <name>.debug_info</name>
         <load_address>0x3a5b1</load_address>
         <run_address>0x3a5b1</run_address>
         <size>0x5af</size>
         <input_file_ref idref="fl-1f"/>
      </object_component>
      <object_component id="oc-ec">
         <name>.debug_info</name>
         <load_address>0x3ab60</load_address>
         <run_address>0x3ab60</run_address>
         <size>0x1d7</size>
         <input_file_ref idref="fl-20"/>
      </object_component>
      <object_component id="oc-f0">
         <name>.debug_info</name>
         <load_address>0x3ad37</load_address>
         <run_address>0x3ad37</run_address>
         <size>0x5c7</size>
         <input_file_ref idref="fl-21"/>
      </object_component>
      <object_component id="oc-f8">
         <name>.debug_info</name>
         <load_address>0x3b2fe</load_address>
         <run_address>0x3b2fe</run_address>
         <size>0x128</size>
         <input_file_ref idref="fl-22"/>
      </object_component>
      <object_component id="oc-fd">
         <name>.debug_info</name>
         <load_address>0x3b426</load_address>
         <run_address>0x3b426</run_address>
         <size>0x155</size>
         <input_file_ref idref="fl-23"/>
      </object_component>
      <object_component id="oc-101">
         <name>.debug_info</name>
         <load_address>0x3b57b</load_address>
         <run_address>0x3b57b</run_address>
         <size>0x3fe</size>
         <input_file_ref idref="fl-24"/>
      </object_component>
      <object_component id="oc-106">
         <name>.debug_info</name>
         <load_address>0x3b979</load_address>
         <run_address>0x3b979</run_address>
         <size>0x3fb</size>
         <input_file_ref idref="fl-25"/>
      </object_component>
      <object_component id="oc-10b">
         <name>.debug_info</name>
         <load_address>0x3bd74</load_address>
         <run_address>0x3bd74</run_address>
         <size>0x51d</size>
         <input_file_ref idref="fl-26"/>
      </object_component>
      <object_component id="oc-110">
         <name>.debug_info</name>
         <load_address>0x3c291</load_address>
         <run_address>0x3c291</run_address>
         <size>0x4ea</size>
         <input_file_ref idref="fl-27"/>
      </object_component>
      <object_component id="oc-1c0">
         <name>.debug_info</name>
         <load_address>0x3c77b</load_address>
         <run_address>0x3c77b</run_address>
         <size>0xaa</size>
      </object_component>
      <object_component id="oc-4d">
         <name>.debug_frame</name>
         <load_address>0x0</load_address>
         <run_address>0x0</run_address>
         <size>0xa7</size>
         <input_file_ref idref="fl-2"/>
      </object_component>
      <object_component id="oc-52">
         <name>.debug_frame</name>
         <load_address>0xa7</load_address>
         <run_address>0xa7</run_address>
         <size>0x25d</size>
         <input_file_ref idref="fl-3"/>
      </object_component>
      <object_component id="oc-57">
         <name>.debug_frame</name>
         <load_address>0x304</load_address>
         <run_address>0x304</run_address>
         <size>0x148</size>
         <input_file_ref idref="fl-4"/>
      </object_component>
      <object_component id="oc-5e">
         <name>.debug_frame</name>
         <load_address>0x44c</load_address>
         <run_address>0x44c</run_address>
         <size>0x2b7</size>
         <input_file_ref idref="fl-5"/>
      </object_component>
      <object_component id="oc-69">
         <name>.debug_frame</name>
         <load_address>0x703</load_address>
         <run_address>0x703</run_address>
         <size>0x3d8</size>
         <input_file_ref idref="fl-6"/>
      </object_component>
      <object_component id="oc-6e">
         <name>.debug_frame</name>
         <load_address>0xadb</load_address>
         <run_address>0xadb</run_address>
         <size>0x200</size>
         <input_file_ref idref="fl-7"/>
      </object_component>
      <object_component id="oc-73">
         <name>.debug_frame</name>
         <load_address>0xcdb</load_address>
         <run_address>0xcdb</run_address>
         <size>0xd8</size>
         <input_file_ref idref="fl-8"/>
      </object_component>
      <object_component id="oc-7f">
         <name>.debug_frame</name>
         <load_address>0xdb3</load_address>
         <run_address>0xdb3</run_address>
         <size>0xbc</size>
         <input_file_ref idref="fl-a"/>
      </object_component>
      <object_component id="oc-85">
         <name>.debug_frame</name>
         <load_address>0xe6f</load_address>
         <run_address>0xe6f</run_address>
         <size>0xbf7</size>
         <input_file_ref idref="fl-b"/>
      </object_component>
      <object_component id="oc-8f">
         <name>.debug_frame</name>
         <load_address>0x1a66</load_address>
         <run_address>0x1a66</run_address>
         <size>0x23c</size>
         <input_file_ref idref="fl-d"/>
      </object_component>
      <object_component id="oc-94">
         <name>.debug_frame</name>
         <load_address>0x1ca2</load_address>
         <run_address>0x1ca2</run_address>
         <size>0xb6</size>
         <input_file_ref idref="fl-e"/>
      </object_component>
      <object_component id="oc-99">
         <name>.debug_frame</name>
         <load_address>0x1d58</load_address>
         <run_address>0x1d58</run_address>
         <size>0x118</size>
         <input_file_ref idref="fl-f"/>
      </object_component>
      <object_component id="oc-dd">
         <name>.debug_frame</name>
         <load_address>0x1e70</load_address>
         <run_address>0x1e70</run_address>
         <size>0xba</size>
         <input_file_ref idref="fl-1d"/>
      </object_component>
      <object_component id="oc-e8">
         <name>.debug_frame</name>
         <load_address>0x1f2a</load_address>
         <run_address>0x1f2a</run_address>
         <size>0xab</size>
         <input_file_ref idref="fl-1f"/>
      </object_component>
      <object_component id="oc-f3">
         <name>.debug_frame</name>
         <load_address>0x1fd5</load_address>
         <run_address>0x1fd5</run_address>
         <size>0xbf</size>
         <input_file_ref idref="fl-21"/>
      </object_component>
      <object_component id="oc-102">
         <name>.debug_frame</name>
         <load_address>0x2094</load_address>
         <run_address>0x2094</run_address>
         <size>0xa1</size>
         <input_file_ref idref="fl-24"/>
      </object_component>
      <object_component id="oc-107">
         <name>.debug_frame</name>
         <load_address>0x2135</load_address>
         <run_address>0x2135</run_address>
         <size>0xa1</size>
         <input_file_ref idref="fl-25"/>
      </object_component>
      <object_component id="oc-10c">
         <name>.debug_frame</name>
         <load_address>0x21d6</load_address>
         <run_address>0x21d6</run_address>
         <size>0xcb</size>
         <input_file_ref idref="fl-26"/>
      </object_component>
      <object_component id="oc-111">
         <name>.debug_frame</name>
         <load_address>0x22a1</load_address>
         <run_address>0x22a1</run_address>
         <size>0xa1</size>
         <input_file_ref idref="fl-27"/>
      </object_component>
      <object_component id="oc-4e">
         <name>.debug_line</name>
         <load_address>0x0</load_address>
         <run_address>0x0</run_address>
         <size>0x53</size>
         <input_file_ref idref="fl-2"/>
      </object_component>
      <object_component id="oc-53">
         <name>.debug_line</name>
         <load_address>0x53</load_address>
         <run_address>0x53</run_address>
         <size>0x310</size>
         <input_file_ref idref="fl-3"/>
      </object_component>
      <object_component id="oc-58">
         <name>.debug_line</name>
         <load_address>0x363</load_address>
         <run_address>0x363</run_address>
         <size>0x1c8</size>
         <input_file_ref idref="fl-4"/>
      </object_component>
      <object_component id="oc-5f">
         <name>.debug_line</name>
         <load_address>0x52b</load_address>
         <run_address>0x52b</run_address>
         <size>0x859</size>
         <input_file_ref idref="fl-5"/>
      </object_component>
      <object_component id="oc-6a">
         <name>.debug_line</name>
         <load_address>0xd84</load_address>
         <run_address>0xd84</run_address>
         <size>0x4ec</size>
         <input_file_ref idref="fl-6"/>
      </object_component>
      <object_component id="oc-6f">
         <name>.debug_line</name>
         <load_address>0x1270</load_address>
         <run_address>0x1270</run_address>
         <size>0x195</size>
         <input_file_ref idref="fl-7"/>
      </object_component>
      <object_component id="oc-74">
         <name>.debug_line</name>
         <load_address>0x1405</load_address>
         <run_address>0x1405</run_address>
         <size>0x106</size>
         <input_file_ref idref="fl-8"/>
      </object_component>
      <object_component id="oc-7a">
         <name>.debug_line</name>
         <load_address>0x150b</load_address>
         <run_address>0x150b</run_address>
         <size>0x68</size>
         <input_file_ref idref="fl-9"/>
      </object_component>
      <object_component id="oc-80">
         <name>.debug_line</name>
         <load_address>0x1573</load_address>
         <run_address>0x1573</run_address>
         <size>0x8b</size>
         <input_file_ref idref="fl-a"/>
      </object_component>
      <object_component id="oc-86">
         <name>.debug_line</name>
         <load_address>0x15fe</load_address>
         <run_address>0x15fe</run_address>
         <size>0x755</size>
         <input_file_ref idref="fl-b"/>
      </object_component>
      <object_component id="oc-8b">
         <name>.debug_line</name>
         <load_address>0x1d53</load_address>
         <run_address>0x1d53</run_address>
         <size>0x52</size>
         <input_file_ref idref="fl-c"/>
      </object_component>
      <object_component id="oc-90">
         <name>.debug_line</name>
         <load_address>0x1da5</load_address>
         <run_address>0x1da5</run_address>
         <size>0x2cf</size>
         <input_file_ref idref="fl-d"/>
      </object_component>
      <object_component id="oc-95">
         <name>.debug_line</name>
         <load_address>0x2074</load_address>
         <run_address>0x2074</run_address>
         <size>0x8d</size>
         <input_file_ref idref="fl-e"/>
      </object_component>
      <object_component id="oc-9a">
         <name>.debug_line</name>
         <load_address>0x2101</load_address>
         <run_address>0x2101</run_address>
         <size>0x149</size>
         <input_file_ref idref="fl-f"/>
      </object_component>
      <object_component id="oc-9f">
         <name>.debug_line</name>
         <load_address>0x224a</load_address>
         <run_address>0x224a</run_address>
         <size>0x4f</size>
         <input_file_ref idref="fl-10"/>
      </object_component>
      <object_component id="oc-d9">
         <name>.debug_line</name>
         <load_address>0x2299</load_address>
         <run_address>0x2299</run_address>
         <size>0x7e</size>
         <input_file_ref idref="fl-1c"/>
      </object_component>
      <object_component id="oc-de">
         <name>.debug_line</name>
         <load_address>0x2317</load_address>
         <run_address>0x2317</run_address>
         <size>0x6a</size>
         <input_file_ref idref="fl-1d"/>
      </object_component>
      <object_component id="oc-e3">
         <name>.debug_line</name>
         <load_address>0x2381</load_address>
         <run_address>0x2381</run_address>
         <size>0x50</size>
         <input_file_ref idref="fl-1e"/>
      </object_component>
      <object_component id="oc-e9">
         <name>.debug_line</name>
         <load_address>0x23d1</load_address>
         <run_address>0x23d1</run_address>
         <size>0xdd</size>
         <input_file_ref idref="fl-1f"/>
      </object_component>
      <object_component id="oc-f4">
         <name>.debug_line</name>
         <load_address>0x24ae</load_address>
         <run_address>0x24ae</run_address>
         <size>0x65</size>
         <input_file_ref idref="fl-21"/>
      </object_component>
      <object_component id="oc-f9">
         <name>.debug_line</name>
         <load_address>0x2513</load_address>
         <run_address>0x2513</run_address>
         <size>0xad</size>
         <input_file_ref idref="fl-22"/>
      </object_component>
      <object_component id="oc-fe">
         <name>.debug_line</name>
         <load_address>0x25c0</load_address>
         <run_address>0x25c0</run_address>
         <size>0x69</size>
         <input_file_ref idref="fl-23"/>
      </object_component>
      <object_component id="oc-103">
         <name>.debug_line</name>
         <load_address>0x2629</load_address>
         <run_address>0x2629</run_address>
         <size>0x3e</size>
         <input_file_ref idref="fl-24"/>
      </object_component>
      <object_component id="oc-108">
         <name>.debug_line</name>
         <load_address>0x2667</load_address>
         <run_address>0x2667</run_address>
         <size>0x3a</size>
         <input_file_ref idref="fl-25"/>
      </object_component>
      <object_component id="oc-10d">
         <name>.debug_line</name>
         <load_address>0x26a1</load_address>
         <run_address>0x26a1</run_address>
         <size>0x5e</size>
         <input_file_ref idref="fl-26"/>
      </object_component>
      <object_component id="oc-112">
         <name>.debug_line</name>
         <load_address>0x26ff</load_address>
         <run_address>0x26ff</run_address>
         <size>0x55</size>
         <input_file_ref idref="fl-27"/>
      </object_component>
      <object_component id="oc-4f">
         <name>.debug_abbrev</name>
         <load_address>0x0</load_address>
         <run_address>0x0</run_address>
         <size>0xb9</size>
         <input_file_ref idref="fl-2"/>
      </object_component>
      <object_component id="oc-54">
         <name>.debug_abbrev</name>
         <load_address>0xb9</load_address>
         <run_address>0xb9</run_address>
         <size>0x20e</size>
         <input_file_ref idref="fl-3"/>
      </object_component>
      <object_component id="oc-59">
         <name>.debug_abbrev</name>
         <load_address>0x2c7</load_address>
         <run_address>0x2c7</run_address>
         <size>0x1ab</size>
         <input_file_ref idref="fl-4"/>
      </object_component>
      <object_component id="oc-60">
         <name>.debug_abbrev</name>
         <load_address>0x472</load_address>
         <run_address>0x472</run_address>
         <size>0x1ff</size>
         <input_file_ref idref="fl-5"/>
      </object_component>
      <object_component id="oc-6b">
         <name>.debug_abbrev</name>
         <load_address>0x671</load_address>
         <run_address>0x671</run_address>
         <size>0x1bc</size>
         <input_file_ref idref="fl-6"/>
      </object_component>
      <object_component id="oc-70">
         <name>.debug_abbrev</name>
         <load_address>0x82d</load_address>
         <run_address>0x82d</run_address>
         <size>0x8c</size>
         <input_file_ref idref="fl-7"/>
      </object_component>
      <object_component id="oc-75">
         <name>.debug_abbrev</name>
         <load_address>0x8b9</load_address>
         <run_address>0x8b9</run_address>
         <size>0x13d</size>
         <input_file_ref idref="fl-8"/>
      </object_component>
      <object_component id="oc-7b">
         <name>.debug_abbrev</name>
         <load_address>0x9f6</load_address>
         <run_address>0x9f6</run_address>
         <size>0x21</size>
         <input_file_ref idref="fl-9"/>
      </object_component>
      <object_component id="oc-81">
         <name>.debug_abbrev</name>
         <load_address>0xa17</load_address>
         <run_address>0xa17</run_address>
         <size>0xfd</size>
         <input_file_ref idref="fl-a"/>
      </object_component>
      <object_component id="oc-87">
         <name>.debug_abbrev</name>
         <load_address>0xb14</load_address>
         <run_address>0xb14</run_address>
         <size>0xa8</size>
         <input_file_ref idref="fl-b"/>
      </object_component>
      <object_component id="oc-8c">
         <name>.debug_abbrev</name>
         <load_address>0xbbc</load_address>
         <run_address>0xbbc</run_address>
         <size>0x2f</size>
         <input_file_ref idref="fl-c"/>
      </object_component>
      <object_component id="oc-91">
         <name>.debug_abbrev</name>
         <load_address>0xbeb</load_address>
         <run_address>0xbeb</run_address>
         <size>0x146</size>
         <input_file_ref idref="fl-d"/>
      </object_component>
      <object_component id="oc-96">
         <name>.debug_abbrev</name>
         <load_address>0xd31</load_address>
         <run_address>0xd31</run_address>
         <size>0xc8</size>
         <input_file_ref idref="fl-e"/>
      </object_component>
      <object_component id="oc-9b">
         <name>.debug_abbrev</name>
         <load_address>0xdf9</load_address>
         <run_address>0xdf9</run_address>
         <size>0x16d</size>
         <input_file_ref idref="fl-f"/>
      </object_component>
      <object_component id="oc-a0">
         <name>.debug_abbrev</name>
         <load_address>0xf66</load_address>
         <run_address>0xf66</run_address>
         <size>0x2f</size>
         <input_file_ref idref="fl-10"/>
      </object_component>
      <object_component id="oc-d5">
         <name>.debug_abbrev</name>
         <load_address>0xf95</load_address>
         <run_address>0xf95</run_address>
         <size>0xb7</size>
         <input_file_ref idref="fl-11"/>
      </object_component>
      <object_component id="oc-da">
         <name>.debug_abbrev</name>
         <load_address>0x104c</load_address>
         <run_address>0x104c</run_address>
         <size>0x46</size>
         <input_file_ref idref="fl-1c"/>
      </object_component>
      <object_component id="oc-df">
         <name>.debug_abbrev</name>
         <load_address>0x1092</load_address>
         <run_address>0x1092</run_address>
         <size>0xfa</size>
         <input_file_ref idref="fl-1d"/>
      </object_component>
      <object_component id="oc-e4">
         <name>.debug_abbrev</name>
         <load_address>0x118c</load_address>
         <run_address>0x118c</run_address>
         <size>0x32</size>
         <input_file_ref idref="fl-1e"/>
      </object_component>
      <object_component id="oc-ea">
         <name>.debug_abbrev</name>
         <load_address>0x11be</load_address>
         <run_address>0x11be</run_address>
         <size>0xd6</size>
         <input_file_ref idref="fl-1f"/>
      </object_component>
      <object_component id="oc-ef">
         <name>.debug_abbrev</name>
         <load_address>0x1294</load_address>
         <run_address>0x1294</run_address>
         <size>0x31</size>
         <input_file_ref idref="fl-20"/>
      </object_component>
      <object_component id="oc-f5">
         <name>.debug_abbrev</name>
         <load_address>0x12c5</load_address>
         <run_address>0x12c5</run_address>
         <size>0x142</size>
         <input_file_ref idref="fl-21"/>
      </object_component>
      <object_component id="oc-fa">
         <name>.debug_abbrev</name>
         <load_address>0x1407</load_address>
         <run_address>0x1407</run_address>
         <size>0x38</size>
         <input_file_ref idref="fl-22"/>
      </object_component>
      <object_component id="oc-ff">
         <name>.debug_abbrev</name>
         <load_address>0x143f</load_address>
         <run_address>0x143f</run_address>
         <size>0x38</size>
         <input_file_ref idref="fl-23"/>
      </object_component>
      <object_component id="oc-104">
         <name>.debug_abbrev</name>
         <load_address>0x1477</load_address>
         <run_address>0x1477</run_address>
         <size>0x68</size>
         <input_file_ref idref="fl-24"/>
      </object_component>
      <object_component id="oc-109">
         <name>.debug_abbrev</name>
         <load_address>0x14df</load_address>
         <run_address>0x14df</run_address>
         <size>0x66</size>
         <input_file_ref idref="fl-25"/>
      </object_component>
      <object_component id="oc-10e">
         <name>.debug_abbrev</name>
         <load_address>0x1545</load_address>
         <run_address>0x1545</run_address>
         <size>0xb2</size>
         <input_file_ref idref="fl-26"/>
      </object_component>
      <object_component id="oc-113">
         <name>.debug_abbrev</name>
         <load_address>0x15f7</load_address>
         <run_address>0x15f7</run_address>
         <size>0xfe</size>
         <input_file_ref idref="fl-27"/>
      </object_component>
      <object_component id="oc-1c1">
         <name>.debug_abbrev</name>
         <load_address>0x16f5</load_address>
         <run_address>0x16f5</run_address>
         <size>0xf</size>
      </object_component>
      <object_component id="oc-50">
         <name>.debug_aranges</name>
         <load_address>0x0</load_address>
         <run_address>0x0</run_address>
         <size>0x20</size>
         <input_file_ref idref="fl-2"/>
      </object_component>
      <object_component id="oc-55">
         <name>.debug_aranges</name>
         <load_address>0x20</load_address>
         <run_address>0x20</run_address>
         <size>0xa8</size>
         <input_file_ref idref="fl-3"/>
      </object_component>
      <object_component id="oc-5a">
         <name>.debug_aranges</name>
         <load_address>0xc8</load_address>
         <run_address>0xc8</run_address>
         <size>0x58</size>
         <input_file_ref idref="fl-4"/>
      </object_component>
      <object_component id="oc-61">
         <name>.debug_aranges</name>
         <load_address>0x120</load_address>
         <run_address>0x120</run_address>
         <size>0xc0</size>
         <input_file_ref idref="fl-5"/>
      </object_component>
      <object_component id="oc-6c">
         <name>.debug_aranges</name>
         <load_address>0x1e0</load_address>
         <run_address>0x1e0</run_address>
         <size>0x68</size>
         <input_file_ref idref="fl-6"/>
      </object_component>
      <object_component id="oc-71">
         <name>.debug_aranges</name>
         <load_address>0x248</load_address>
         <run_address>0x248</run_address>
         <size>0x98</size>
         <input_file_ref idref="fl-7"/>
      </object_component>
      <object_component id="oc-76">
         <name>.debug_aranges</name>
         <load_address>0x2e0</load_address>
         <run_address>0x2e0</run_address>
         <size>0x30</size>
         <input_file_ref idref="fl-8"/>
      </object_component>
      <object_component id="oc-7c">
         <name>.debug_aranges</name>
         <load_address>0x310</load_address>
         <run_address>0x310</run_address>
         <size>0x28</size>
         <input_file_ref idref="fl-9"/>
      </object_component>
      <object_component id="oc-82">
         <name>.debug_aranges</name>
         <load_address>0x338</load_address>
         <run_address>0x338</run_address>
         <size>0x28</size>
         <input_file_ref idref="fl-a"/>
      </object_component>
      <object_component id="oc-88">
         <name>.debug_aranges</name>
         <load_address>0x360</load_address>
         <run_address>0x360</run_address>
         <size>0x290</size>
         <input_file_ref idref="fl-b"/>
      </object_component>
      <object_component id="oc-8d">
         <name>.debug_aranges</name>
         <load_address>0x5f0</load_address>
         <run_address>0x5f0</run_address>
         <size>0x20</size>
         <input_file_ref idref="fl-c"/>
      </object_component>
      <object_component id="oc-92">
         <name>.debug_aranges</name>
         <load_address>0x610</load_address>
         <run_address>0x610</run_address>
         <size>0xb8</size>
         <input_file_ref idref="fl-d"/>
      </object_component>
      <object_component id="oc-97">
         <name>.debug_aranges</name>
         <load_address>0x6c8</load_address>
         <run_address>0x6c8</run_address>
         <size>0x28</size>
         <input_file_ref idref="fl-e"/>
      </object_component>
      <object_component id="oc-9c">
         <name>.debug_aranges</name>
         <load_address>0x6f0</load_address>
         <run_address>0x6f0</run_address>
         <size>0x48</size>
         <input_file_ref idref="fl-f"/>
      </object_component>
      <object_component id="oc-a1">
         <name>.debug_aranges</name>
         <load_address>0x738</load_address>
         <run_address>0x738</run_address>
         <size>0x20</size>
         <input_file_ref idref="fl-10"/>
      </object_component>
      <object_component id="oc-db">
         <name>.debug_aranges</name>
         <load_address>0x758</load_address>
         <run_address>0x758</run_address>
         <size>0x20</size>
         <input_file_ref idref="fl-1c"/>
      </object_component>
      <object_component id="oc-e0">
         <name>.debug_aranges</name>
         <load_address>0x778</load_address>
         <run_address>0x778</run_address>
         <size>0x20</size>
         <input_file_ref idref="fl-1d"/>
      </object_component>
      <object_component id="oc-e5">
         <name>.debug_aranges</name>
         <load_address>0x798</load_address>
         <run_address>0x798</run_address>
         <size>0x20</size>
         <input_file_ref idref="fl-1e"/>
      </object_component>
      <object_component id="oc-eb">
         <name>.debug_aranges</name>
         <load_address>0x7b8</load_address>
         <run_address>0x7b8</run_address>
         <size>0x20</size>
         <input_file_ref idref="fl-1f"/>
      </object_component>
      <object_component id="oc-f6">
         <name>.debug_aranges</name>
         <load_address>0x7d8</load_address>
         <run_address>0x7d8</run_address>
         <size>0x28</size>
         <input_file_ref idref="fl-21"/>
      </object_component>
      <object_component id="oc-fb">
         <name>.debug_aranges</name>
         <load_address>0x800</load_address>
         <run_address>0x800</run_address>
         <size>0x20</size>
         <input_file_ref idref="fl-22"/>
      </object_component>
      <object_component id="oc-100">
         <name>.debug_aranges</name>
         <load_address>0x820</load_address>
         <run_address>0x820</run_address>
         <size>0x28</size>
         <input_file_ref idref="fl-23"/>
      </object_component>
      <object_component id="oc-105">
         <name>.debug_aranges</name>
         <load_address>0x848</load_address>
         <run_address>0x848</run_address>
         <size>0x20</size>
         <input_file_ref idref="fl-24"/>
      </object_component>
      <object_component id="oc-10a">
         <name>.debug_aranges</name>
         <load_address>0x868</load_address>
         <run_address>0x868</run_address>
         <size>0x20</size>
         <input_file_ref idref="fl-25"/>
      </object_component>
      <object_component id="oc-10f">
         <name>.debug_aranges</name>
         <load_address>0x888</load_address>
         <run_address>0x888</run_address>
         <size>0x30</size>
         <input_file_ref idref="fl-26"/>
      </object_component>
      <object_component id="oc-114">
         <name>.debug_aranges</name>
         <load_address>0x8b8</load_address>
         <run_address>0x8b8</run_address>
         <size>0x20</size>
         <input_file_ref idref="fl-27"/>
      </object_component>
      <object_component id="oc-67">
         <name>extSRAM6</name>
         <uninitialized>true</uninitialized>
         <run_address>0x100000</run_address>
         <size>0x7fff</size>
         <input_file_ref idref="fl-6"/>
      </object_component>
   </object_component_list>
   <logical_group_list>
      <logical_group id="lg-2" display="no" color="cyan">
         <name>codestart</name>
         <load_address>0x0</load_address>
         <run_address>0x0</run_address>
         <size>0x2</size>
         <contents>
            <object_component_ref idref="oc-78"/>
         </contents>
      </logical_group>
      <logical_group id="lg-3" display="no" color="cyan">
         <name>ramfuncs</name>
[...]
         <name>_RTOSINT_ISR</name>
         <value>0xa3c5</value>
         <object_component_ref idref="oc-84"/>
      </symbol>
      <symbol id="sm-408">
         <name>_EPWM3_INT_ISR</name>
         <value>0xa4fb</value>
         <object_component_ref idref="oc-84"/>
      </symbol>
      <symbol id="sm-409">
         <name>_ECAN1INTB_ISR</name>
         <value>0xa659</value>
         <object_component_ref idref="oc-84"/>
      </symbol>
      <symbol id="sm-40a">
         <name>_USER9_ISR</name>
         <value>0xa43d</value>
         <object_component_ref idref="oc-84"/>
      </symbol>
      <symbol id="sm-40b">
         <name>_USER3_ISR</name>
         <value>0xa401</value>
         <object_component_ref idref="oc-84"/>
      </symbol>
      <symbol id="sm-40c">
         <name>_EQEP1_INT_ISR</name>
         <value>0xa55f</value>
         <object_component_ref idref="oc-84"/>
      </symbol>
      <symbol id="sm-40d">
         <name>_MRINTB_ISR</name>
         <value>0xa587</value>
         <object_component_ref idref="oc-84"/>
      </symbol>
      <symbol id="sm-40e">
         <name>_DINTCH1_ISR</name>
         <value>0xa5af</value>
         <object_component_ref idref="oc-84"/>
      </symbol>
      <symbol id="sm-40f">
         <name>_USER8_ISR</name>
         <value>0xa433</value>
         <object_component_ref idref="oc-84"/>
      </symbol>
      <symbol id="sm-410">
         <name>_EPWM1_INT_ISR</name>
         <value>0xa4e7</value>
         <object_component_ref idref="oc-84"/>
      </symbol>
      <symbol id="sm-411">
         <name>_SEQ2INT_ISR</name>
         <value>0xa46f</value>
         <object_component_ref idref="oc-84"/>
      </symbol>
      <symbol id="sm-412">
         <name>_USER2_ISR</name>
         <value>0xa3f7</value>
         <object_component_ref idref="oc-84"/>
      </symbol>
      <symbol id="sm-413">
         <name>_LUF_ISR</name>
         <value>0xa69f</value>
         <object_component_ref idref="oc-84"/>
      </symbol>
      <symbol id="sm-414">
         <name>_LVF_ISR</name>
         <value>0xa695</value>
         <object_component_ref idref="oc-84"/>
      </symbol>
      <symbol id="sm-415">
         <name>_SCITXINTA_ISR</name>
         <value>0xa61d</value>
         <object_component_ref idref="oc-84"/>
      </symbol>
      <symbol id="sm-416">
         <name>_SCIRXINTA_ISR</name>
         <value>0xa613</value>
         <object_component_ref idref="oc-84"/>
      </symbol>
      <symbol id="sm-417">
         <name>_rsvd_ISR</name>
         <value>0xa6b3</value>
         <object_component_ref idref="oc-84"/>
      </symbol>
      <symbol id="sm-418">
         <name>_ECAP5_INT_ISR</name>
         <value>0xa54b</value>
         <object_component_ref idref="oc-84"/>
      </symbol>
      <symbol id="sm-419">
         <name>_DINTCH2_ISR</name>
         <value>0xa5b9</value>
         <object_component_ref idref="oc-84"/>
      </symbol>
      <symbol id="sm-41a">
         <name>_XINT5_ISR</name>
         <value>0xa677</value>
         <object_component_ref idref="oc-84"/>
      </symbol>
      <symbol id="sm-426">
         <name>_DSP28x_DisableInt</name>
         <value>0xb41e</value>
         <object_component_ref idref="oc-89"/>
      </symbol>
      <symbol id="sm-427">
         <name>_DSP28x_RestoreInt</name>
         <value>0xb422</value>
         <object_component_ref idref="oc-89"/>
      </symbol>
      <symbol id="sm-438">
         <name>_InitMcbspaGpio</name>
         <value>0xae6f</value>
         <object_component_ref idref="oc-15d"/>
      </symbol>
      <symbol id="sm-439">
         <name>_InitMcbspb20bit</name>
         <value>0xae49</value>
         <object_component_ref idref="oc-15d"/>
      </symbol>
      <symbol id="sm-43a">
         <name>_InitMcbspa20bit</name>
         <value>0xae0b</value>
         <object_component_ref idref="oc-15d"/>
      </symbol>
      <symbol id="sm-43b">
         <name>_InitMcbspb12bit</name>
         <value>0xae33</value>
         <object_component_ref idref="oc-15d"/>
      </symbol>
      <symbol id="sm-43c">
         <name>_InitMcbspa12bit</name>
         <value>0xadf5</value>
         <object_component_ref idref="oc-15d"/>
      </symbol>
      <symbol id="sm-43d">
         <name>_InitMcbsp</name>
         <value>0xad91</value>
         <object_component_ref idref="oc-15d"/>
      </symbol>
      <symbol id="sm-43e">
         <name>_InitMcbspa</name>
         <value>0xad96</value>
         <object_component_ref idref="oc-15d"/>
      </symbol>
      <symbol id="sm-43f">
         <name>_InitMcbspb</name>
         <value>0xadc2</value>
         <object_component_ref idref="oc-15d"/>
      </symbol>
      <symbol id="sm-440">
         <name>_InitMcbspb8bit</name>
         <value>0xae2c</value>
         <object_component_ref idref="oc-15d"/>
      </symbol>
      <symbol id="sm-441">
         <name>_InitMcbspb32bit</name>
         <value>0xae5f</value>
         <object_component_ref idref="oc-15d"/>
      </symbol>
      <symbol id="sm-442">
         <name>_InitMcbspa32bit</name>
         <value>0xae21</value>
         <object_component_ref idref="oc-15d"/>
      </symbol>
      <symbol id="sm-443">
         <name>_InitMcbspb24bit</name>
         <value>0xae54</value>
         <object_component_ref idref="oc-15d"/>
      </symbol>
      <symbol id="sm-444">
         <name>_InitMcbspa24bit</name>
         <value>0xae16</value>
         <object_component_ref idref="oc-15d"/>
      </symbol>
      <symbol id="sm-445">
         <name>_InitMcbspb16bit</name>
         <value>0xae3e</value>
         <object_component_ref idref="oc-15d"/>
      </symbol>
      <symbol id="sm-446">
         <name>_InitMcbspa16bit</name>
         <value>0xae00</value>
         <object_component_ref idref="oc-15d"/>
      </symbol>
      <symbol id="sm-447">
         <name>_clkg_delay_loop</name>
         <value>0xaee6</value>
         <object_component_ref idref="oc-15d"/>
      </symbol>
      <symbol id="sm-448">
         <name>_InitMcbspa8bit</name>
         <value>0xadee</value>
         <object_component_ref idref="oc-15d"/>
      </symbol>
      <symbol id="sm-449">
         <name>_InitMcbspbGpio</name>
         <value>0xaea8</value>
         <object_component_ref idref="oc-15d"/>
      </symbol>
      <symbol id="sm-44a">
         <name>_InitMcbspGpio</name>
         <value>0xae6a</value>
         <object_component_ref idref="oc-15d"/>
      </symbol>
      <symbol id="sm-44b">
         <name>_delay_loop</name>
         <value>0xaed0</value>
         <object_component_ref idref="oc-15d"/>
      </symbol>
      <symbol id="sm-458">
         <name>_InitPieCtrl</name>
         <value>0xb370</value>
         <object_component_ref idref="oc-15f"/>
      </symbol>
      <symbol id="sm-459">
         <name>_EnableInterrupts</name>
         <value>0xb38f</value>
         <object_component_ref idref="oc-15f"/>
      </symbol>
      <symbol id="sm-46f">
         <name>_InitPll</name>
         <value>0xaf15</value>
         <object_component_ref idref="oc-15c"/>
      </symbol>
      <symbol id="sm-470">
         <name>_DisableDog</name>
         <value>0xaf0d</value>
         <object_component_ref idref="oc-15c"/>
      </symbol>
      <symbol id="sm-471">
         <name>_InitPeripheralClocks</name>
         <value>0xaf66</value>
         <object_component_ref idref="oc-15c"/>
      </symbol>
      <symbol id="sm-472">
         <name>_CsmUnlock</name>
         <value>0xafba</value>
         <object_component_ref idref="oc-15c"/>
      </symbol>
      <symbol id="sm-473">
         <name>_ServiceDog</name>
         <value>0xaf03</value>
         <object_component_ref idref="oc-15c"/>
      </symbol>
      <symbol id="sm-474">
         <name>_InitSysCtrl</name>
         <value>0xaefc</value>
         <object_component_ref idref="oc-15c"/>
      </symbol>
      <symbol id="sm-480">
         <name>_DSP28x_usDelay</name>
         <value>0x847b</value>
         <object_component_ref idref="oc-9d"/>
      </symbol>
      <symbol id="sm-4eb">
         <name>_GpioCtrlRegs</name>
         <value>0x6f80</value>
         <object_component_ref idref="oc-c5"/>
      </symbol>
      <symbol id="sm-4ec">
         <name>_PieVectTable</name>
         <value>0xd00</value>
         <object_component_ref idref="oc-d4"/>
      </symbol>
      <symbol id="sm-4ed">
         <name>_ECap4Regs</name>
         <value>0x6a60</value>
         <object_component_ref idref="oc-b5"/>
      </symbol>
      <symbol id="sm-4ee">
         <name>_CsmRegs</name>
         <value>0xae0</value>
         <object_component_ref idref="oc-ae"/>
      </symbol>
      <symbol id="sm-4ef">
         <name>_ECanaLAMRegs</name>
         <value>0x6040</value>
         <object_component_ref idref="oc-ca"/>
      </symbol>
      <symbol id="sm-4f0">
         <name>_ECanbMOTORegs</name>
         <value>0x62c0</value>
         <object_component_ref idref="oc-cc"/>
      </symbol>
      <symbol id="sm-4f1">
         <name>_EPwm4Regs</name>
         <value>0x68c0</value>
         <object_component_ref idref="oc-c2"/>
      </symbol>
      <symbol id="sm-4f2">
         <name>_ECap5Regs</name>
         <value>0x6a80</value>
         <object_component_ref idref="oc-ba"/>
      </symbol>
      <symbol id="sm-4f3">
         <name>_CpuTimer1Regs</name>
         <value>0xc08</value>
         <object_component_ref idref="oc-a8"/>
      </symbol>
      <symbol id="sm-4f4">
         <name>_SysCtrlRegs</name>
         <value>0x7010</value>
         <object_component_ref idref="oc-b9"/>
      </symbol>
      <symbol id="sm-4f5">
         <name>_EPwm5Regs</name>
         <value>0x6900</value>
         <object_component_ref idref="oc-bf"/>
      </symbol>
      <symbol id="sm-4f6">
         <name>_SpiaRegs</name>
         <value>0x7040</value>
         <object_component_ref idref="oc-aa"/>
      </symbol>
      <symbol id="sm-4f7">
         <name>_ECanaMOTSRegs</name>
         <value>0x6080</value>
         <object_component_ref idref="oc-cb"/>
      </symbol>
      <symbol id="sm-4f8">
         <name>_ECap6Regs</name>
         <value>0x6aa0</value>
         <object_component_ref idref="oc-bb"/>
      </symbol>
      <symbol id="sm-4f9">
         <name>_DmaRegs</name>
         <value>0x1000</value>
         <object_component_ref idref="oc-d1"/>
      </symbol>
      <symbol id="sm-4fa">
         <name>_FlashRegs</name>
         <value>0xa80</value>
         <object_component_ref idref="oc-a6"/>
      </symbol>
      <symbol id="sm-4fb">
         <name>_CpuTimer0Regs</name>
         <value>0xc00</value>
         <object_component_ref idref="oc-a7"/>
      </symbol>
      <symbol id="sm-4fc">
         <name>_DevEmuRegs</name>
         <value>0x880</value>
         <object_component_ref idref="oc-d0"/>
      </symbol>
      <symbol id="sm-4fd">
         <name>_McbspbRegs</name>
         <value>0x5040</value>
         <object_component_ref idref="oc-c3"/>
      </symbol>
      <symbol id="sm-4fe">
         <name>_EPwm6Regs</name>
         <value>0x6940</value>
         <object_component_ref idref="oc-c0"/>
      </symbol>
      <symbol id="sm-4ff">
         <name>_SciaRegs</name>
         <value>0x7050</value>
         <object_component_ref idref="oc-ad"/>
      </symbol>
      <symbol id="sm-500">
         <name>_GpioDataRegs</name>
         <value>0x6fc0</value>
         <object_component_ref idref="oc-b8"/>
      </symbol>
      <symbol id="sm-501">
         <name>_CsmPwl</name>
         <value>0x33fff8</value>
         <object_component_ref idref="oc-a5"/>
      </symbol>
      <symbol id="sm-502">
         <name>_AdcRegs</name>
         <value>0x7100</value>
         <object_component_ref idref="oc-b2"/>
      </symbol>
      <symbol id="sm-503">
         <name>_XIntruptRegs</name>
         <value>0x7070</value>
         <object_component_ref idref="oc-b0"/>
      </symbol>
      <symbol id="sm-504">
         <name>_CpuTimer2Regs</name>
         <value>0xc10</value>
         <object_component_ref idref="oc-a4"/>
      </symbol>
      <symbol id="sm-505">
         <name>_PieCtrlRegs</name>
         <value>0xce0</value>
         <object_component_ref idref="oc-b1"/>
      </symbol>
      <symbol id="sm-506">
         <name>_ECanbMOTSRegs</name>
         <value>0x6280</value>
         <object_component_ref idref="oc-c9"/>
      </symbol>
      <symbol id="sm-507">
         <name>_ECanaRegs</name>
         <value>0x6000</value>
         <object_component_ref idref="oc-c6"/>
      </symbol>
      <symbol id="sm-508">
         <name>_AdcMirror</name>
         <value>0xb00</value>
         <object_component_ref idref="oc-af"/>
      </symbol>
      <symbol id="sm-509">
         <name>_ECanbMboxes</name>
         <value>0x6300</value>
         <object_component_ref idref="oc-d2"/>
      </symbol>
      <symbol id="sm-50a">
         <name>_XintfRegs</name>
         <value>0xb20</value>
         <object_component_ref idref="oc-b3"/>
      </symbol>
      <symbol id="sm-50b">
         <name>_ScicRegs</name>
         <value>0x7770</value>
         <object_component_ref idref="oc-ac"/>
      </symbol>
      <symbol id="sm-50c">
         <name>_ECap1Regs</name>
         <value>0x6a00</value>
         <object_component_ref idref="oc-b6"/>
      </symbol>
      <symbol id="sm-50d">
         <name>_EQep1Regs</name>
         <value>0x6b00</value>
         <object_component_ref idref="oc-cd"/>
      </symbol>
      <symbol id="sm-50e">
         <name>_McbspaRegs</name>
         <value>0x5000</value>
         <object_component_ref idref="oc-c4"/>
      </symbol>
      <symbol id="sm-50f">
         <name>_EPwm1Regs</name>
         <value>0x6800</value>
         <object_component_ref idref="oc-c1"/>
      </symbol>
      <symbol id="sm-510">
         <name>_ECanbRegs</name>
         <value>0x6200</value>
         <object_component_ref idref="oc-c7"/>
      </symbol>
      <symbol id="sm-511">
         <name>_ScibRegs</name>
         <value>0x7750</value>
         <object_component_ref idref="oc-ab"/>
      </symbol>
      <symbol id="sm-512">
         <name>_ECap2Regs</name>
         <value>0x6a20</value>
         <object_component_ref idref="oc-b7"/>
      </symbol>
      <symbol id="sm-513">
         <name>_GpioIntRegs</name>
         <value>0x6fe0</value>
         <object_component_ref idref="oc-a9"/>
      </symbol>
      <symbol id="sm-514">
         <name>_EQep2Regs</name>
         <value>0x6b40</value>
         <object_component_ref idref="oc-ce"/>
      </symbol>
      <symbol id="sm-515">
         <name>_PartIdRegs</name>
         <value>0x380090</value>
         <object_component_ref idref="oc-a3"/>
      </symbol>
      <symbol id="sm-516">
         <name>_EPwm2Regs</name>
         <value>0x6840</value>
         <object_component_ref idref="oc-bc"/>
      </symbol>
      <symbol id="sm-517">
         <name>_ECanaMboxes</name>
         <value>0x6100</value>
         <object_component_ref idref="oc-d3"/>
      </symbol>
      <symbol id="sm-518">
         <name>_ECap3Regs</name>
         <value>0x6a40</value>
         <object_component_ref idref="oc-b4"/>
      </symbol>
      <symbol id="sm-519">
         <name>_ECanaMOTORegs</name>
         <value>0x60c0</value>
         <object_component_ref idref="oc-c8"/>
      </symbol>
      <symbol id="sm-51a">
         <name>_EPwm3Regs</name>
         <value>0x6880</value>
         <object_component_ref idref="oc-bd"/>
      </symbol>
      <symbol id="sm-51b">
         <name>_ECanbLAMRegs</name>
         <value>0x6240</value>
         <object_component_ref idref="oc-cf"/>
      </symbol>
      <symbol id="sm-51c">
         <name>_I2caRegs</name>
         <value>0x7900</value>
         <object_component_ref idref="oc-be"/>
      </symbol>
      <symbol id="sm-539">
         <name>_c_int00</name>
         <value>0xb269</value>
         <object_component_ref idref="oc-4b"/>
      </symbol>
      <symbol id="sm-53a">
         <name>__stack</name>
         <value>0x400</value>
         <object_component_ref idref="oc-d6"/>
      </symbol>
      <symbol id="sm-550">
         <name>_copy_in</name>
         <value>0xb2bf</value>
         <object_component_ref idref="oc-116"/>
      </symbol>
      <symbol id="sm-55f">
         <name>_ppcopy</name>
         <value>0xb3da</value>
         <object_component_ref idref="oc-e1"/>
      </symbol>
      <symbol id="sm-560">
         <name>_dpcopy</name>
         <value>0xb3da</value>
         <object_component_ref idref="oc-e1"/>
      </symbol>
      <symbol id="sm-561">
         <name>_pdcopy</name>
         <value>0xb3da</value>
         <object_component_ref idref="oc-e1"/>
      </symbol>
      <symbol id="sm-562">
         <name>_ddcopy</name>
         <value>0xb3da</value>
         <object_component_ref idref="oc-e1"/>
      </symbol>
      <symbol id="sm-580">
         <name>_log2f</name>
         <value>0xafeb</value>
         <object_component_ref idref="oc-11e"/>
      </symbol>
      <symbol id="sm-581">
         <name>_log2</name>
         <value>0xafeb</value>
         <object_component_ref idref="oc-11e"/>
      </symbol>
      <symbol id="sm-58c">
         <name>_errno</name>
         <value>0xcd3e</value>
         <object_component_ref idref="oc-ee"/>
      </symbol>
      <symbol id="sm-5a1">
         <name>C$$EXIT</name>
         <value>0xb347</value>
         <object_component_ref idref="oc-119"/>
      </symbol>
      <symbol id="sm-5a2">
         <name>_exit</name>
         <value>0xb349</value>
         <object_component_ref idref="oc-119"/>
      </symbol>
      <symbol id="sm-5a3">
         <name>___TI_cleanup_ptr</name>
         <value>0xcd36</value>
         <object_component_ref idref="oc-f2"/>
      </symbol>
      <symbol id="sm-5a4">
         <name>___TI_enable_exit_profile_output</name>
         <value>0xcd34</value>
         <object_component_ref idref="oc-f2"/>
      </symbol>
      <symbol id="sm-5a5">
         <name>_abort</name>
         <value>0xb347</value>
         <object_component_ref idref="oc-119"/>
      </symbol>
      <symbol id="sm-5a6">
         <name>___TI_dtors_ptr</name>
         <value>0xcd38</value>
         <object_component_ref idref="oc-f2"/>
      </symbol>
      <symbol id="sm-5b7">
         <name>FS$$DIV</name>
         <value>0xb16e</value>
         <object_component_ref idref="oc-f7"/>
      </symbol>
      <symbol id="sm-5c5">
         <name>I$$MOD</name>
         <value>0xb3a9</value>
         <object_component_ref idref="oc-fc"/>
      </symbol>
      <symbol id="sm-5c6">
         <name>I$$DIV</name>
         <value>0xb398</value>
         <object_component_ref idref="oc-fc"/>
      </symbol>
      <symbol id="sm-5d3">
         <name>__system_pre_init</name>
         <value>0xb425</value>
         <object_component_ref idref="oc-115"/>
      </symbol>
      <symbol id="sm-5e0">
         <name>__system_post_cinit</name>
         <value>0xb427</value>
         <object_component_ref idref="oc-117"/>
      </symbol>
      <symbol id="sm-5f5">
         <name>__unlock</name>
         <value>0xcd3c</value>
         <object_component_ref idref="oc-166"/>
      </symbol>
      <symbol id="sm-5f6">
         <name>__lock</name>
         <value>0xcd3a</value>
         <object_component_ref idref="oc-11c"/>
      </symbol>
      <symbol id="sm-5f7">
         <name>__register_lock</name>
         <value>0xb411</value>
         <object_component_ref idref="oc-162"/>
      </symbol>
      <symbol id="sm-5f8">
         <name>__nop</name>
         <value>0xb415</value>
         <object_component_ref idref="oc-162"/>
      </symbol>
      <symbol id="sm-5f9">
         <name>__register_unlock</name>
         <value>0xb40d</value>
         <object_component_ref idref="oc-162"/>
      </symbol>
      <symbol id="sm-609">
         <name>__args_main</name>
         <value>0xb3f4</value>
         <object_component_ref idref="oc-118"/>
      </symbol>
   </symbol_table>
   <title>Link successful</title>
</link_info>
