******************************************************************************
             TMS320C2000 Linker PC v16.9.6                     
******************************************************************************
>> Linked Wed Apr 18 15:54:22 2018

OUTPUT FILE NAME:   <SENIOR_Codec_app.out>
ENTRY POINT SYMBOL: "code_start"  address: 0033fff6


MEMORY CONFIGURATION

         name            origin    length      used     unused   attr    fill
----------------------  --------  ---------  --------  --------  ----  --------
PAGE 0:
  ZONE0                 00004000   00001000  00000000  00001000  RWIX
  RAML0                 00008000   00001000  00000e47  000001b9  RWIX
  RAML1                 00009000   00001000  00000000  00001000  RWIX
  RAML2                 0000a000   00001000  00000000  00001000  RWIX
  RAML3                 0000b000   00001000  00000000  00001000  RWIX
  ZONE6                 00100000   00100000  00027fff  000d8001  RWIX
  ZONE7A                00200000   0000fc00  00000000  0000fc00  RWIX
  FLASHH                00300000   00008000  00000000  00008000  RWIX
  FLASHG                00308000   00008000  00000000  00008000  RWIX
  FLASHF                00310000   00008000  00000000  00008000  RWIX
  FLASHE                00318000   00008000  00000000  00008000  RWIX
  FLASHD                00320000   00008000  00000e47  000071b9  RWIX
  FLASHC                00328000   00008000  00000000  00008000  RWIX
  FLASHA                00338000   00007f80  000031f1  00004d8f  RWIX
  CSM_RSVD              0033ff80   00000076  00000076  00000000  RWIX
  BEGIN                 0033fff6   00000002  00000002  00000000  RWIX
  CSM_PWL               0033fff8   00000008  00000008  00000000  RWIX
  ADC_CAL               00380080   00000009  00000000  00000009  RWIX
  OTP                   00380400   00000400  00000000  00000400  RWIX
  IQTABLES              003fe000   00000b50  00000000  00000b50  RWIX
  IQTABLES2             003feb50   0000008c  00000000  0000008c  RWIX
  FPUTABLES             003febdc   000006a0  00000000  000006a0  RWIX
  ROM                   003ff27c   00000d44  00000000  00000d44  RWIX
  RESET                 003fffc0   00000002  00000000  00000002  RWIX
  VECTORS               003fffc2   0000003e  00000000  0000003e  RWIX

PAGE 1:
  BOOT_RSVD             00000000   00000050  00000000  00000050  RWIX
  RAMM0                 00000050   000003b0  00000000  000003b0  RWIX
  RAMM1                 00000400   00000400  00000300  00000100  RWIX
  DEV_EMU               00000880   00000180  000000d0  000000b0  RWIX
  FLASH_REGS            00000a80   00000060  00000008  00000058  RWIX
  CSM                   00000ae0   00000010  00000010  00000000  RWIX
  ADC_MIRROR            00000b00   00000010  00000010  00000000  RWIX
  XINTF                 00000b20   00000020  0000001e  00000002  RWIX
  CPU_TIMER0            00000c00   00000008  00000008  00000000  RWIX
  CPU_TIMER1            00000c08   00000008  00000008  00000000  RWIX
  CPU_TIMER2            00000c10   00000008  00000008  00000000  RWIX
  PIE_CTRL              00000ce0   00000020  0000001a  00000006  RWIX
  PIE_VECT              00000d00   00000100  00000100  00000000  RWIX
  DMA                   00001000   00000200  000000e0  00000120  RWIX
  MCBSPA                00005000   00000040  00000025  0000001b  RWIX
  MCBSPB                00005040   00000040  00000025  0000001b  RWIX
  ECANA                 00006000   00000040  00000034  0000000c  RWIX
  ECANA_LAM             00006040   00000040  00000040  00000000  RWIX
  ECANA_MOTS            00006080   00000040  00000040  00000000  RWIX
  ECANA_MOTO            000060c0   00000040  00000040  00000000  RWIX
  ECANA_MBOX            00006100   00000100  00000100  00000000  RWIX
  ECANB                 00006200   00000040  00000034  0000000c  RWIX
  ECANB_LAM             00006240   00000040  00000040  00000000  RWIX
  ECANB_MOTS            00006280   00000040  00000040  00000000  RWIX
  ECANB_MOTO            000062c0   00000040  00000040  00000000  RWIX
  ECANB_MBOX            00006300   00000100  00000100  00000000  RWIX
  EPWM1                 00006800   00000022  00000022  00000000  RWIX
  EPWM2                 00006840   00000022  00000022  00000000  RWIX
  EPWM3                 00006880   00000022  00000022  00000000  RWIX
  EPWM4                 000068c0   00000022  00000022  00000000  RWIX
  EPWM5                 00006900   00000022  00000022  00000000  RWIX
  EPWM6                 00006940   00000022  00000022  00000000  RWIX
  ECAP1                 00006a00   00000020  00000020  00000000  RWIX
  ECAP2                 00006a20   00000020  00000020  00000000  RWIX
  ECAP3                 00006a40   00000020  00000020  00000000  RWIX
  ECAP4                 00006a60   00000020  00000020  00000000  RWIX
  ECAP5                 00006a80   00000020  00000020  00000000  RWIX
  ECAP6                 00006aa0   00000020  00000020  00000000  RWIX
  EQEP1                 00006b00   00000040  00000040  00000000  RWIX
  EQEP2                 00006b40   00000040  00000040  00000000  RWIX
  GPIOCTRL              00006f80   00000040  0000002e  00000012  RWIX
  GPIODAT               00006fc0   00000020  00000020  00000000  RWIX
  GPIOINT               00006fe0   00000020  0000000a  00000016  RWIX
  SYSTEM                00007010   00000020  00000020  00000000  RWIX
  SPIA                  00007040   00000010  00000010  00000000  RWIX
  SCIA                  00007050   00000010  00000010  00000000  RWIX
  XINTRUPT              00007070   00000010  00000010  00000000  RWIX
  ADC                   00007100   00000020  0000001e  00000002  RWIX
  SCIB                  00007750   00000010  00000010  00000000  RWIX
  SCIC                  00007770   00000010  00000010  00000000  RWIX
  I2CA                  00007900   00000040  00000022  0000001e  RWIX
  RAML4                 0000c000   00001000  00000718  000008e8  RWIX
  RAML5                 0000d000   00001000  00000004  00000ffc  RWIX
  RAML6                 0000e000   00001000  00000278  00000d88  RWIX
  RAML7                 0000f000   00001000  00000000  00001000  RWIX
  ZONE7B                0020fc00   00000400  00000000  00000400  RWIX
  FLASHB                00330000   00008000  00000000  00008000  RWIX
  CSM_PWL               0033fff8   00000008  00000008  00000000  RWIX
  PARTID                00380090   00000001  00000001  00000000  RWIX


SECTION ALLOCATION MAP

 output                                  attributes/
section   page    origin      length       input sections
--------  ----  ----------  ----------   ----------------
extSRAM6   0    00100000    00027fff     UNINITIALIZED
                  00100000    00027fff     main.obj (extSRAM6)

ramfuncs   0    00320000    00000e47     RUN ADDR = 00008000
                  00320000    00000c0c     main.obj (ramfuncs)
                  00320c0c    0000021c     main.obj (ramfuncs:retain)
                  00320e28    0000001b     DSP2833x_SysCtrl.obj (ramfuncs)
                  00320e43    00000004     DSP2833x_usDelay.obj (ramfuncs)

.text      0    00338000    0000244b     
                  00338000    00000d80     UI.obj (.text)
                  00338d80    00000380     rts2800_fpu32.lib : e_powf.obj (.text)
                  00339100    00000316     DSP2833x_DefaultIsr.obj (.text:retain)
                  00339416    00000312     LCD.obj (.text)
                  00339728    000001be     MDF_init.obj (.text)
                  003398e6    0000016b     DSP2833x_Mcbsp.obj (.text)
                  00339a51    00000141     main.obj (.text)
                  00339b92    00000110     rts2800_fpu32.lib : e_expf.obj (.text)
                  00339ca2    000000ef     DSP2833x_SysCtrl.obj (.text)
                  00339d91    000000cc     rts2800_fpu32.lib : e_log2f.obj (.text)
                  00339e5d    000000cb                       : s_atanf.obj (.text)
                  00339f28    000000b7     AIC23_SPI_control.obj (.text)
                  00339fdf    00000088     rts2800_fpu32.lib : fs_div28.obj (.text)
                  0033a067    00000073     DSP2833x_CpuTimers.obj (.text)
                  0033a0da    00000062     rts2800_fpu32.lib : s_scalbnf.obj (.text)
                  0033a13c    00000061                       : s_cosf.obj (.text)
                  0033a19d    00000061                       : s_tanf.obj (.text)
                  0033a1fe    00000058                       : s_sinf.obj (.text)
                  0033a256    00000056                       : boot28.obj (.text)
                  0033a2ac    00000042     AIC23.obj (.text)
                  0033a2ee    00000029     rts2800_fpu32.lib : exit.obj (.text)
                  0033a317    00000028     DSP2833x_PieCtrl.obj (.text)
                  0033a33f    00000001     rts2800_fpu32.lib : startup.obj (.text)
                  0033a340    00000025                       : e_sqrtf.obj (.text)
                  0033a365    00000024                       : cpy_tbl.obj (.text)
                  0033a389    00000022                       : i_div28.obj (.text)
                  0033a3ab    00000020     AsciiLib.obj (.text)
                  0033a3cb    0000001e     rts2800_fpu32.lib : ll_cmp28.obj (.text)
                  0033a3e9    0000001e                       : memcpy.obj (.text)
                  0033a407    00000019                       : args_main.obj (.text)
                  0033a420    00000011                       : s_copysignf.obj (.text)
                  0033a431    00000009                       : _lock.obj (.text)
                  0033a43a    00000008     DSP2833x_CodeStartBranch.obj (.text)
                  0033a442    00000007     DSP2833x_DisInt.obj (.text)
                  0033a449    00000002     rts2800_fpu32.lib : pre_init.obj (.text)

.econst    0    0033a44c    000007d4     
                  0033a44c    000005f0     AsciiLib.obj (.econst:_AsciiLib)
                  0033aa3c    00000032     rts2800_fpu32.lib : e_powf.obj (.econst)
                  0033aa6e    00000021     UI.obj (.econst:.string:_$P$T3$4)
                  0033aa8f    0000001d     UI.obj (.econst:.string:_$P$T4$5)
                  0033aaac    00000012     UI.obj (.econst:.string:_$P$T6$7)
                  0033aabe    00000011     UI.obj (.econst:.string:_$P$T5$6)
                  0033aacf    00000001     --HOLE-- [fill = 0]
                  0033aad0    00000010     main.obj (.econst:_$P$T0$8)
                  0033aae0    00000010     rts2800_fpu32.lib : e_expf.obj (.econst)
                  0033aaf0    00000010                       : e_log2f.obj (.econst)
                  0033ab00    0000000b     UI.obj (.econst:.string:_$P$T7$8)
                  0033ab0b    00000001     --HOLE-- [fill = 0]
                  0033ab0c    0000000a     rts2800_fpu32.lib : s_atanf.obj (.econst:_aT)
                  0033ab16    00000008                       : s_atanf.obj (.econst:_atanhi)
                  0033ab1e    00000008                       : s_atanf.obj (.econst:_atanlo)
                  0033ab26    00000007     UI.obj (.econst:.string:_$P$T16$17)
                  0033ab2d    00000007     UI.obj (.econst:.string:_$P$T24$25)
                  0033ab34    00000007     UI.obj (.econst:.string:_$P$T29$30)
                  0033ab3b    00000007     UI.obj (.econst:.string:_$P$T31$32)
                  0033ab42    00000007     UI.obj (.econst:.string:_$P$T32$33)
                  0033ab49    00000007     UI.obj (.econst:.string:_$P$T33$34)
                  0033ab50    00000007     UI.obj (.econst:.string:_$P$T34$35)
                  0033ab57    00000007     UI.obj (.econst:.string:_$P$T35$36)
                  0033ab5e    00000007     UI.obj (.econst:.string:_$P$T36$37)
                  0033ab65    00000006     UI.obj (.econst:.string:_$P$T15$16)
                  0033ab6b    00000006     UI.obj (.econst:.string:_$P$T19$20)
                  0033ab71    00000006     UI.obj (.econst:.string:_$P$T2$3)
                  0033ab77    00000006     UI.obj (.econst:.string:_$P$T30$31)
                  0033ab7d    00000006     UI.obj (.econst:.string:_$P$T43$44)
                  0033ab83    00000001     --HOLE-- [fill = 0]
                  0033ab84    00000006     rts2800_fpu32.lib : s_scalbnf.obj (.econst)
                  0033ab8a    00000005     UI.obj (.econst:.string:_$P$T0$1)
                  0033ab8f    00000005     UI.obj (.econst:.string:_$P$T17$18)
                  0033ab94    00000005     UI.obj (.econst:.string:_$P$T37$38)
                  0033ab99    00000005     UI.obj (.econst:.string:_$P$T39$40)
                  0033ab9e    00000005     UI.obj (.econst:.string:_$P$T40$41)
                  0033aba3    00000005     UI.obj (.econst:.string:_$P$T42$43)
                  0033aba8    00000005     UI.obj (.econst:.string:_$P$T45$48)
                  0033abad    00000004     UI.obj (.econst:.string:_$P$T1$2)
                  0033abb1    00000004     UI.obj (.econst:.string:_$P$T18$19)
                  0033abb5    00000004     UI.obj (.econst:.string:_$P$T38$39)
                  0033abb9    00000004     UI.obj (.econst:.string:_$P$T41$42)
                  0033abbd    00000004     UI.obj (.econst:.string:_$P$T44$47)
                  0033abc1    00000004     UI.obj (.econst:.string:_$P$T8$9)
                  0033abc5    00000004     main.obj (.econst:_$P$T1$9)
                  0033abc9    00000001     --HOLE-- [fill = 0]
                  0033abca    00000004     rts2800_fpu32.lib : e_powf.obj (.econst:_bp)
                  0033abce    00000004                       : e_powf.obj (.econst:_dp_h)
                  0033abd2    00000004                       : e_powf.obj (.econst:_dp_l)
                  0033abd6    00000004                       : e_expf.obj (.econst:_halF)
                  0033abda    00000004                       : e_expf.obj (.econst:_ln2HI)
                  0033abde    00000004                       : e_expf.obj (.econst:_ln2LO)
                  0033abe2    00000004                       : s_atanf.obj (.econst)
                  0033abe6    00000003     UI.obj (.econst:.string:_$P$T14$15)
                  0033abe9    00000003     UI.obj (.econst:.string:_$P$T9$10)
                  0033abec    00000002     UI.obj (.econst:.string:_$P$T10$11)
                  0033abee    00000002     UI.obj (.econst:.string:_$P$T11$12)
                  0033abf0    00000002     UI.obj (.econst:.string:_$P$T12$13)
                  0033abf2    00000002     UI.obj (.econst:.string:_$P$T13$14)
                  0033abf4    00000002     UI.obj (.econst:.string:_$P$T20$21)
                  0033abf6    00000002     UI.obj (.econst:.string:_$P$T21$22)
                  0033abf8    00000002     UI.obj (.econst:.string:_$P$T22$23)
                  0033abfa    00000002     UI.obj (.econst:.string:_$P$T23$24)
                  0033abfc    00000002     UI.obj (.econst:.string:_$P$T25$26)
                  0033abfe    00000002     UI.obj (.econst:.string:_$P$T26$27)
                  0033ac00    00000002     UI.obj (.econst:.string:_$P$T27$28)
                  0033ac02    00000002     UI.obj (.econst:.string:_$P$T28$29)
                  0033ac04    00000002     UI.obj (.econst:.string:_$P$T46$50)
                  0033ac06    00000002     UI.obj (.econst:.string:_$P$T47$51)
                  0033ac08    00000002     UI.obj (.econst:.string:_$P$T48$52)
                  0033ac0a    00000002     UI.obj (.econst:.string:_$P$T49$53)
                  0033ac0c    00000002     UI.obj (.econst:.string:_$P$T50$54)
                  0033ac0e    00000002     UI.obj (.econst:.string:_$P$T51$55)
                  0033ac10    00000002     UI.obj (.econst:.string:_$P$T52$56)
                  0033ac12    00000002     UI.obj (.econst:.string:_$P$T53$57)
                  0033ac14    00000002     UI.obj (.econst:.string:_$P$T54$58)
                  0033ac16    00000002     UI.obj (.econst:.string:_$P$T55$59)
                  0033ac18    00000002     UI.obj (.econst:.string:_$P$T56$60)
                  0033ac1a    00000002     UI.obj (.econst:.string:_$P$T57$61)
                  0033ac1c    00000002     UI.obj (.econst:.string:_$P$T58$62)
                  0033ac1e    00000002     UI.obj (.econst:.string:_$P$T59$63)

.cinit     0    0033ac20    000005d2     
                  0033ac20    00000479     UI.obj (.cinit)
                  0033b099    0000013b     main.obj (.cinit)
                  0033b1d4    0000000e     rts2800_fpu32.lib : exit.obj (.cinit)
                  0033b1e2    00000005                       : _lock.obj (.cinit:__lock)
                  0033b1e7    00000005                       : _lock.obj (.cinit:__unlock)
                  0033b1ec    00000004                       : errno.obj (.cinit)
                  0033b1f0    00000002     --HOLE-- [fill = 0]

csm_rsvd   0    0033ff80    00000076     
                  0033ff80    00000076     DSP2833x_CSMPasswords.obj (csm_rsvd)

codestart 
*          0    0033fff6    00000002     
                  0033fff6    00000002     DSP2833x_CodeStartBranch.obj (codestart)

csmpasswds 
*          0    0033fff8    00000008     
                  0033fff8    00000008     DSP2833x_CSMPasswords.obj (csmpasswds)

.stack     1    00000400    00000300     UNINITIALIZED
                  00000400    00000300     --HOLE--

DevEmuRegsFile 
*          1    00000880    000000d0     UNINITIALIZED
                  00000880    000000d0     DSP2833x_GlobalVariableDefs.obj (DevEmuRegsFile)

FlashRegsFile 
*          1    00000a80    00000008     UNINITIALIZED
                  00000a80    00000008     DSP2833x_GlobalVariableDefs.obj (FlashRegsFile)

CsmRegsFile 
*          1    00000ae0    00000010     UNINITIALIZED
                  00000ae0    00000010     DSP2833x_GlobalVariableDefs.obj (CsmRegsFile)

AdcMirrorFile 
*          1    00000b00    00000010     UNINITIALIZED
                  00000b00    00000010     DSP2833x_GlobalVariableDefs.obj (AdcMirrorFile)

XintfRegsFile 
*          1    00000b20    0000001e     UNINITIALIZED
                  00000b20    0000001e     DSP2833x_GlobalVariableDefs.obj (XintfRegsFile)

CpuTimer0RegsFile 
*          1    00000c00    00000008     UNINITIALIZED
                  00000c00    00000008     DSP2833x_GlobalVariableDefs.obj (CpuTimer0RegsFile)

CpuTimer1RegsFile 
*          1    00000c08    00000008     UNINITIALIZED
                  00000c08    00000008     DSP2833x_GlobalVariableDefs.obj (CpuTimer1RegsFile)

CpuTimer2RegsFile 
*          1    00000c10    00000008     UNINITIALIZED
                  00000c10    00000008     DSP2833x_GlobalVariableDefs.obj (CpuTimer2RegsFile)

PieCtrlRegsFile 
*          1    00000ce0    0000001a     UNINITIALIZED
                  00000ce0    0000001a     DSP2833x_GlobalVariableDefs.obj (PieCtrlRegsFile)

PieVectTableFile 
*          1    00000d00    00000100     UNINITIALIZED
                  00000d00    00000100     DSP2833x_GlobalVariableDefs.obj (PieVectTableFile)

DmaRegsFile 
*          1    00001000    000000e0     UNINITIALIZED
                  00001000    000000e0     DSP2833x_GlobalVariableDefs.obj (DmaRegsFile)

McbspaRegsFile 
*          1    00005000    00000025     UNINITIALIZED
                  00005000    00000025     DSP2833x_GlobalVariableDefs.obj (McbspaRegsFile)

McbspbRegsFile 
*          1    00005040    00000025     UNINITIALIZED
                  00005040    00000025     DSP2833x_GlobalVariableDefs.obj (McbspbRegsFile)

ECanaRegsFile 
*          1    00006000    00000034     UNINITIALIZED
                  00006000    00000034     DSP2833x_GlobalVariableDefs.obj (ECanaRegsFile)

ECanaLAMRegsFile 
*          1    00006040    00000040     UNINITIALIZED
                  00006040    00000040     DSP2833x_GlobalVariableDefs.obj (ECanaLAMRegsFile)

ECanaMOTSRegsFile 
*          1    00006080    00000040     UNINITIALIZED
                  00006080    00000040     DSP2833x_GlobalVariableDefs.obj (ECanaMOTSRegsFile)

ECanaMOTORegsFile 
*          1    000060c0    00000040     UNINITIALIZED
                  000060c0    00000040     DSP2833x_GlobalVariableDefs.obj (ECanaMOTORegsFile)

ECanaMboxesFile 
*          1    00006100    00000100     UNINITIALIZED
                  00006100    00000100     DSP2833x_GlobalVariableDefs.obj (ECanaMboxesFile)

ECanbRegsFile 
*          1    00006200    00000034     UNINITIALIZED
                  00006200    00000034     DSP2833x_GlobalVariableDefs.obj (ECanbRegsFile)

ECanbLAMRegsFile 
*          1    00006240    00000040     UNINITIALIZED
                  00006240    00000040     DSP2833x_GlobalVariableDefs.obj (ECanbLAMRegsFile)

ECanbMOTSRegsFile 
*          1    00006280    00000040     UNINITIALIZED
                  00006280    00000040     DSP2833x_GlobalVariableDefs.obj (ECanbMOTSRegsFile)

ECanbMOTORegsFile 
*          1    000062c0    00000040     UNINITIALIZED
                  000062c0    00000040     DSP2833x_GlobalVariableDefs.obj (ECanbMOTORegsFile)

ECanbMboxesFile 
*          1    00006300    00000100     UNINITIALIZED
                  00006300    00000100     DSP2833x_GlobalVariableDefs.obj (ECanbMboxesFile)

EPwm1RegsFile 
*          1    00006800    00000022     UNINITIALIZED
                  00006800    00000022     DSP2833x_GlobalVariableDefs.obj (EPwm1RegsFile)

EPwm2RegsFile 
*          1    00006840    00000022     UNINITIALIZED
                  00006840    00000022     DSP2833x_GlobalVariableDefs.obj (EPwm2RegsFile)

EPwm3RegsFile 
*          1    00006880    00000022     UNINITIALIZED
                  00006880    00000022     DSP2833x_GlobalVariableDefs.obj (EPwm3RegsFile)

EPwm4RegsFile 
*          1    000068c0    00000022     UNINITIALIZED
                  000068c0    00000022     DSP2833x_GlobalVariableDefs.obj (EPwm4RegsFile)

EPwm5RegsFile 
*          1    00006900    00000022     UNINITIALIZED
                  00006900    00000022     DSP2833x_GlobalVariableDefs.obj (EPwm5RegsFile)

EPwm6RegsFile 
*          1    00006940    00000022     UNINITIALIZED
                  00006940    00000022     DSP2833x_GlobalVariableDefs.obj (EPwm6RegsFile)

ECap1RegsFile 
*          1    00006a00    00000020     UNINITIALIZED
                  00006a00    00000020     DSP2833x_GlobalVariableDefs.obj (ECap1RegsFile)

ECap2RegsFile 
*          1    00006a20    00000020     UNINITIALIZED
                  00006a20    00000020     DSP2833x_GlobalVariableDefs.obj (ECap2RegsFile)

ECap3RegsFile 
*          1    00006a40    00000020     UNINITIALIZED
                  00006a40    00000020     DSP2833x_GlobalVariableDefs.obj (ECap3RegsFile)

ECap4RegsFile 
*          1    00006a60    00000020     UNINITIALIZED
                  00006a60    00000020     DSP2833x_GlobalVariableDefs.obj (ECap4RegsFile)

ECap5RegsFile 
*          1    00006a80    00000020     UNINITIALIZED
                  00006a80    00000020     DSP2833x_GlobalVariableDefs.obj (ECap5RegsFile)

ECap6RegsFile 
*          1    00006aa0    00000020     UNINITIALIZED
                  00006aa0    00000020     DSP2833x_GlobalVariableDefs.obj (ECap6RegsFile)

EQep1RegsFile 
*          1    00006b00    00000040     UNINITIALIZED
                  00006b00    00000040     DSP2833x_GlobalVariableDefs.obj (EQep1RegsFile)

EQep2RegsFile 
*          1    00006b40    00000040     UNINITIALIZED
                  00006b40    00000040     DSP2833x_GlobalVariableDefs.obj (EQep2RegsFile)

GpioCtrlRegsFile 
*          1    00006f80    0000002e     UNINITIALIZED
                  00006f80    0000002e     DSP2833x_GlobalVariableDefs.obj (GpioCtrlRegsFile)

GpioDataRegsFile 
*          1    00006fc0    00000020     UNINITIALIZED
                  00006fc0    00000020     DSP2833x_GlobalVariableDefs.obj (GpioDataRegsFile)

GpioIntRegsFile 
*          1    00006fe0    0000000a     UNINITIALIZED
                  00006fe0    0000000a     DSP2833x_GlobalVariableDefs.obj (GpioIntRegsFile)

SysCtrlRegsFile 
*          1    00007010    00000020     UNINITIALIZED
                  00007010    00000020     DSP2833x_GlobalVariableDefs.obj (SysCtrlRegsFile)

SpiaRegsFile 
*          1    00007040    00000010     UNINITIALIZED
                  00007040    00000010     DSP2833x_GlobalVariableDefs.obj (SpiaRegsFile)

SciaRegsFile 
*          1    00007050    00000010     UNINITIALIZED
                  00007050    00000010     DSP2833x_GlobalVariableDefs.obj (SciaRegsFile)

XIntruptRegsFile 
*          1    00007070    00000010     UNINITIALIZED
                  00007070    00000010     DSP2833x_GlobalVariableDefs.obj (XIntruptRegsFile)

AdcRegsFile 
*          1    00007100    0000001e     UNINITIALIZED
                  00007100    0000001e     DSP2833x_GlobalVariableDefs.obj (AdcRegsFile)

ScibRegsFile 
*          1    00007750    00000010     UNINITIALIZED
                  00007750    00000010     DSP2833x_GlobalVariableDefs.obj (ScibRegsFile)

ScicRegsFile 
*          1    00007770    00000010     UNINITIALIZED
                  00007770    00000010     DSP2833x_GlobalVariableDefs.obj (ScicRegsFile)

I2caRegsFile 
*          1    00007900    00000022     UNINITIALIZED
                  00007900    00000022     DSP2833x_GlobalVariableDefs.obj (I2caRegsFile)

.ebss      1    0000c000    00000718     UNINITIALIZED
                  0000c000    000005b4     UI.obj (.ebss)
                  0000c5b4    00000006     rts2800_fpu32.lib : exit.obj (.ebss)
                  0000c5ba    00000002                       : _lock.obj (.ebss:__lock)
                  0000c5bc    00000002                       : _lock.obj (.ebss:__unlock)
                  0000c5be    00000001                       : errno.obj (.ebss)
                  0000c5bf    00000001     --HOLE--
                  0000c5c0    00000140     main.obj (.ebss)
                  0000c700    00000018     DSP2833x_CpuTimers.obj (.ebss)

CsmPwlFile 
*          1    0033fff8    00000008     UNINITIALIZED
                  0033fff8    00000008     DSP2833x_GlobalVariableDefs.obj (CsmPwlFile)

PartIdRegsFile 
*          1    00380090    00000001     UNINITIALIZED
                  00380090    00000001     DSP2833x_GlobalVariableDefs.obj (PartIdRegsFile)

.pinit     0    00338000    00000000     UNINITIALIZED

DMARAML5   1    0000d000    00000004     UNINITIALIZED
                  0000d000    00000004     main.obj (DMARAML5)

EFFECTRAM6 
*          1    0000e000    00000278     UNINITIALIZED
                  0000e000    00000278     main.obj (EFFECTRAM6)

.reset     0    003fffc0    00000002     DSECT
                  003fffc0    00000002     rts2800_fpu32.lib : boot28.obj (.reset)

vectors    0    003fffc2    00000000     DSECT

MODULE SUMMARY

       Module                            code    initialized data   uninitialized data
       ------                            ----    ----------------   ------------------
    .\
       main.obj                          7569    335                164795            
       UI.obj                            3456    1463               1460              
       AsciiLib.obj                      32      1520               0                 
       LCD.obj                           786     0                  0                 
       MDF_init.obj                      446     0                  0                 
    +--+---------------------------------+-------+------------------+--------------------+
       Total:                            12289   3318               166255            
                                                                                      
    .\common\
       DSP2833x_DefaultIsr.obj           790     0                  0                 
       DSP2833x_Mcbsp.obj                363     0                  0                 
       DSP2833x_SysCtrl.obj              293     0                  0                 
       AIC23_SPI_control.obj             183     0                  0                 
       DSP2833x_CpuTimers.obj            115     0                  24                
       DSP2833x_CSMPasswords.obj         0       126                0                 
       AIC23.obj                         66      0                  0                 
       DSP2833x_PieCtrl.obj              40      0                  0                 
       DSP2833x_CodeStartBranch.obj      10      0                  0                 
       DSP2833x_usDelay.obj              8       0                  0                 
       DSP2833x_DisInt.obj               7       0                  0                 
    +--+---------------------------------+-------+------------------+--------------------+
       Total:                            1875    126                24                
                                                                                      
    .\headers\
       DSP2833x_GlobalVariableDefs.obj   0       0                  2679              
    +--+---------------------------------+-------+------------------+--------------------+
       Total:                            0       0                  2679              
                                                                                      
    C:\ti\ccsv7\tools\compiler\ti-cgt-c2000_16.9.6.LTS\lib\rts2800_fpu32.lib
       e_powf.obj                        896     62                 0                 
       e_expf.obj                        272     28                 0                 
       s_atanf.obj                       203     30                 0                 
       e_log2f.obj                       204     16                 0                 
       fs_div28.obj                      136     0                  0                 
       s_scalbnf.obj                     98      6                  0                 
       s_cosf.obj                        97      0                  0                 
       s_tanf.obj                        97      0                  0                 
       s_sinf.obj                        88      0                  0                 
       boot28.obj                        86      0                  0                 
       exit.obj                          41      14                 6                 
       e_sqrtf.obj                       37      0                  0                 
       cpy_tbl.obj                       36      0                  0                 
       i_div28.obj                       34      0                  0                 
       ll_cmp28.obj                      30      0                  0                 
       memcpy.obj                        30      0                  0                 
       args_main.obj                     25      0                  0                 
       _lock.obj                         9       10                 4                 
       s_copysignf.obj                   17      0                  0                 
       errno.obj                         0       4                  1                 
       pre_init.obj                      2       0                  0                 
       startup.obj                       1       0                  0                 
    +--+---------------------------------+-------+------------------+--------------------+
       Total:                            2439    170                11                
                                                                                      
       Stack:                            0       0                  768               
    +--+---------------------------------+-------+------------------+--------------------+
       Grand Total:                      16603   3614               169737            


GLOBAL DATA SYMBOLS: SORTED BY DATA PAGE

address     data page           name
--------    ----------------    ----
00000400      10 (00000400)     __stack

00000880      22 (00000880)     _DevEmuRegs

00000a80      2a (00000a80)     _FlashRegs

00000ae0      2b (00000ac0)     _CsmRegs

00000b00      2c (00000b00)     _AdcMirror
00000b20      2c (00000b00)     _XintfRegs

00000c00      30 (00000c00)     _CpuTimer0Regs
00000c08      30 (00000c00)     _CpuTimer1Regs
00000c10      30 (00000c00)     _CpuTimer2Regs

00000ce0      33 (00000cc0)     _PieCtrlRegs

00000d00      34 (00000d00)     _PieVectTable

00001000      40 (00001000)     _DmaRegs

00005000     140 (00005000)     _McbspaRegs

00005040     141 (00005040)     _McbspbRegs

00006000     180 (00006000)     _ECanaRegs

00006040     181 (00006040)     _ECanaLAMRegs

00006080     182 (00006080)     _ECanaMOTSRegs

000060c0     183 (000060c0)     _ECanaMOTORegs

00006100     184 (00006100)     _ECanaMboxes

00006200     188 (00006200)     _ECanbRegs

00006240     189 (00006240)     _ECanbLAMRegs

00006280     18a (00006280)     _ECanbMOTSRegs

000062c0     18b (000062c0)     _ECanbMOTORegs

00006300     18c (00006300)     _ECanbMboxes

00006800     1a0 (00006800)     _EPwm1Regs

00006840     1a1 (00006840)     _EPwm2Regs

00006880     1a2 (00006880)     _EPwm3Regs

000068c0     1a3 (000068c0)     _EPwm4Regs

00006900     1a4 (00006900)     _EPwm5Regs

00006940     1a5 (00006940)     _EPwm6Regs

00006a00     1a8 (00006a00)     _ECap1Regs
00006a20     1a8 (00006a00)     _ECap2Regs

00006a40     1a9 (00006a40)     _ECap3Regs
00006a60     1a9 (00006a40)     _ECap4Regs

00006a80     1aa (00006a80)     _ECap5Regs
00006aa0     1aa (00006a80)     _ECap6Regs

00006b00     1ac (00006b00)     _EQep1Regs

00006b40     1ad (00006b40)     _EQep2Regs

00006f80     1be (00006f80)     _GpioCtrlRegs

00006fc0     1bf (00006fc0)     _GpioDataRegs
00006fe0     1bf (00006fc0)     _GpioIntRegs

00007010     1c0 (00007000)     _SysCtrlRegs

00007040     1c1 (00007040)     _SpiaRegs
00007050     1c1 (00007040)     _SciaRegs
00007070     1c1 (00007040)     _XIntruptRegs

00007100     1c4 (00007100)     _AdcRegs

00007750     1dd (00007740)     _ScibRegs
00007770     1dd (00007740)     _ScicRegs

00007900     1e4 (00007900)     _I2caRegs

0000c000     300 (0000c000)     _ButtonUp
0000c001     300 (0000c000)     _Switch1
0000c002     300 (0000c000)     _ButtonDown
0000c003     300 (0000c000)     _Button4
0000c004     300 (0000c000)     _Button2
0000c005     300 (0000c000)     _Button1
0000c006     300 (0000c000)     _Button3
0000c00a     300 (0000c000)     _Switch3
0000c00b     300 (0000c000)     _Switch2
0000c00c     300 (0000c000)     _rx_flag
0000c00d     300 (0000c000)     _Switch4
0000c00e     300 (0000c000)     _value2_init
0000c01e     300 (0000c000)     _value1_init

0000c040     301 (0000c040)     _Prev_Board_State

0000c080     302 (0000c080)     _Global_Board_State

0000c0c0     303 (0000c0c0)     _param1_names

0000c100     304 (0000c100)     _param2_names

0000c140     305 (0000c140)     _Global_FXLib

0000c200     308 (0000c200)     _FX_names

0000c2c0     30b (0000c2c0)     _note_names

0000c5b4     316 (0000c580)     ___TI_enable_exit_profile_output
0000c5b6     316 (0000c580)     ___TI_cleanup_ptr
0000c5b8     316 (0000c580)     ___TI_dtors_ptr
0000c5ba     316 (0000c580)     __lock
0000c5bc     316 (0000c580)     __unlock
0000c5be     316 (0000c580)     _errno

0000c5c0     317 (0000c5c0)     _delay_const
0000c5c1     317 (0000c5c0)     _fb
0000c5c2     317 (0000c5c0)     _gyro_pos
0000c5c3     317 (0000c5c0)     _scib_gyro
0000c5c4     317 (0000c5c0)     _delay
0000c5c5     317 (0000c5c0)     _gyro_pos_prev
0000c5c6     317 (0000c5c0)     _r_flag1
0000c5c7     317 (0000c5c0)     _r_flag2
0000c5c8     317 (0000c5c0)     _t1_flag
0000c5c9     317 (0000c5c0)     _timer_reset
0000c5ca     317 (0000c5c0)     _zcross_period
0000c5cb     317 (0000c5c0)     _timer_delay
0000c5cc     317 (0000c5c0)     _temp_count_offset
0000c5cd     317 (0000c5c0)     _FIFO_size
0000c5ce     317 (0000c5c0)     _temp_index
0000c5cf     317 (0000c5c0)     _closest_d
0000c5d0     317 (0000c5c0)     _temp_d
0000c5d1     317 (0000c5c0)     _ext_index
0000c5d2     317 (0000c5c0)     _uart_step
0000c5d3     317 (0000c5c0)     _scib_rx
0000c5d4     317 (0000c5c0)     _uart_i
0000c5d5     317 (0000c5c0)     _interpol_inc
0000c5d6     317 (0000c5c0)     _p_buff_size
0000c5d7     317 (0000c5c0)     _ext_prev_inter
0000c5d8     317 (0000c5c0)     _effectsel
0000c5d9     317 (0000c5c0)     _k
0000c5da     317 (0000c5c0)     _state_change_flag
0000c5db     317 (0000c5c0)     _p2
0000c5dc     317 (0000c5c0)     _p1
0000c5dd     317 (0000c5c0)     _most_recent_peak
0000c5de     317 (0000c5c0)     _ButtonUp_count
0000c5df     317 (0000c5c0)     _ButtonDown_count
0000c5e0     317 (0000c5c0)     _Button4_count
0000c5e1     317 (0000c5c0)     _toggler
0000c5e2     317 (0000c5c0)     _zcrosstrig
0000c5e3     317 (0000c5c0)     _ii
0000c5e4     317 (0000c5c0)     _deactivateCounter
0000c5e5     317 (0000c5c0)     _nextCounter
0000c5e6     317 (0000c5c0)     _activateCounter
0000c5e7     317 (0000c5c0)     _first_interrupt
0000c5e8     317 (0000c5c0)     _activateEffect
0000c5e9     317 (0000c5c0)     _d_flag
0000c5ea     317 (0000c5c0)     _Button2_count
0000c5eb     317 (0000c5c0)     _Button3_count
0000c5ec     317 (0000c5c0)     _Button1_count
0000c5ed     317 (0000c5c0)     _nextHold
0000c5ee     317 (0000c5c0)     _Xint_count
0000c5ef     317 (0000c5c0)     _prevcountstart
0000c5f0     317 (0000c5c0)     _ext_prev
0000c5f1     317 (0000c5c0)     _ext_Buffer_size
0000c5f2     317 (0000c5c0)     _nextCounter2
0000c5f6     317 (0000c5c0)     _C

0000c608     318 (0000c600)     _ping_buff_offset
0000c60a     318 (0000c600)     _R_channel
0000c60c     318 (0000c600)     _accel_mag
0000c612     318 (0000c600)     _L_channel
0000c614     318 (0000c600)     _pong_buff_offset
0000c618     318 (0000c600)     _ch1_ptr
0000c61a     318 (0000c600)     _gyro_vol
0000c624     318 (0000c600)     _fastDataMode
0000c628     318 (0000c600)     _echo_Buffer_size
0000c62c     318 (0000c600)     _kk

0000c64c     319 (0000c640)     _address

0000c680     31a (0000c680)     _buffer_uart

0000c700     31c (0000c700)     _CpuTimer1
0000c708     31c (0000c700)     _CpuTimer2
0000c710     31c (0000c700)     _CpuTimer0

0000d000     340 (0000d000)     _pong_buffer
0000d002     340 (0000d000)     _ping_buffer

0000e000     380 (0000e000)     _zcross_pitch
0000e004     380 (0000e000)     _zcross_neg
0000e008     380 (0000e000)     _sample
0000e013     380 (0000e000)     _sample_delay
0000e01e     380 (0000e000)     _dig_delay
0000e02c     380 (0000e000)     _zcross_return

0000e040     381 (0000e040)     _imu_dat
0000e054     381 (0000e040)     _flang

0000e080     382 (0000e080)     _tremolo

0000e0c0     383 (0000e0c0)     _treble_svf

0000e100     384 (0000e100)     _wah_svf

0000e140     385 (0000e140)     _bass_svf

0000e180     386 (0000e180)     _pitch_shift_down

0000e200     388 (0000e200)     _pitch_shift_up

00100000    4000 (00100000)     _ext_Buffer

00108000    4200 (00108000)     _echo_Buffer

0033fff8    cfff (0033ffc0)     _CsmPwl

00380090    e002 (00380080)     _PartIdRegs


GLOBAL SYMBOLS: SORTED ALPHABETICALLY BY Name 

page  address   name                            
----  -------   ----                            
0     00338000  .text                           
0     0033a2ee  C$$EXIT                         
0     00339fdf  FS$$DIV                         
0     0033a389  I$$DIV                          
0     0033a39a  I$$MOD                          
0     0033a3cb  LL$$CMP                         
0     0033a3dd  ULL$$CMP                        
0     003391e6  _ADCINT_ISR                     
1     00000b00  _AdcMirror                      
1     00007100  _AdcRegs                        
0     003389d6  _Attempt_RF_Connect             
0     003389b3  _BT_Connect                     
1     0000c005  _Button1                        
1     0000c5ec  _Button1_count                  
1     0000c004  _Button2                        
1     0000c5ea  _Button2_count                  
1     0000c006  _Button3                        
1     0000c5eb  _Button3_count                  
1     0000c003  _Button4                        
1     0000c5e0  _Button4_count                  
1     0000c002  _ButtonDown                     
1     0000c5df  _ButtonDown_count               
1     0000c000  _ButtonUp                       
1     0000c5de  _ButtonUp_count                 
1     0000c5f6  _C                              
0     0033a2e2  _CLKsampleratecontrol           
0     00338d73  _Clear_Buttons                  
0     0033a0a0  _ConfigCpuTimer                 
1     0000c710  _CpuTimer0                      
1     00000c00  _CpuTimer0Regs                  
1     0000c700  _CpuTimer1                      
1     00000c08  _CpuTimer1Regs                  
1     0000c708  _CpuTimer2                      
1     00000c10  _CpuTimer2Regs                  
1     0033fff8  _CsmPwl                         
1     00000ae0  _CsmRegs                        
0     00339d60  _CsmUnlock                      
0     00339114  _DATALOG_ISR                    
0     00339308  _DINTCH1_ISR                    
0     00339312  _DINTCH2_ISR                    
0     0033931c  _DINTCH3_ISR                    
0     00339326  _DINTCH4_ISR                    
0     00339330  _DINTCH5_ISR                    
0     0033933a  _DINTCH6_ISR                    
0     0033a442  _DSP28x_DisableInt              
0     0033a446  _DSP28x_RestoreInt              
0     00008e43  _DSP28x_usDelay                 
0     0033a2d6  _DSPdigaudinterface             
1     00000880  _DevEmuRegs                     
0     00339cb3  _DisableDog                     
1     00001000  _DmaRegs                        
0     00339394  _ECAN0INTA_ISR                  
0     003393a8  _ECAN0INTB_ISR                  
0     0033939e  _ECAN1INTA_ISR                  
0     003393b2  _ECAN1INTB_ISR                  
0     0033927c  _ECAP1_INT_ISR                  
0     00339286  _ECAP2_INT_ISR                  
0     00339290  _ECAP3_INT_ISR                  
0     0033929a  _ECAP4_INT_ISR                  
0     003392a4  _ECAP5_INT_ISR                  
0     003392ae  _ECAP6_INT_ISR                  
1     00006040  _ECanaLAMRegs                   
1     000060c0  _ECanaMOTORegs                  
1     00006080  _ECanaMOTSRegs                  
1     00006100  _ECanaMboxes                    
1     00006000  _ECanaRegs                      
1     00006240  _ECanbLAMRegs                   
1     000062c0  _ECanbMOTORegs                  
1     00006280  _ECanbMOTSRegs                  
1     00006300  _ECanbMboxes                    
1     00006200  _ECanbRegs                      
1     00006a00  _ECap1Regs                      
1     00006a20  _ECap2Regs                      
1     00006a40  _ECap3Regs                      
1     00006a60  _ECap4Regs                      
1     00006a80  _ECap5Regs                      
1     00006aa0  _ECap6Regs                      
0     00339128  _EMUINT_ISR                     
0     00339240  _EPWM1_INT_ISR                  
0     00339204  _EPWM1_TZINT_ISR                
0     0033924a  _EPWM2_INT_ISR                  
0     0033920e  _EPWM2_TZINT_ISR                
0     00339254  _EPWM3_INT_ISR                  
0     00339218  _EPWM3_TZINT_ISR                
0     0033925e  _EPWM4_INT_ISR                  
0     00339222  _EPWM4_TZINT_ISR                
0     00339268  _EPWM5_INT_ISR                  
0     0033922c  _EPWM5_TZINT_ISR                
0     00339272  _EPWM6_INT_ISR                  
0     00339236  _EPWM6_TZINT_ISR                
1     00006800  _EPwm1Regs                      
1     00006840  _EPwm2Regs                      
1     00006880  _EPwm3Regs                      
1     000068c0  _EPwm4Regs                      
1     00006900  _EPwm5Regs                      
1     00006940  _EPwm6Regs                      
0     003392b8  _EQEP1_INT_ISR                  
0     003392c2  _EQEP2_INT_ISR                  
1     00006b00  _EQep1Regs                      
1     00006b40  _EQep2Regs                      
0     0033a336  _EnableInterrupts               
1     0000c5cd  _FIFO_size                      
1     0000c200  _FX_names                       
1     00000a80  _FlashRegs                      
0     0033a3ab  _GetASCIICode                   
1     0000c080  _Global_Board_State             
1     0000c140  _Global_FXLib                   
1     00006f80  _GpioCtrlRegs                   
1     00006fc0  _GpioDataRegs                   
1     00006fe0  _GpioIntRegs                    
0     00339344  _I2CINT1A_ISR                   
0     0033934e  _I2CINT2A_ISR                   
0     0033a2d9  _I2Sdigaudinterface             
1     00007900  _I2caRegs                       
0     0033913c  _ILLEGAL_ISR                    
0     00339100  _INT13_ISR                      
0     0033910a  _INT14_ISR                      
0     0033a067  _InitCpuTimers                  
0     00008e28  _InitFlash                      
0     003398e6  _InitMcbsp                      
0     003399bf  _InitMcbspGpio                  
0     003398eb  _InitMcbspa                     
0     0033994a  _InitMcbspa12bit                
0     00339955  _InitMcbspa16bit                
0     00339960  _InitMcbspa20bit                
0     0033996b  _InitMcbspa24bit                
0     00339976  _InitMcbspa32bit                
0     00339943  _InitMcbspa8bit                 
0     003399c4  _InitMcbspaGpio                 
0     00339917  _InitMcbspb                     
0     00339988  _InitMcbspb12bit                
0     00339993  _InitMcbspb16bit                
0     0033999e  _InitMcbspb20bit                
0     003399a9  _InitMcbspb24bit                
0     003399b4  _InitMcbspb32bit                
0     00339981  _InitMcbspb8bit                 
0     003399fd  _InitMcbspbGpio                 
0     00339d0c  _InitPeripheralClocks           
0     0033a317  _InitPieCtrl                    
0     00339cbb  _InitPll                        
0     00339ca2  _InitSysCtrl                    
0     003397d1  _Init_gpioUI                    
0     003397b9  _Init_timer1                    
0     00338a11  _Initialize_Board               
0     003395e0  _LCD_Clear                      
0     0033954c  _LCD_DrawRectangle              
0     00339638  _LCD_Init                       
0     0033962c  _LCD_ReadPixelColor             
0     00339616  _LCD_SetPoint                   
0     003395a0  _LCD_Text                       
0     003393f8  _LUF_ISR                        
0     003393ee  _LVF_ISR                        
1     0000c612  _L_channel                      
0     003392f4  _MRINTA_ISR                     
0     003392e0  _MRINTB_ISR                     
0     003392fe  _MXINTA_ISR                     
0     003392ea  _MXINTB_ISR                     
0     003389fa  _Main_Mode                      
1     00005000  _McbspaRegs                     
1     00005040  _McbspbRegs                     
0     00339132  _NMI_ISR                        
0     00339402  _PIE_RESERVED                   
1     00380090  _PartIdRegs                     
1     00000ce0  _PieCtrlRegs                    
1     00000d00  _PieVectTable                   
1     0000c040  _Prev_Board_State               
0     0033911e  _RTOSINT_ISR                    
1     0000c60a  _R_channel                      
0     00320e47  _RamfuncsLoadEnd                
abs   00000e47  _RamfuncsLoadSize               
0     00320000  _RamfuncsLoadStart              
0     00008000  _RamfuncsRunStart               
0     0033936c  _SCIRXINTA_ISR                  
0     00339380  _SCIRXINTB_ISR                  
0     00339358  _SCIRXINTC_ISR                  
0     00339376  _SCITXINTA_ISR                  
0     0033938a  _SCITXINTB_ISR                  
0     00339362  _SCITXINTC_ISR                  
0     003391be  _SEQ1INT_ISR                    
0     003391c8  _SEQ2INT_ISR                    
0     003392cc  _SPIRXINTA_ISR                  
0     003392d6  _SPITXINTA_ISR                  
1     00007050  _SciaRegs                       
1     00007750  _ScibRegs                       
1     00007770  _ScicRegs                       
0     00339ca9  _ServiceDog                     
1     00007040  _SpiaRegs                       
0     00338a1b  _State_Change                   
0     00338941  _State_Initialize               
1     0000c001  _Switch1                        
1     0000c00b  _Switch2                        
1     0000c00a  _Switch3                        
1     0000c00d  _Switch4                        
1     00007010  _SysCtrlRegs                    
0     003391f0  _TINT0_ISR                      
0     00338a06  _Tuner                          
0     00338409  _UI_LCD_Activate_FX_mode        
0     00338285  _UI_LCD_Deactivate_FX_mode      
0     0033881d  _UI_LCD_Effect_Change_Param     
0     0033858b  _UI_LCD_Effect_Setting_mode     
0     003387b5  _UI_LCD_Effect_Shift_Setting    
0     00338709  _UI_LCD_Flex_Mode_Change        
0     00338017  _UI_LCD_Logo_mode               
0     003380fa  _UI_LCD_Main_mode               
0     0033807c  _UI_LCD_RF_Connect_mode         
0     00338099  _UI_LCD_RF_Try_Again_mode       
0     00338875  _UI_LCD_Tune                    
0     00338848  _UI_LCD_Tuner_mode              
0     0033a2dc  _USBsampleratecontrol           
0     003391a0  _USER10_ISR                     
0     003391aa  _USER11_ISR                     
0     003391b4  _USER12_ISR                     
0     00339146  _USER1_ISR                      
0     00339150  _USER2_ISR                      
0     0033915a  _USER3_ISR                      
0     00339164  _USER4_ISR                      
0     0033916e  _USER5_ISR                      
0     00339178  _USER6_ISR                      
0     00339182  _USER7_ISR                      
0     0033918c  _USER8_ISR                      
0     00339196  _USER9_ISR                      
0     003391fa  _WAKEINT_ISR                    
0     003391d2  _XINT1_ISR                      
0     003391dc  _XINT2_ISR                      
0     003393bc  _XINT3_ISR                      
0     003393c6  _XINT4_ISR                      
0     003393d0  _XINT5_ISR                      
0     003393da  _XINT6_ISR                      
0     003393e4  _XINT7_ISR                      
1     00007070  _XIntruptRegs                   
1     0000c5ee  _Xint_count                     
1     00000b20  _XintfRegs                      
1     00000700  __STACK_END                     
abs   00000300  __STACK_SIZE                    
1     0000c5b6  ___TI_cleanup_ptr               
1     0000c5b8  ___TI_dtors_ptr                 
1     0000c5b4  ___TI_enable_exit_profile_output
abs   ffffffff  ___TI_pprof_out_hndl            
abs   ffffffff  ___TI_prof_data_size            
abs   ffffffff  ___TI_prof_data_start           
abs   ffffffff  ___binit__                      
abs   ffffffff  ___c_args__                     
0     0033ac20  ___cinit__                      
0     0033a44b  ___etext__                      
abs   ffffffff  ___pinit__                      
0     00338000  ___text__                       
0     0033a407  __args_main                     
1     0000c5ba  __lock                          
0     0033a439  __nop                           
0     0033a435  __register_lock                 
0     0033a431  __register_unlock               
1     00000400  __stack                         
0     0033a33f  __system_post_cinit             
0     0033a449  __system_pre_init               
1     0000c5bc  __unlock                        
0     0033a2d0  _aaudpath                       
0     0033a2ee  _abort                          
0     00339b85  _absU16                         
1     0000c60c  _accel_mag                      
1     0000c5e6  _activateCounter                
1     0000c5e8  _activateEffect                 
1     0000c64c  _address                        
0     00339f6e  _aic23_init                     
0     00339e5d  _atan                           
0     00339e5d  _atanf                          
1     0000e140  _bass_svf                       
1     0000c680  _buffer_uart                    
0     0033a256  _c_int00                        
0     00338000  _cents                          
1     0000c618  _ch1_ptr                        
0     00339a3b  _clkg_delay_loop                
1     0000c5cf  _closest_d                      
0     0033a365  _copy_in                        
0     0033a420  _copysign                       
0     0033a420  _copysignf                      
0     0033a13c  _cos                            
0     0033a13c  _cosf                           
1     0000c5e9  _d_flag                         
1     0000c5e4  _deactivateCounter              
1     0000c5c4  _delay                          
1     0000c5c0  _delay_const                    
0     00339a25  _delay_loop                     
1     0000e01e  _dig_delay                      
0     0033a2e8  _digact                         
0     0033a2d3  _digaudiopath                   
0     00108000  _echo_Buffer                    
1     0000c628  _echo_Buffer_size               
1     0000c5d8  _effectsel                      
1     0000c5be  _errno                          
0     0033a2f0  _exit                           
0     00339b92  _exp                            
0     00339b92  _expf                           
0     00100000  _ext_Buffer                     
1     0000c5f1  _ext_Buffer_size                
1     0000c5d1  _ext_index                      
1     0000c5f0  _ext_prev                       
1     0000c5d7  _ext_prev_inter                 
1     0000c624  _fastDataMode                   
1     0000c5c1  _fb                             
1     0000c5e7  _first_interrupt                
1     0000e054  _flang                          
0     0033a2af  _fullpowerup                    
1     0000c5c2  _gyro_pos                       
1     0000c5c5  _gyro_pos_prev                  
1     0000c61a  _gyro_vol                       
1     0000c5e3  _ii                             
1     0000e040  _imu_dat                        
0     00339885  _init_Xintf                     
0     00339728  _init_dma                       
0     00339f28  _init_mcbsp_spi                 
0     0033975d  _init_mcbspa                    
0     00008a01  _init_structs                   
0     0033989b  _init_uart                      
1     0000c5d5  _interpol_inc                   
1     0000c5d9  _k                              
1     0000c62c  _kk                             
0     0033a0da  _ldexp                          
0     0033a0da  _ldexpf                         
0     0033a2c1  _lhp_volctl                     
0     0033a2b5  _linput_volctl                  
0     00008ca7  _local_D_INTCH1_ISR             
0     00008c23  _local_SCIRXINTB_ISR            
0     00008cde  _local_XINT1_ISR                
0     00008d54  _local_XINT3_ISR                
0     00008d89  _local_XINT4_ISR                
0     00008dbe  _local_XINT5_ISR                
0     00008df3  _local_XINT6_ISR                
0     00008c0c  _local_timer_ISR                
0     00339d91  _log2                           
0     00339d91  _log2f                          
0     00339a51  _main                           
0     00008000  _mano_del_fuego                 
0     00339f64  _mcbsp_xmit                     
0     0033a3e9  _memcpy                         
1     0000c5dd  _most_recent_peak               
1     0000c5e5  _nextCounter                    
1     0000c5f2  _nextCounter2                   
1     0000c5ed  _nextHold                       
0     0033a2cd  _nomicaaudpath                  
0     0033a2b2  _nomicpowerup                   
1     0000c2c0  _note_names                     
1     0000c5dc  _p1                             
1     0000c5db  _p2                             
1     0000c5d6  _p_buff_size                    
1     0000c0c0  _param1_names                   
1     0000c100  _param2_names                   
1     0000c608  _ping_buff_offset               
1     0000d002  _ping_buffer                    
1     0000e180  _pitch_shift_down               
1     0000e200  _pitch_shift_up                 
1     0000c614  _pong_buff_offset               
1     0000d000  _pong_buffer                    
0     00338d80  _pow                            
0     00338d80  _powf                           
1     0000c5ef  _prevcountstart                 
1     0000c5c6  _r_flag1                        
1     0000c5c7  _r_flag2                        
0     0033a2eb  _reset                          
0     0033a2c7  _rhp_volctl                     
0     0033a2bb  _rinput_volctl                  
0     0033940c  _rsvd_ISR                       
1     0000c00c  _rx_flag                        
1     0000e008  _sample                         
1     0000e013  _sample_delay                   
0     0033a0da  _scalbn                         
0     0033a0da  _scalbnf                        
0     003398db  _sci_receive                    
1     0000c5c3  _scib_gyro                      
1     0000c5d3  _scib_rx                        
0     003398cf  _scib_xmit                      
0     0033a1fe  _sin                            
0     0033a1fe  _sinf                           
0     0033a2ac  _softpowerdown                  
0     0033a340  _sqrt                           
0     0033a340  _sqrtf                          
1     0000c5da  _state_change_flag              
1     0000c5c8  _t1_flag                        
0     0033a19d  _tan                            
0     0033a19d  _tanf                           
1     0000c5cc  _temp_count_offset              
1     0000c5d0  _temp_d                         
1     0000c5ce  _temp_index                     
1     0000c5cb  _timer_delay                    
1     0000c5c9  _timer_reset                    
1     0000c5e1  _toggler                        
1     0000e0c0  _treble_svf                     
1     0000e080  _tremolo                        
1     0000c5d4  _uart_i                         
1     0000c5d2  _uart_step                      
1     0000c01e  _value1_init                    
1     0000c00e  _value2_init                    
1     0000e100  _wah_svf                        
1     0000e004  _zcross_neg                     
1     0000c5ca  _zcross_period                  
1     0000e000  _zcross_pitch                   
1     0000e02c  _zcross_return                  
1     0000c5e2  _zcrosstrig                     
abs   ffffffff  binit                           
0     0033ac20  cinit                           
0     0033fff6  code_start                      
0     0033a44b  etext                           
abs   ffffffff  pinit                           


GLOBAL SYMBOLS: SORTED BY Symbol Address 

page  address   name                            
----  -------   ----                            
0     00008000  _RamfuncsRunStart               
0     00008000  _mano_del_fuego                 
0     00008a01  _init_structs                   
0     00008c0c  _local_timer_ISR                
0     00008c23  _local_SCIRXINTB_ISR            
0     00008ca7  _local_D_INTCH1_ISR             
0     00008cde  _local_XINT1_ISR                
0     00008d54  _local_XINT3_ISR                
0     00008d89  _local_XINT4_ISR                
0     00008dbe  _local_XINT5_ISR                
0     00008df3  _local_XINT6_ISR                
0     00008e28  _InitFlash                      
0     00008e43  _DSP28x_usDelay                 
0     00100000  _ext_Buffer                     
0     00108000  _echo_Buffer                    
0     00320000  _RamfuncsLoadStart              
0     00320e47  _RamfuncsLoadEnd                
0     00338000  .text                           
0     00338000  ___text__                       
0     00338000  _cents                          
0     00338017  _UI_LCD_Logo_mode               
0     0033807c  _UI_LCD_RF_Connect_mode         
0     00338099  _UI_LCD_RF_Try_Again_mode       
0     003380fa  _UI_LCD_Main_mode               
0     00338285  _UI_LCD_Deactivate_FX_mode      
0     00338409  _UI_LCD_Activate_FX_mode        
0     0033858b  _UI_LCD_Effect_Setting_mode     
0     00338709  _UI_LCD_Flex_Mode_Change        
0     003387b5  _UI_LCD_Effect_Shift_Setting    
0     0033881d  _UI_LCD_Effect_Change_Param     
0     00338848  _UI_LCD_Tuner_mode              
0     00338875  _UI_LCD_Tune                    
0     00338941  _State_Initialize               
0     003389b3  _BT_Connect                     
0     003389d6  _Attempt_RF_Connect             
0     003389fa  _Main_Mode                      
0     00338a06  _Tuner                          
0     00338a11  _Initialize_Board               
0     00338a1b  _State_Change                   
0     00338d73  _Clear_Buttons                  
0     00338d80  _pow                            
0     00338d80  _powf                           
0     00339100  _INT13_ISR                      
0     0033910a  _INT14_ISR                      
0     00339114  _DATALOG_ISR                    
0     0033911e  _RTOSINT_ISR                    
0     00339128  _EMUINT_ISR                     
0     00339132  _NMI_ISR                        
0     0033913c  _ILLEGAL_ISR                    
0     00339146  _USER1_ISR                      
0     00339150  _USER2_ISR                      
0     0033915a  _USER3_ISR                      
0     00339164  _USER4_ISR                      
0     0033916e  _USER5_ISR                      
0     00339178  _USER6_ISR                      
0     00339182  _USER7_ISR                      
0     0033918c  _USER8_ISR                      
0     00339196  _USER9_ISR                      
0     003391a0  _USER10_ISR                     
0     003391aa  _USER11_ISR                     
0     003391b4  _USER12_ISR                     
0     003391be  _SEQ1INT_ISR                    
0     003391c8  _SEQ2INT_ISR                    
0     003391d2  _XINT1_ISR                      
0     003391dc  _XINT2_ISR                      
0     003391e6  _ADCINT_ISR                     
0     003391f0  _TINT0_ISR                      
0     003391fa  _WAKEINT_ISR                    
0     00339204  _EPWM1_TZINT_ISR                
0     0033920e  _EPWM2_TZINT_ISR                
0     00339218  _EPWM3_TZINT_ISR                
0     00339222  _EPWM4_TZINT_ISR                
0     0033922c  _EPWM5_TZINT_ISR                
0     00339236  _EPWM6_TZINT_ISR                
0     00339240  _EPWM1_INT_ISR                  
0     0033924a  _EPWM2_INT_ISR                  
0     00339254  _EPWM3_INT_ISR                  
0     0033925e  _EPWM4_INT_ISR                  
0     00339268  _EPWM5_INT_ISR                  
0     00339272  _EPWM6_INT_ISR                  
0     0033927c  _ECAP1_INT_ISR                  
0     00339286  _ECAP2_INT_ISR                  
0     00339290  _ECAP3_INT_ISR                  
0     0033929a  _ECAP4_INT_ISR                  
0     003392a4  _ECAP5_INT_ISR                  
0     003392ae  _ECAP6_INT_ISR                  
0     003392b8  _EQEP1_INT_ISR                  
0     003392c2  _EQEP2_INT_ISR                  
0     003392cc  _SPIRXINTA_ISR                  
0     003392d6  _SPITXINTA_ISR                  
0     003392e0  _MRINTB_ISR                     
0     003392ea  _MXINTB_ISR                     
0     003392f4  _MRINTA_ISR                     
0     003392fe  _MXINTA_ISR                     
0     00339308  _DINTCH1_ISR                    
0     00339312  _DINTCH2_ISR                    
0     0033931c  _DINTCH3_ISR                    
0     00339326  _DINTCH4_ISR                    
0     00339330  _DINTCH5_ISR                    
0     0033933a  _DINTCH6_ISR                    
0     00339344  _I2CINT1A_ISR                   
0     0033934e  _I2CINT2A_ISR                   
0     00339358  _SCIRXINTC_ISR                  
0     00339362  _SCITXINTC_ISR                  
0     0033936c  _SCIRXINTA_ISR                  
0     00339376  _SCITXINTA_ISR                  
0     00339380  _SCIRXINTB_ISR                  
0     0033938a  _SCITXINTB_ISR                  
0     00339394  _ECAN0INTA_ISR                  
0     0033939e  _ECAN1INTA_ISR                  
0     003393a8  _ECAN0INTB_ISR                  
0     003393b2  _ECAN1INTB_ISR                  
0     003393bc  _XINT3_ISR                      
0     003393c6  _XINT4_ISR                      
0     003393d0  _XINT5_ISR                      
0     003393da  _XINT6_ISR                      
0     003393e4  _XINT7_ISR                      
0     003393ee  _LVF_ISR                        
0     003393f8  _LUF_ISR                        
0     00339402  _PIE_RESERVED                   
0     0033940c  _rsvd_ISR                       
0     0033954c  _LCD_DrawRectangle              
0     003395a0  _LCD_Text                       
0     003395e0  _LCD_Clear                      
0     00339616  _LCD_SetPoint                   
0     0033962c  _LCD_ReadPixelColor             
0     00339638  _LCD_Init                       
0     00339728  _init_dma                       
0     0033975d  _init_mcbspa                    
0     003397b9  _Init_timer1                    
0     003397d1  _Init_gpioUI                    
0     00339885  _init_Xintf                     
0     0033989b  _init_uart                      
0     003398cf  _scib_xmit                      
0     003398db  _sci_receive                    
0     003398e6  _InitMcbsp                      
0     003398eb  _InitMcbspa                     
0     00339917  _InitMcbspb                     
0     00339943  _InitMcbspa8bit                 
0     0033994a  _InitMcbspa12bit                
0     00339955  _InitMcbspa16bit                
0     00339960  _InitMcbspa20bit                
0     0033996b  _InitMcbspa24bit                
0     00339976  _InitMcbspa32bit                
0     00339981  _InitMcbspb8bit                 
0     00339988  _InitMcbspb12bit                
0     00339993  _InitMcbspb16bit                
0     0033999e  _InitMcbspb20bit                
0     003399a9  _InitMcbspb24bit                
0     003399b4  _InitMcbspb32bit                
0     003399bf  _InitMcbspGpio                  
0     003399c4  _InitMcbspaGpio                 
0     003399fd  _InitMcbspbGpio                 
0     00339a25  _delay_loop                     
0     00339a3b  _clkg_delay_loop                
0     00339a51  _main                           
0     00339b85  _absU16                         
0     00339b92  _exp                            
0     00339b92  _expf                           
0     00339ca2  _InitSysCtrl                    
0     00339ca9  _ServiceDog                     
0     00339cb3  _DisableDog                     
0     00339cbb  _InitPll                        
0     00339d0c  _InitPeripheralClocks           
0     00339d60  _CsmUnlock                      
0     00339d91  _log2                           
0     00339d91  _log2f                          
0     00339e5d  _atan                           
0     00339e5d  _atanf                          
0     00339f28  _init_mcbsp_spi                 
0     00339f64  _mcbsp_xmit                     
0     00339f6e  _aic23_init                     
0     00339fdf  FS$$DIV                         
0     0033a067  _InitCpuTimers                  
0     0033a0a0  _ConfigCpuTimer                 
0     0033a0da  _ldexp                          
0     0033a0da  _ldexpf                         
0     0033a0da  _scalbn                         
0     0033a0da  _scalbnf                        
0     0033a13c  _cos                            
0     0033a13c  _cosf                           
0     0033a19d  _tan                            
0     0033a19d  _tanf                           
0     0033a1fe  _sin                            
0     0033a1fe  _sinf                           
0     0033a256  _c_int00                        
0     0033a2ac  _softpowerdown                  
0     0033a2af  _fullpowerup                    
0     0033a2b2  _nomicpowerup                   
0     0033a2b5  _linput_volctl                  
0     0033a2bb  _rinput_volctl                  
0     0033a2c1  _lhp_volctl                     
0     0033a2c7  _rhp_volctl                     
0     0033a2cd  _nomicaaudpath                  
0     0033a2d0  _aaudpath                       
0     0033a2d3  _digaudiopath                   
0     0033a2d6  _DSPdigaudinterface             
0     0033a2d9  _I2Sdigaudinterface             
0     0033a2dc  _USBsampleratecontrol           
0     0033a2e2  _CLKsampleratecontrol           
0     0033a2e8  _digact                         
0     0033a2eb  _reset                          
0     0033a2ee  C$$EXIT                         
0     0033a2ee  _abort                          
0     0033a2f0  _exit                           
0     0033a317  _InitPieCtrl                    
0     0033a336  _EnableInterrupts               
0     0033a33f  __system_post_cinit             
0     0033a340  _sqrt                           
0     0033a340  _sqrtf                          
0     0033a365  _copy_in                        
0     0033a389  I$$DIV                          
0     0033a39a  I$$MOD                          
0     0033a3ab  _GetASCIICode                   
0     0033a3cb  LL$$CMP                         
0     0033a3dd  ULL$$CMP                        
0     0033a3e9  _memcpy                         
0     0033a407  __args_main                     
0     0033a420  _copysign                       
0     0033a420  _copysignf                      
0     0033a431  __register_unlock               
0     0033a435  __register_lock                 
0     0033a439  __nop                           
0     0033a442  _DSP28x_DisableInt              
0     0033a446  _DSP28x_RestoreInt              
0     0033a449  __system_pre_init               
0     0033a44b  ___etext__                      
0     0033a44b  etext                           
0     0033ac20  ___cinit__                      
0     0033ac20  cinit                           
0     0033fff6  code_start                      
1     00000400  __stack                         
1     00000700  __STACK_END                     
1     00000880  _DevEmuRegs                     
1     00000a80  _FlashRegs                      
1     00000ae0  _CsmRegs                        
1     00000b00  _AdcMirror                      
1     00000b20  _XintfRegs                      
1     00000c00  _CpuTimer0Regs                  
1     00000c08  _CpuTimer1Regs                  
1     00000c10  _CpuTimer2Regs                  
1     00000ce0  _PieCtrlRegs                    
1     00000d00  _PieVectTable                   
1     00001000  _DmaRegs                        
1     00005000  _McbspaRegs                     
1     00005040  _McbspbRegs                     
1     00006000  _ECanaRegs                      
1     00006040  _ECanaLAMRegs                   
1     00006080  _ECanaMOTSRegs                  
1     000060c0  _ECanaMOTORegs                  
1     00006100  _ECanaMboxes                    
1     00006200  _ECanbRegs                      
1     00006240  _ECanbLAMRegs                   
1     00006280  _ECanbMOTSRegs                  
1     000062c0  _ECanbMOTORegs                  
1     00006300  _ECanbMboxes                    
1     00006800  _EPwm1Regs                      
1     00006840  _EPwm2Regs                      
1     00006880  _EPwm3Regs                      
1     000068c0  _EPwm4Regs                      
1     00006900  _EPwm5Regs                      
1     00006940  _EPwm6Regs                      
1     00006a00  _ECap1Regs                      
1     00006a20  _ECap2Regs                      
1     00006a40  _ECap3Regs                      
1     00006a60  _ECap4Regs                      
1     00006a80  _ECap5Regs                      
1     00006aa0  _ECap6Regs                      
1     00006b00  _EQep1Regs                      
1     00006b40  _EQep2Regs                      
1     00006f80  _GpioCtrlRegs                   
1     00006fc0  _GpioDataRegs                   
1     00006fe0  _GpioIntRegs                    
1     00007010  _SysCtrlRegs                    
1     00007040  _SpiaRegs                       
1     00007050  _SciaRegs                       
1     00007070  _XIntruptRegs                   
1     00007100  _AdcRegs                        
1     00007750  _ScibRegs                       
1     00007770  _ScicRegs                       
1     00007900  _I2caRegs                       
1     0000c000  _ButtonUp                       
1     0000c001  _Switch1                        
1     0000c002  _ButtonDown                     
1     0000c003  _Button4                        
1     0000c004  _Button2                        
1     0000c005  _Button1                        
1     0000c006  _Button3                        
1     0000c00a  _Switch3                        
1     0000c00b  _Switch2                        
1     0000c00c  _rx_flag                        
1     0000c00d  _Switch4                        
1     0000c00e  _value2_init                    
1     0000c01e  _value1_init                    
1     0000c040  _Prev_Board_State               
1     0000c080  _Global_Board_State             
1     0000c0c0  _param1_names                   
1     0000c100  _param2_names                   
1     0000c140  _Global_FXLib                   
1     0000c200  _FX_names                       
1     0000c2c0  _note_names                     
1     0000c5b4  ___TI_enable_exit_profile_output
1     0000c5b6  ___TI_cleanup_ptr               
1     0000c5b8  ___TI_dtors_ptr                 
1     0000c5ba  __lock                          
1     0000c5bc  __unlock                        
1     0000c5be  _errno                          
1     0000c5c0  _delay_const                    
1     0000c5c1  _fb                             
1     0000c5c2  _gyro_pos                       
1     0000c5c3  _scib_gyro                      
1     0000c5c4  _delay                          
1     0000c5c5  _gyro_pos_prev                  
1     0000c5c6  _r_flag1                        
1     0000c5c7  _r_flag2                        
1     0000c5c8  _t1_flag                        
1     0000c5c9  _timer_reset                    
1     0000c5ca  _zcross_period                  
1     0000c5cb  _timer_delay                    
1     0000c5cc  _temp_count_offset              
1     0000c5cd  _FIFO_size                      
1     0000c5ce  _temp_index                     
1     0000c5cf  _closest_d                      
1     0000c5d0  _temp_d                         
1     0000c5d1  _ext_index                      
1     0000c5d2  _uart_step                      
1     0000c5d3  _scib_rx                        
1     0000c5d4  _uart_i                         
1     0000c5d5  _interpol_inc                   
1     0000c5d6  _p_buff_size                    
1     0000c5d7  _ext_prev_inter                 
1     0000c5d8  _effectsel                      
1     0000c5d9  _k                              
1     0000c5da  _state_change_flag              
1     0000c5db  _p2                             
1     0000c5dc  _p1                             
1     0000c5dd  _most_recent_peak               
1     0000c5de  _ButtonUp_count                 
1     0000c5df  _ButtonDown_count               
1     0000c5e0  _Button4_count                  
1     0000c5e1  _toggler                        
1     0000c5e2  _zcrosstrig                     
1     0000c5e3  _ii                             
1     0000c5e4  _deactivateCounter              
1     0000c5e5  _nextCounter                    
1     0000c5e6  _activateCounter                
1     0000c5e7  _first_interrupt                
1     0000c5e8  _activateEffect                 
1     0000c5e9  _d_flag                         
1     0000c5ea  _Button2_count                  
1     0000c5eb  _Button3_count                  
1     0000c5ec  _Button1_count                  
1     0000c5ed  _nextHold                       
1     0000c5ee  _Xint_count                     
1     0000c5ef  _prevcountstart                 
1     0000c5f0  _ext_prev                       
1     0000c5f1  _ext_Buffer_size                
1     0000c5f2  _nextCounter2                   
1     0000c5f6  _C                              
1     0000c608  _ping_buff_offset               
1     0000c60a  _R_channel                      
1     0000c60c  _accel_mag                      
1     0000c612  _L_channel                      
1     0000c614  _pong_buff_offset               
1     0000c618  _ch1_ptr                        
1     0000c61a  _gyro_vol                       
1     0000c624  _fastDataMode                   
1     0000c628  _echo_Buffer_size               
1     0000c62c  _kk                             
1     0000c64c  _address                        
1     0000c680  _buffer_uart                    
1     0000c700  _CpuTimer1                      
1     0000c708  _CpuTimer2                      
1     0000c710  _CpuTimer0                      
1     0000d000  _pong_buffer                    
1     0000d002  _ping_buffer                    
1     0000e000  _zcross_pitch                   
1     0000e004  _zcross_neg                     
1     0000e008  _sample                         
1     0000e013  _sample_delay                   
1     0000e01e  _dig_delay                      
1     0000e02c  _zcross_return                  
1     0000e040  _imu_dat                        
1     0000e054  _flang                          
1     0000e080  _tremolo                        
1     0000e0c0  _treble_svf                     
1     0000e100  _wah_svf                        
1     0000e140  _bass_svf                       
1     0000e180  _pitch_shift_down               
1     0000e200  _pitch_shift_up                 
1     0033fff8  _CsmPwl                         
1     00380090  _PartIdRegs                     
abs   00000300  __STACK_SIZE                    
abs   00000e47  _RamfuncsLoadSize               
abs   ffffffff  ___TI_pprof_out_hndl            
abs   ffffffff  ___TI_prof_data_size            
abs   ffffffff  ___TI_prof_data_start           
abs   ffffffff  ___binit__                      
abs   ffffffff  ___c_args__                     
abs   ffffffff  ___pinit__                      
abs   ffffffff  binit                           
abs   ffffffff  pinit                           

[402 symbols]
