******************************************************************************
             TMS320C2000 Linker PC v16.9.3                     
******************************************************************************
>> Linked Thu Apr 12 19:59:11 2018

OUTPUT FILE NAME:   <SENIOR_Codec_app.out>
ENTRY POINT SYMBOL: "code_start"  address: 0033fff6


MEMORY CONFIGURATION

         name            origin    length      used     unused   attr    fill
----------------------  --------  ---------  --------  --------  ----  --------
PAGE 0:
  ZONE0                 00004000   00001000  00000000  00001000  RWIX
  RAML0                 00008000   00001000  00000784  0000087c  RWIX
  RAML1                 00009000   00001000  00000000  00001000  RWIX
  RAML2                 0000a000   00001000  00000000  00001000  RWIX
  RAML3                 0000b000   00001000  00000000  00001000  RWIX
  ZONE6                 00100000   00100000  00007fff  000f8001  RWIX
  ZONE7A                00200000   0000fc00  00000000  0000fc00  RWIX
  FLASHH                00300000   00008000  00000000  00008000  RWIX
  FLASHG                00308000   00008000  00000000  00008000  RWIX
  FLASHF                00310000   00008000  00000000  00008000  RWIX
  FLASHE                00318000   00008000  00000000  00008000  RWIX
  FLASHD                00320000   00008000  00000784  0000787c  RWIX
  FLASHC                00328000   00008000  00000000  00008000  RWIX
  FLASHA                00338000   00007f80  00002941  0000563f  RWIX
  CSM_RSVD              0033ff80   00000076  00000076  00000000  RWIX
  BEGIN                 0033fff6   00000002  00000002  00000000  RWIX
  CSM_PWL               0033fff8   00000008  00000008  00000000  RWIX
  ADC_CAL               00380080   00000009  00000000  00000009  RWIX
  OTP                   00380400   00000400  00000000  00000400  RWIX
  IQTABLES              003fe000   00000b50  00000000  00000b50  RWIX
  IQTABLES2             003feb50   0000008c  00000000  0000008c  RWIX
  FPUTABLES             003febdc   000006a0  00000000  000006a0  RWIX
  ROM                   003ff27c   00000d44  00000000  00000d44  RWIX
  RESET                 003fffc0   00000002  00000000  00000002  RWIX
  VECTORS               003fffc2   0000003e  00000000  0000003e  RWIX

PAGE 1:
  BOOT_RSVD             00000000   00000050  00000000  00000050  RWIX
  RAMM0                 00000050   000003b0  00000000  000003b0  RWIX
  RAMM1                 00000400   00000400  00000300  00000100  RWIX
  DEV_EMU               00000880   00000180  000000d0  000000b0  RWIX
  FLASH_REGS            00000a80   00000060  00000008  00000058  RWIX
  CSM                   00000ae0   00000010  00000010  00000000  RWIX
  ADC_MIRROR            00000b00   00000010  00000010  00000000  RWIX
  XINTF                 00000b20   00000020  0000001e  00000002  RWIX
  CPU_TIMER0            00000c00   00000008  00000008  00000000  RWIX
  CPU_TIMER1            00000c08   00000008  00000008  00000000  RWIX
  CPU_TIMER2            00000c10   00000008  00000008  00000000  RWIX
  PIE_CTRL              00000ce0   00000020  0000001a  00000006  RWIX
  PIE_VECT              00000d00   00000100  00000100  00000000  RWIX
  DMA                   00001000   00000200  000000e0  00000120  RWIX
  MCBSPA                00005000   00000040  00000025  0000001b  RWIX
  MCBSPB                00005040   00000040  00000025  0000001b  RWIX
  ECANA                 00006000   00000040  00000034  0000000c  RWIX
  ECANA_LAM             00006040   00000040  00000040  00000000  RWIX
  ECANA_MOTS            00006080   00000040  00000040  00000000  RWIX
  ECANA_MOTO            000060c0   00000040  00000040  00000000  RWIX
  ECANA_MBOX            00006100   00000100  00000100  00000000  RWIX
  ECANB                 00006200   00000040  00000034  0000000c  RWIX
  ECANB_LAM             00006240   00000040  00000040  00000000  RWIX
  ECANB_MOTS            00006280   00000040  00000040  00000000  RWIX
  ECANB_MOTO            000062c0   00000040  00000040  00000000  RWIX
  ECANB_MBOX            00006300   00000100  00000100  00000000  RWIX
  EPWM1                 00006800   00000022  00000022  00000000  RWIX
  EPWM2                 00006840   00000022  00000022  00000000  RWIX
  EPWM3                 00006880   00000022  00000022  00000000  RWIX
  EPWM4                 000068c0   00000022  00000022  00000000  RWIX
  EPWM5                 00006900   00000022  00000022  00000000  RWIX
  EPWM6                 00006940   00000022  00000022  00000000  RWIX
  ECAP1                 00006a00   00000020  00000020  00000000  RWIX
  ECAP2                 00006a20   00000020  00000020  00000000  RWIX
  ECAP3                 00006a40   00000020  00000020  00000000  RWIX
  ECAP4                 00006a60   00000020  00000020  00000000  RWIX
  ECAP5                 00006a80   00000020  00000020  00000000  RWIX
  ECAP6                 00006aa0   00000020  00000020  00000000  RWIX
  EQEP1                 00006b00   00000040  00000040  00000000  RWIX
  EQEP2                 00006b40   00000040  00000040  00000000  RWIX
  GPIOCTRL              00006f80   00000040  0000002e  00000012  RWIX
  GPIODAT               00006fc0   00000020  00000020  00000000  RWIX
  GPIOINT               00006fe0   00000020  0000000a  00000016  RWIX
  SYSTEM                00007010   00000020  00000020  00000000  RWIX
  SPIA                  00007040   00000010  00000010  00000000  RWIX
  SCIA                  00007050   00000010  00000010  00000000  RWIX
  XINTRUPT              00007070   00000010  00000010  00000000  RWIX
  ADC                   00007100   00000020  0000001e  00000002  RWIX
  SCIB                  00007750   00000010  00000010  00000000  RWIX
  SCIC                  00007770   00000010  00000010  00000000  RWIX
  I2CA                  00007900   00000040  00000022  0000001e  RWIX
  RAML4                 0000c000   00001000  00000ed8  00000128  RWIX
  RAML5                 0000d000   00001000  00000004  00000ffc  RWIX
  RAML6                 0000e000   00001000  00000178  00000e88  RWIX
  RAML7                 0000f000   00001000  00000000  00001000  RWIX
  ZONE7B                0020fc00   00000400  00000000  00000400  RWIX
  FLASHB                00330000   00008000  00000000  00008000  RWIX
  CSM_PWL               0033fff8   00000008  00000008  00000000  RWIX
  PARTID                00380090   00000001  00000001  00000000  RWIX


SECTION ALLOCATION MAP

 output                                  attributes/
section   page    origin      length       input sections
--------  ----  ----------  ----------   ----------------
extSRAM6   0    00100000    00007fff     UNINITIALIZED
                  00100000    00007fff     main.obj (extSRAM6)

ramfuncs   0    00320000    00000784     RUN ADDR = 00008000
                  00320000    0000054d     main.obj (ramfuncs)
                  0032054d    00000218     main.obj (ramfuncs:retain)
                  00320765    0000001b     DSP2833x_SysCtrl.obj (ramfuncs)
                  00320780    00000004     DSP2833x_usDelay.obj (ramfuncs)

.text      0    00338000    00001cc5     
                  00338000    00000d60     UI.obj (.text)
                  00338d60    00000316     DSP2833x_DefaultIsr.obj (.text:retain)
                  00339076    00000312     LCD.obj (.text)
                  00339388    000001ba     MDF_init.obj (.text)
                  00339542    0000016b     DSP2833x_Mcbsp.obj (.text)
                  003396ad    0000010a     main.obj (.text)
                  003397b7    000000ef     DSP2833x_SysCtrl.obj (.text)
                  003398a6    000000cc     rts2800_fpu32.lib : e_log2f.obj (.text)
                  00339972    000000b7     AIC23_SPI_control.obj (.text)
                  00339a29    00000088     rts2800_fpu32.lib : fs_div28.obj (.text)
                  00339ab1    00000073     DSP2833x_CpuTimers.obj (.text)
                  00339b24    00000056     rts2800_fpu32.lib : boot28.obj (.text)
                  00339b7a    00000042     AIC23.obj (.text)
                  00339bbc    00000029     rts2800_fpu32.lib : exit.obj (.text)
                  00339be5    00000028     DSP2833x_PieCtrl.obj (.text)
                  00339c0d    00000024     rts2800_fpu32.lib : cpy_tbl.obj (.text)
                  00339c31    00000022                       : i_div28.obj (.text)
                  00339c53    00000020     AsciiLib.obj (.text)
                  00339c73    0000001e     rts2800_fpu32.lib : memcpy.obj (.text)
                  00339c91    00000019                       : args_main.obj (.text)
                  00339caa    00000009                       : _lock.obj (.text)
                  00339cb3    00000008     DSP2833x_CodeStartBranch.obj (.text)
                  00339cbb    00000007     DSP2833x_DisInt.obj (.text)
                  00339cc2    00000002     rts2800_fpu32.lib : pre_init.obj (.text)
                  00339cc4    00000001                       : startup.obj (.text)

.econst    0    00339cc6    0000073f     
                  00339cc6    000005f0     AsciiLib.obj (.econst:_AsciiLib)
                  0033a2b6    00000021     UI.obj (.econst:.string:_$P$T3$4)
                  0033a2d7    0000001d     UI.obj (.econst:.string:_$P$T4$5)
                  0033a2f4    00000012     UI.obj (.econst:.string:_$P$T6$7)
                  0033a306    00000011     UI.obj (.econst:.string:_$P$T5$6)
                  0033a317    00000001     --HOLE-- [fill = 0]
                  0033a318    00000010     rts2800_fpu32.lib : e_log2f.obj (.econst)
                  0033a328    0000000b     UI.obj (.econst:.string:_$P$T7$8)
                  0033a333    00000007     UI.obj (.econst:.string:_$P$T16$17)
                  0033a33a    00000007     UI.obj (.econst:.string:_$P$T24$25)
                  0033a341    00000007     UI.obj (.econst:.string:_$P$T29$30)
                  0033a348    00000007     UI.obj (.econst:.string:_$P$T31$32)
                  0033a34f    00000007     UI.obj (.econst:.string:_$P$T32$33)
                  0033a356    00000007     UI.obj (.econst:.string:_$P$T33$34)
                  0033a35d    00000007     UI.obj (.econst:.string:_$P$T34$35)
                  0033a364    00000007     UI.obj (.econst:.string:_$P$T35$36)
                  0033a36b    00000007     UI.obj (.econst:.string:_$P$T36$37)
                  0033a372    00000006     UI.obj (.econst:.string:_$P$T15$16)
                  0033a378    00000006     UI.obj (.econst:.string:_$P$T19$20)
                  0033a37e    00000006     UI.obj (.econst:.string:_$P$T2$3)
                  0033a384    00000006     UI.obj (.econst:.string:_$P$T30$31)
                  0033a38a    00000006     UI.obj (.econst:.string:_$P$T43$44)
                  0033a390    00000005     UI.obj (.econst:.string:_$P$T0$1)
                  0033a395    00000005     UI.obj (.econst:.string:_$P$T17$18)
                  0033a39a    00000005     UI.obj (.econst:.string:_$P$T37$38)
                  0033a39f    00000005     UI.obj (.econst:.string:_$P$T39$40)
                  0033a3a4    00000005     UI.obj (.econst:.string:_$P$T40$41)
                  0033a3a9    00000005     UI.obj (.econst:.string:_$P$T42$43)
                  0033a3ae    00000005     UI.obj (.econst:.string:_$P$T45$48)
                  0033a3b3    00000004     UI.obj (.econst:.string:_$P$T1$2)
                  0033a3b7    00000004     UI.obj (.econst:.string:_$P$T18$19)
                  0033a3bb    00000004     UI.obj (.econst:.string:_$P$T38$39)
                  0033a3bf    00000004     UI.obj (.econst:.string:_$P$T41$42)
                  0033a3c3    00000004     UI.obj (.econst:.string:_$P$T44$47)
                  0033a3c7    00000004     UI.obj (.econst:.string:_$P$T8$9)
                  0033a3cb    00000003     UI.obj (.econst:.string:_$P$T14$15)
                  0033a3ce    00000003     UI.obj (.econst:.string:_$P$T9$10)
                  0033a3d1    00000002     UI.obj (.econst:.string:_$P$T10$11)
                  0033a3d3    00000002     UI.obj (.econst:.string:_$P$T11$12)
                  0033a3d5    00000002     UI.obj (.econst:.string:_$P$T12$13)
                  0033a3d7    00000002     UI.obj (.econst:.string:_$P$T13$14)
                  0033a3d9    00000002     UI.obj (.econst:.string:_$P$T20$21)
                  0033a3db    00000002     UI.obj (.econst:.string:_$P$T21$22)
                  0033a3dd    00000002     UI.obj (.econst:.string:_$P$T22$23)
                  0033a3df    00000002     UI.obj (.econst:.string:_$P$T23$24)
                  0033a3e1    00000002     UI.obj (.econst:.string:_$P$T25$26)
                  0033a3e3    00000002     UI.obj (.econst:.string:_$P$T26$27)
                  0033a3e5    00000002     UI.obj (.econst:.string:_$P$T27$28)
                  0033a3e7    00000002     UI.obj (.econst:.string:_$P$T28$29)
                  0033a3e9    00000002     UI.obj (.econst:.string:_$P$T46$50)
                  0033a3eb    00000002     UI.obj (.econst:.string:_$P$T47$51)
                  0033a3ed    00000002     UI.obj (.econst:.string:_$P$T48$52)
                  0033a3ef    00000002     UI.obj (.econst:.string:_$P$T49$53)
                  0033a3f1    00000002     UI.obj (.econst:.string:_$P$T50$54)
                  0033a3f3    00000002     UI.obj (.econst:.string:_$P$T51$55)
                  0033a3f5    00000002     UI.obj (.econst:.string:_$P$T52$56)
                  0033a3f7    00000002     UI.obj (.econst:.string:_$P$T53$57)
                  0033a3f9    00000002     UI.obj (.econst:.string:_$P$T54$58)
                  0033a3fb    00000002     UI.obj (.econst:.string:_$P$T55$59)
                  0033a3fd    00000002     UI.obj (.econst:.string:_$P$T56$60)
                  0033a3ff    00000002     UI.obj (.econst:.string:_$P$T57$61)
                  0033a401    00000002     UI.obj (.econst:.string:_$P$T58$62)
                  0033a403    00000002     UI.obj (.econst:.string:_$P$T59$63)

.cinit     0    0033a405    0000053d     
                  0033a405    00000461     UI.obj (.cinit)
                  0033a866    000000be     main.obj (.cinit)
                  0033a924    0000000e     rts2800_fpu32.lib : exit.obj (.cinit)
                  0033a932    00000005                       : _lock.obj (.cinit:__lock)
                  0033a937    00000005                       : _lock.obj (.cinit:__unlock)
                  0033a93c    00000004                       : errno.obj (.cinit)
                  0033a940    00000002     --HOLE-- [fill = 0]

csm_rsvd   0    0033ff80    00000076     
                  0033ff80    00000076     DSP2833x_CSMPasswords.obj (csm_rsvd)

codestart 
*          0    0033fff6    00000002     
                  0033fff6    00000002     DSP2833x_CodeStartBranch.obj (codestart)

csmpasswds 
*          0    0033fff8    00000008     
                  0033fff8    00000008     DSP2833x_CSMPasswords.obj (csmpasswds)

.stack     1    00000400    00000300     UNINITIALIZED
                  00000400    00000300     --HOLE--

DevEmuRegsFile 
*          1    00000880    000000d0     UNINITIALIZED
                  00000880    000000d0     DSP2833x_GlobalVariableDefs.obj (DevEmuRegsFile)

FlashRegsFile 
*          1    00000a80    00000008     UNINITIALIZED
                  00000a80    00000008     DSP2833x_GlobalVariableDefs.obj (FlashRegsFile)

CsmRegsFile 
*          1    00000ae0    00000010     UNINITIALIZED
                  00000ae0    00000010     DSP2833x_GlobalVariableDefs.obj (CsmRegsFile)

AdcMirrorFile 
*          1    00000b00    00000010     UNINITIALIZED
                  00000b00    00000010     DSP2833x_GlobalVariableDefs.obj (AdcMirrorFile)

XintfRegsFile 
*          1    00000b20    0000001e     UNINITIALIZED
                  00000b20    0000001e     DSP2833x_GlobalVariableDefs.obj (XintfRegsFile)

CpuTimer0RegsFile 
*          1    00000c00    00000008     UNINITIALIZED
                  00000c00    00000008     DSP2833x_GlobalVariableDefs.obj (CpuTimer0RegsFile)

CpuTimer1RegsFile 
*          1    00000c08    00000008     UNINITIALIZED
                  00000c08    00000008     DSP2833x_GlobalVariableDefs.obj (CpuTimer1RegsFile)

CpuTimer2RegsFile 
*          1    00000c10    00000008     UNINITIALIZED
                  00000c10    00000008     DSP2833x_GlobalVariableDefs.obj (CpuTimer2RegsFile)

PieCtrlRegsFile 
*          1    00000ce0    0000001a     UNINITIALIZED
                  00000ce0    0000001a     DSP2833x_GlobalVariableDefs.obj (PieCtrlRegsFile)

PieVectTableFile 
*          1    00000d00    00000100     UNINITIALIZED
                  00000d00    00000100     DSP2833x_GlobalVariableDefs.obj (PieVectTableFile)

DmaRegsFile 
*          1    00001000    000000e0     UNINITIALIZED
                  00001000    000000e0     DSP2833x_GlobalVariableDefs.obj (DmaRegsFile)

McbspaRegsFile 
*          1    00005000    00000025     UNINITIALIZED
                  00005000    00000025     DSP2833x_GlobalVariableDefs.obj (McbspaRegsFile)

McbspbRegsFile 
*          1    00005040    00000025     UNINITIALIZED
                  00005040    00000025     DSP2833x_GlobalVariableDefs.obj (McbspbRegsFile)

ECanaRegsFile 
*          1    00006000    00000034     UNINITIALIZED
                  00006000    00000034     DSP2833x_GlobalVariableDefs.obj (ECanaRegsFile)

ECanaLAMRegsFile 
*          1    00006040    00000040     UNINITIALIZED
                  00006040    00000040     DSP2833x_GlobalVariableDefs.obj (ECanaLAMRegsFile)

ECanaMOTSRegsFile 
*          1    00006080    00000040     UNINITIALIZED
                  00006080    00000040     DSP2833x_GlobalVariableDefs.obj (ECanaMOTSRegsFile)

ECanaMOTORegsFile 
*          1    000060c0    00000040     UNINITIALIZED
                  000060c0    00000040     DSP2833x_GlobalVariableDefs.obj (ECanaMOTORegsFile)

ECanaMboxesFile 
*          1    00006100    00000100     UNINITIALIZED
                  00006100    00000100     DSP2833x_GlobalVariableDefs.obj (ECanaMboxesFile)

ECanbRegsFile 
*          1    00006200    00000034     UNINITIALIZED
                  00006200    00000034     DSP2833x_GlobalVariableDefs.obj (ECanbRegsFile)

ECanbLAMRegsFile 
*          1    00006240    00000040     UNINITIALIZED
                  00006240    00000040     DSP2833x_GlobalVariableDefs.obj (ECanbLAMRegsFile)

ECanbMOTSRegsFile 
*          1    00006280    00000040     UNINITIALIZED
                  00006280    00000040     DSP2833x_GlobalVariableDefs.obj (ECanbMOTSRegsFile)

ECanbMOTORegsFile 
*          1    000062c0    00000040     UNINITIALIZED
                  000062c0    00000040     DSP2833x_GlobalVariableDefs.obj (ECanbMOTORegsFile)

ECanbMboxesFile 
*          1    00006300    00000100     UNINITIALIZED
                  00006300    00000100     DSP2833x_GlobalVariableDefs.obj (ECanbMboxesFile)

EPwm1RegsFile 
*          1    00006800    00000022     UNINITIALIZED
                  00006800    00000022     DSP2833x_GlobalVariableDefs.obj (EPwm1RegsFile)

EPwm2RegsFile 
*          1    00006840    00000022     UNINITIALIZED
                  00006840    00000022     DSP2833x_GlobalVariableDefs.obj (EPwm2RegsFile)

EPwm3RegsFile 
*          1    00006880    00000022     UNINITIALIZED
                  00006880    00000022     DSP2833x_GlobalVariableDefs.obj (EPwm3RegsFile)

EPwm4RegsFile 
*          1    000068c0    00000022     UNINITIALIZED
                  000068c0    00000022     DSP2833x_GlobalVariableDefs.obj (EPwm4RegsFile)

EPwm5RegsFile 
*          1    00006900    00000022     UNINITIALIZED
                  00006900    00000022     DSP2833x_GlobalVariableDefs.obj (EPwm5RegsFile)

EPwm6RegsFile 
*          1    00006940    00000022     UNINITIALIZED
                  00006940    00000022     DSP2833x_GlobalVariableDefs.obj (EPwm6RegsFile)

ECap1RegsFile 
*          1    00006a00    00000020     UNINITIALIZED
                  00006a00    00000020     DSP2833x_GlobalVariableDefs.obj (ECap1RegsFile)

ECap2RegsFile 
*          1    00006a20    00000020     UNINITIALIZED
                  00006a20    00000020     DSP2833x_GlobalVariableDefs.obj (ECap2RegsFile)

ECap3RegsFile 
*          1    00006a40    00000020     UNINITIALIZED
                  00006a40    00000020     DSP2833x_GlobalVariableDefs.obj (ECap3RegsFile)

ECap4RegsFile 
*          1    00006a60    00000020     UNINITIALIZED
                  00006a60    00000020     DSP2833x_GlobalVariableDefs.obj (ECap4RegsFile)

ECap5RegsFile 
*          1    00006a80    00000020     UNINITIALIZED
                  00006a80    00000020     DSP2833x_GlobalVariableDefs.obj (ECap5RegsFile)

ECap6RegsFile 
*          1    00006aa0    00000020     UNINITIALIZED
                  00006aa0    00000020     DSP2833x_GlobalVariableDefs.obj (ECap6RegsFile)

EQep1RegsFile 
*          1    00006b00    00000040     UNINITIALIZED
                  00006b00    00000040     DSP2833x_GlobalVariableDefs.obj (EQep1RegsFile)

EQep2RegsFile 
*          1    00006b40    00000040     UNINITIALIZED
                  00006b40    00000040     DSP2833x_GlobalVariableDefs.obj (EQep2RegsFile)

GpioCtrlRegsFile 
*          1    00006f80    0000002e     UNINITIALIZED
                  00006f80    0000002e     DSP2833x_GlobalVariableDefs.obj (GpioCtrlRegsFile)

GpioDataRegsFile 
*          1    00006fc0    00000020     UNINITIALIZED
                  00006fc0    00000020     DSP2833x_GlobalVariableDefs.obj (GpioDataRegsFile)

GpioIntRegsFile 
*          1    00006fe0    0000000a     UNINITIALIZED
                  00006fe0    0000000a     DSP2833x_GlobalVariableDefs.obj (GpioIntRegsFile)

SysCtrlRegsFile 
*          1    00007010    00000020     UNINITIALIZED
                  00007010    00000020     DSP2833x_GlobalVariableDefs.obj (SysCtrlRegsFile)

SpiaRegsFile 
*          1    00007040    00000010     UNINITIALIZED
                  00007040    00000010     DSP2833x_GlobalVariableDefs.obj (SpiaRegsFile)

SciaRegsFile 
*          1    00007050    00000010     UNINITIALIZED
                  00007050    00000010     DSP2833x_GlobalVariableDefs.obj (SciaRegsFile)

XIntruptRegsFile 
*          1    00007070    00000010     UNINITIALIZED
                  00007070    00000010     DSP2833x_GlobalVariableDefs.obj (XIntruptRegsFile)

AdcRegsFile 
*          1    00007100    0000001e     UNINITIALIZED
                  00007100    0000001e     DSP2833x_GlobalVariableDefs.obj (AdcRegsFile)

ScibRegsFile 
*          1    00007750    00000010     UNINITIALIZED
                  00007750    00000010     DSP2833x_GlobalVariableDefs.obj (ScibRegsFile)

ScicRegsFile 
*          1    00007770    00000010     UNINITIALIZED
                  00007770    00000010     DSP2833x_GlobalVariableDefs.obj (ScicRegsFile)

I2caRegsFile 
*          1    00007900    00000022     UNINITIALIZED
                  00007900    00000022     DSP2833x_GlobalVariableDefs.obj (I2caRegsFile)

.ebss      1    0000c000    00000ed8     UNINITIALIZED
                  0000c000    00000900     main.obj (.ebss)
                  0000c900    000005b4     UI.obj (.ebss)
                  0000ceb4    00000006     rts2800_fpu32.lib : exit.obj (.ebss)
                  0000ceba    00000002                       : _lock.obj (.ebss:__lock)
                  0000cebc    00000002                       : _lock.obj (.ebss:__unlock)
                  0000cebe    00000001                       : errno.obj (.ebss)
                  0000cebf    00000001     --HOLE--
                  0000cec0    00000018     DSP2833x_CpuTimers.obj (.ebss)

CsmPwlFile 
*          1    0033fff8    00000008     UNINITIALIZED
                  0033fff8    00000008     DSP2833x_GlobalVariableDefs.obj (CsmPwlFile)

PartIdRegsFile 
*          1    00380090    00000001     UNINITIALIZED
                  00380090    00000001     DSP2833x_GlobalVariableDefs.obj (PartIdRegsFile)

.pinit     0    00338000    00000000     UNINITIALIZED

DMARAML5   1    0000d000    00000004     UNINITIALIZED
                  0000d000    00000004     main.obj (DMARAML5)

EFFECTRAM6 
*          1    0000e000    00000178     UNINITIALIZED
                  0000e000    00000178     main.obj (EFFECTRAM6)

.reset     0    003fffc0    00000002     DSECT
                  003fffc0    00000002     rts2800_fpu32.lib : boot28.obj (.reset)

vectors    0    003fffc2    00000000     DSECT

MODULE SUMMARY

       Module                            code    initialized data   uninitialized data
       ------                            ----    ----------------   ------------------
    .\
       main.obj                          4052    190                35451             
       UI.obj                            3424    1439               1460              
       AsciiLib.obj                      32      1520               0                 
       LCD.obj                           786     0                  0                 
       MDF_init.obj                      442     0                  0                 
    +--+---------------------------------+-------+------------------+--------------------+
       Total:                            8736    3149               36911             
                                                                                      
    .\common\
       DSP2833x_DefaultIsr.obj           790     0                  0                 
       DSP2833x_Mcbsp.obj                363     0                  0                 
       DSP2833x_SysCtrl.obj              293     0                  0                 
       AIC23_SPI_control.obj             183     0                  0                 
       DSP2833x_CpuTimers.obj            115     0                  24                
       DSP2833x_CSMPasswords.obj         0       126                0                 
       AIC23.obj                         66      0                  0                 
       DSP2833x_PieCtrl.obj              40      0                  0                 
       DSP2833x_CodeStartBranch.obj      10      0                  0                 
       DSP2833x_usDelay.obj              8       0                  0                 
       DSP2833x_DisInt.obj               7       0                  0                 
    +--+---------------------------------+-------+------------------+--------------------+
       Total:                            1875    126                24                
                                                                                      
    .\headers\
       DSP2833x_GlobalVariableDefs.obj   0       0                  2679              
    +--+---------------------------------+-------+------------------+--------------------+
       Total:                            0       0                  2679              
                                                                                      
    C:\ti\ccsv7\tools\compiler\ti-cgt-c2000_16.9.3.LTS\lib\rts2800_fpu32.lib
       e_log2f.obj                       204     16                 0                 
       fs_div28.obj                      136     0                  0                 
       boot28.obj                        86      0                  0                 
       exit.obj                          41      14                 6                 
       cpy_tbl.obj                       36      0                  0                 
       i_div28.obj                       34      0                  0                 
       memcpy.obj                        30      0                  0                 
       args_main.obj                     25      0                  0                 
       _lock.obj                         9       10                 4                 
       errno.obj                         0       4                  1                 
       pre_init.obj                      2       0                  0                 
       startup.obj                       1       0                  0                 
    +--+---------------------------------+-------+------------------+--------------------+
       Total:                            604     44                 11                
                                                                                      
       Stack:                            0       0                  768               
    +--+---------------------------------+-------+------------------+--------------------+
       Grand Total:                      11215   3319               40393             


GLOBAL DATA SYMBOLS: SORTED BY DATA PAGE

address     data page           name
--------    ----------------    ----
00000400      10 (00000400)     __stack

00000880      22 (00000880)     _DevEmuRegs

00000a80      2a (00000a80)     _FlashRegs

00000ae0      2b (00000ac0)     _CsmRegs

00000b00      2c (00000b00)     _AdcMirror
00000b20      2c (00000b00)     _XintfRegs

00000c00      30 (00000c00)     _CpuTimer0Regs
00000c08      30 (00000c00)     _CpuTimer1Regs
00000c10      30 (00000c00)     _CpuTimer2Regs

00000ce0      33 (00000cc0)     _PieCtrlRegs

00000d00      34 (00000d00)     _PieVectTable

00001000      40 (00001000)     _DmaRegs

00005000     140 (00005000)     _McbspaRegs

00005040     141 (00005040)     _McbspbRegs

00006000     180 (00006000)     _ECanaRegs

00006040     181 (00006040)     _ECanaLAMRegs

00006080     182 (00006080)     _ECanaMOTSRegs

000060c0     183 (000060c0)     _ECanaMOTORegs

00006100     184 (00006100)     _ECanaMboxes

00006200     188 (00006200)     _ECanbRegs

00006240     189 (00006240)     _ECanbLAMRegs

00006280     18a (00006280)     _ECanbMOTSRegs

000062c0     18b (000062c0)     _ECanbMOTORegs

00006300     18c (00006300)     _ECanbMboxes

00006800     1a0 (00006800)     _EPwm1Regs

00006840     1a1 (00006840)     _EPwm2Regs

00006880     1a2 (00006880)     _EPwm3Regs

000068c0     1a3 (000068c0)     _EPwm4Regs

00006900     1a4 (00006900)     _EPwm5Regs

00006940     1a5 (00006940)     _EPwm6Regs

00006a00     1a8 (00006a00)     _ECap1Regs
00006a20     1a8 (00006a00)     _ECap2Regs

00006a40     1a9 (00006a40)     _ECap3Regs
00006a60     1a9 (00006a40)     _ECap4Regs

00006a80     1aa (00006a80)     _ECap5Regs
00006aa0     1aa (00006a80)     _ECap6Regs

00006b00     1ac (00006b00)     _EQep1Regs

00006b40     1ad (00006b40)     _EQep2Regs

00006f80     1be (00006f80)     _GpioCtrlRegs

00006fc0     1bf (00006fc0)     _GpioDataRegs
00006fe0     1bf (00006fc0)     _GpioIntRegs

00007010     1c0 (00007000)     _SysCtrlRegs

00007040     1c1 (00007040)     _SpiaRegs
00007050     1c1 (00007040)     _SciaRegs
00007070     1c1 (00007040)     _XIntruptRegs

00007100     1c4 (00007100)     _AdcRegs

00007750     1dd (00007740)     _ScibRegs
00007770     1dd (00007740)     _ScicRegs

00007900     1e4 (00007900)     _I2caRegs

0000c000     300 (0000c000)     _uart_step
0000c001     300 (0000c000)     _scib_rx
0000c002     300 (0000c000)     _uart_i
0000c003     300 (0000c000)     _Button2_count
0000c004     300 (0000c000)     _gyro_pos
0000c005     300 (0000c000)     _Xint_count
0000c006     300 (0000c000)     _scib_gyro
0000c007     300 (0000c000)     _gyro_pos_prev
0000c008     300 (0000c000)     _Button1_count
0000c009     300 (0000c000)     _temp_d
0000c00a     300 (0000c000)     _Button4_count
0000c00b     300 (0000c000)     _temp_count_offset
0000c00c     300 (0000c000)     _temp_index
0000c00d     300 (0000c000)     _interpol_inc
0000c00e     300 (0000c000)     _p_buff_size
0000c00f     300 (0000c000)     _Button3_count
0000c010     300 (0000c000)     _ext_prev_inter
0000c011     300 (0000c000)     _r_flag2
0000c012     300 (0000c000)     _d_flag
0000c013     300 (0000c000)     _t1_flag
0000c014     300 (0000c000)     _r_flag1
0000c015     300 (0000c000)     _activateCounter
0000c016     300 (0000c000)     _deactivateCounter
0000c017     300 (0000c000)     _first_interrupt
0000c018     300 (0000c000)     _activateEffect
0000c019     300 (0000c000)     _nextCounter
0000c01a     300 (0000c000)     _fb
0000c01b     300 (0000c000)     _timer_delay
0000c01c     300 (0000c000)     _delay_const
0000c01d     300 (0000c000)     _delay
0000c01e     300 (0000c000)     _nextHold
0000c01f     300 (0000c000)     _nextCounter2
0000c020     300 (0000c000)     _timer_reset
0000c021     300 (0000c000)     _zcross_period
0000c022     300 (0000c000)     _ButtonUp_count
0000c023     300 (0000c000)     _toggler
0000c024     300 (0000c000)     _ii
0000c025     300 (0000c000)     _effectsel
0000c026     300 (0000c000)     _k
0000c027     300 (0000c000)     _p1
0000c028     300 (0000c000)     _state_change_flag
0000c029     300 (0000c000)     _p2
0000c02a     300 (0000c000)     _ext_Buffer_size
0000c02b     300 (0000c000)     _dummy_index
0000c02c     300 (0000c000)     _ext_prev
0000c02d     300 (0000c000)     _ButtonDown_count
0000c02e     300 (0000c000)     _ext_index
0000c02f     300 (0000c000)     _closest_d
0000c030     300 (0000c000)     _pong_buff_offset
0000c032     300 (0000c000)     _ping_buff_offset
0000c034     300 (0000c000)     _accel_mag
0000c036     300 (0000c000)     _ch1_ptr
0000c038     300 (0000c000)     _gyro_vol
0000c03a     300 (0000c000)     _L_channel
0000c03c     300 (0000c000)     _R_channel

0000c040     301 (0000c040)     _fastDataMode
0000c044     301 (0000c040)     _address

0000c080     302 (0000c080)     _buffer_uart

0000c100     304 (0000c100)     _dummy_buffer

0000c900     324 (0000c900)     _ButtonUp
0000c901     324 (0000c900)     _Switch1
0000c902     324 (0000c900)     _ButtonDown
0000c903     324 (0000c900)     _Button4
0000c904     324 (0000c900)     _Button2
0000c905     324 (0000c900)     _Button1
0000c906     324 (0000c900)     _Button3
0000c90a     324 (0000c900)     _Switch3
0000c90b     324 (0000c900)     _Switch2
0000c90c     324 (0000c900)     _rx_flag
0000c90d     324 (0000c900)     _Switch4
0000c90e     324 (0000c900)     _value2_init
0000c91c     324 (0000c900)     _value1_init

0000c940     325 (0000c940)     _Global_Board_State

0000c980     326 (0000c980)     _Prev_Board_State

0000c9c0     327 (0000c9c0)     _param1_names

0000ca00     328 (0000ca00)     _param2_names

0000ca40     329 (0000ca40)     _Global_FXLib

0000cb00     32c (0000cb00)     _FX_names

0000cbc0     32f (0000cbc0)     _note_names

0000ceb4     33a (0000ce80)     ___TI_enable_exit_profile_output
0000ceb6     33a (0000ce80)     ___TI_cleanup_ptr
0000ceb8     33a (0000ce80)     ___TI_dtors_ptr
0000ceba     33a (0000ce80)     __lock
0000cebc     33a (0000ce80)     __unlock
0000cebe     33a (0000ce80)     _errno

0000cec0     33b (0000cec0)     _CpuTimer1
0000cec8     33b (0000cec0)     _CpuTimer2
0000ced0     33b (0000cec0)     _CpuTimer0

0000d000     340 (0000d000)     _ping_buffer
0000d002     340 (0000d000)     _pong_buffer

0000e000     380 (0000e000)     _zcross_pos
0000e00b     380 (0000e000)     _sample
0000e016     380 (0000e000)     _zcross_neg
0000e021     380 (0000e000)     _dig_delay
0000e030     380 (0000e000)     _pitch_shift

0000e040     381 (0000e040)     _imu_dat
0000e054     381 (0000e040)     _flang

0000e080     382 (0000e080)     _tremolo

0000e0c0     383 (0000e0c0)     _bass_svf

0000e100     384 (0000e100)     _wah_svf

0000e140     385 (0000e140)     _treble_svf

00100000    4000 (00100000)     _ext_Buffer

0033fff8    cfff (0033ffc0)     _CsmPwl

00380090    e002 (00380080)     _PartIdRegs


GLOBAL SYMBOLS: SORTED ALPHABETICALLY BY Name 

page  address   name                            
----  -------   ----                            
0     00338000  .text                           
0     00339bbc  C$$EXIT                         
0     00339a29  FS$$DIV                         
0     00339c31  I$$DIV                          
0     00339c42  I$$MOD                          
0     00338e46  _ADCINT_ISR                     
1     00000b00  _AdcMirror                      
1     00007100  _AdcRegs                        
0     003389d6  _Attempt_RF_Connect             
0     003389b3  _BT_Connect                     
1     0000c905  _Button1                        
1     0000c008  _Button1_count                  
1     0000c904  _Button2                        
1     0000c003  _Button2_count                  
1     0000c906  _Button3                        
1     0000c00f  _Button3_count                  
1     0000c903  _Button4                        
1     0000c00a  _Button4_count                  
1     0000c902  _ButtonDown                     
1     0000c02d  _ButtonDown_count               
1     0000c900  _ButtonUp                       
1     0000c022  _ButtonUp_count                 
0     00339bb0  _CLKsampleratecontrol           
0     00338d53  _Clear_Buttons                  
0     00339aea  _ConfigCpuTimer                 
1     0000ced0  _CpuTimer0                      
1     00000c00  _CpuTimer0Regs                  
1     0000cec0  _CpuTimer1                      
1     00000c08  _CpuTimer1Regs                  
1     0000cec8  _CpuTimer2                      
1     00000c10  _CpuTimer2Regs                  
1     0033fff8  _CsmPwl                         
1     00000ae0  _CsmRegs                        
0     00339875  _CsmUnlock                      
0     00338d74  _DATALOG_ISR                    
0     00338f68  _DINTCH1_ISR                    
0     00338f72  _DINTCH2_ISR                    
0     00338f7c  _DINTCH3_ISR                    
0     00338f86  _DINTCH4_ISR                    
0     00338f90  _DINTCH5_ISR                    
0     00338f9a  _DINTCH6_ISR                    
0     00339cbb  _DSP28x_DisableInt              
0     00339cbf  _DSP28x_RestoreInt              
0     00008780  _DSP28x_usDelay                 
0     00339ba4  _DSPdigaudinterface             
1     00000880  _DevEmuRegs                     
0     003397c8  _DisableDog                     
1     00001000  _DmaRegs                        
0     00338ff4  _ECAN0INTA_ISR                  
0     00339008  _ECAN0INTB_ISR                  
0     00338ffe  _ECAN1INTA_ISR                  
0     00339012  _ECAN1INTB_ISR                  
0     00338edc  _ECAP1_INT_ISR                  
0     00338ee6  _ECAP2_INT_ISR                  
0     00338ef0  _ECAP3_INT_ISR                  
0     00338efa  _ECAP4_INT_ISR                  
0     00338f04  _ECAP5_INT_ISR                  
0     00338f0e  _ECAP6_INT_ISR                  
1     00006040  _ECanaLAMRegs                   
1     000060c0  _ECanaMOTORegs                  
1     00006080  _ECanaMOTSRegs                  
1     00006100  _ECanaMboxes                    
1     00006000  _ECanaRegs                      
1     00006240  _ECanbLAMRegs                   
1     000062c0  _ECanbMOTORegs                  
1     00006280  _ECanbMOTSRegs                  
1     00006300  _ECanbMboxes                    
1     00006200  _ECanbRegs                      
1     00006a00  _ECap1Regs                      
1     00006a20  _ECap2Regs                      
1     00006a40  _ECap3Regs                      
1     00006a60  _ECap4Regs                      
1     00006a80  _ECap5Regs                      
1     00006aa0  _ECap6Regs                      
0     00338d88  _EMUINT_ISR                     
0     00338ea0  _EPWM1_INT_ISR                  
0     00338e64  _EPWM1_TZINT_ISR                
0     00338eaa  _EPWM2_INT_ISR                  
0     00338e6e  _EPWM2_TZINT_ISR                
0     00338eb4  _EPWM3_INT_ISR                  
0     00338e78  _EPWM3_TZINT_ISR                
0     00338ebe  _EPWM4_INT_ISR                  
0     00338e82  _EPWM4_TZINT_ISR                
0     00338ec8  _EPWM5_INT_ISR                  
0     00338e8c  _EPWM5_TZINT_ISR                
0     00338ed2  _EPWM6_INT_ISR                  
0     00338e96  _EPWM6_TZINT_ISR                
1     00006800  _EPwm1Regs                      
1     00006840  _EPwm2Regs                      
1     00006880  _EPwm3Regs                      
1     000068c0  _EPwm4Regs                      
1     00006900  _EPwm5Regs                      
1     00006940  _EPwm6Regs                      
0     00338f18  _EQEP1_INT_ISR                  
0     00338f22  _EQEP2_INT_ISR                  
1     00006b00  _EQep1Regs                      
1     00006b40  _EQep2Regs                      
0     00339c04  _EnableInterrupts               
1     0000cb00  _FX_names                       
1     00000a80  _FlashRegs                      
0     00339c53  _GetASCIICode                   
1     0000c940  _Global_Board_State             
1     0000ca40  _Global_FXLib                   
1     00006f80  _GpioCtrlRegs                   
1     00006fc0  _GpioDataRegs                   
1     00006fe0  _GpioIntRegs                    
0     00338fa4  _I2CINT1A_ISR                   
0     00338fae  _I2CINT2A_ISR                   
0     00339ba7  _I2Sdigaudinterface             
1     00007900  _I2caRegs                       
0     00338d9c  _ILLEGAL_ISR                    
0     00338d60  _INT13_ISR                      
0     00338d6a  _INT14_ISR                      
0     00339ab1  _InitCpuTimers                  
0     00008765  _InitFlash                      
0     00339542  _InitMcbsp                      
0     0033961b  _InitMcbspGpio                  
0     00339547  _InitMcbspa                     
0     003395a6  _InitMcbspa12bit                
0     003395b1  _InitMcbspa16bit                
0     003395bc  _InitMcbspa20bit                
0     003395c7  _InitMcbspa24bit                
0     003395d2  _InitMcbspa32bit                
0     0033959f  _InitMcbspa8bit                 
0     00339620  _InitMcbspaGpio                 
0     00339573  _InitMcbspb                     
0     003395e4  _InitMcbspb12bit                
0     003395ef  _InitMcbspb16bit                
0     003395fa  _InitMcbspb20bit                
0     00339605  _InitMcbspb24bit                
0     00339610  _InitMcbspb32bit                
0     003395dd  _InitMcbspb8bit                 
0     00339659  _InitMcbspbGpio                 
0     00339821  _InitPeripheralClocks           
0     00339be5  _InitPieCtrl                    
0     003397d0  _InitPll                        
0     003397b7  _InitSysCtrl                    
0     00339431  _Init_gpioUI                    
0     00339419  _Init_timer1                    
0     00338a09  _Initialize_Board               
0     00339240  _LCD_Clear                      
0     003391ac  _LCD_DrawRectangle              
0     00339298  _LCD_Init                       
0     0033928c  _LCD_ReadPixelColor             
0     00339276  _LCD_SetPoint                   
0     00339200  _LCD_Text                       
0     00339058  _LUF_ISR                        
0     0033904e  _LVF_ISR                        
1     0000c03a  _L_channel                      
0     00338f54  _MRINTA_ISR                     
0     00338f40  _MRINTB_ISR                     
0     00338f5e  _MXINTA_ISR                     
0     00338f4a  _MXINTB_ISR                     
0     003389f2  _Main_Mode                      
1     00005000  _McbspaRegs                     
1     00005040  _McbspbRegs                     
0     00338d92  _NMI_ISR                        
0     00339062  _PIE_RESERVED                   
1     00380090  _PartIdRegs                     
1     00000ce0  _PieCtrlRegs                    
1     00000d00  _PieVectTable                   
1     0000c980  _Prev_Board_State               
0     00338d7e  _RTOSINT_ISR                    
1     0000c03c  _R_channel                      
0     00320784  _RamfuncsLoadEnd                
abs   00000784  _RamfuncsLoadSize               
0     00320000  _RamfuncsLoadStart              
0     00008000  _RamfuncsRunStart               
0     00338fcc  _SCIRXINTA_ISR                  
0     00338fe0  _SCIRXINTB_ISR                  
0     00338fb8  _SCIRXINTC_ISR                  
0     00338fd6  _SCITXINTA_ISR                  
0     00338fea  _SCITXINTB_ISR                  
0     00338fc2  _SCITXINTC_ISR                  
0     00338e1e  _SEQ1INT_ISR                    
0     00338e28  _SEQ2INT_ISR                    
0     00338f2c  _SPIRXINTA_ISR                  
0     00338f36  _SPITXINTA_ISR                  
1     00007050  _SciaRegs                       
1     00007750  _ScibRegs                       
1     00007770  _ScicRegs                       
0     003397be  _ServiceDog                     
1     00007040  _SpiaRegs                       
0     00338a13  _State_Change                   
0     00338941  _State_Initialize               
1     0000c901  _Switch1                        
1     0000c90b  _Switch2                        
1     0000c90a  _Switch3                        
1     0000c90d  _Switch4                        
1     00007010  _SysCtrlRegs                    
0     00338e50  _TINT0_ISR                      
0     003389fe  _Tuner                          
0     00338409  _UI_LCD_Activate_FX_mode        
0     00338285  _UI_LCD_Deactivate_FX_mode      
0     0033881d  _UI_LCD_Effect_Change_Param     
0     0033858b  _UI_LCD_Effect_Setting_mode     
0     003387b5  _UI_LCD_Effect_Shift_Setting    
0     00338709  _UI_LCD_Flex_Mode_Change        
0     00338017  _UI_LCD_Logo_mode               
0     003380fa  _UI_LCD_Main_mode               
0     0033807c  _UI_LCD_RF_Connect_mode         
0     00338099  _UI_LCD_RF_Try_Again_mode       
0     00338875  _UI_LCD_Tune                    
0     00338848  _UI_LCD_Tuner_mode              
0     00339baa  _USBsampleratecontrol           
0     00338e00  _USER10_ISR                     
0     00338e0a  _USER11_ISR                     
0     00338e14  _USER12_ISR                     
0     00338da6  _USER1_ISR                      
0     00338db0  _USER2_ISR                      
0     00338dba  _USER3_ISR                      
0     00338dc4  _USER4_ISR                      
0     00338dce  _USER5_ISR                      
0     00338dd8  _USER6_ISR                      
0     00338de2  _USER7_ISR                      
0     00338dec  _USER8_ISR                      
0     00338df6  _USER9_ISR                      
0     00338e5a  _WAKEINT_ISR                    
0     00338e32  _XINT1_ISR                      
0     00338e3c  _XINT2_ISR                      
0     0033901c  _XINT3_ISR                      
0     00339026  _XINT4_ISR                      
0     00339030  _XINT5_ISR                      
0     0033903a  _XINT6_ISR                      
0     00339044  _XINT7_ISR                      
1     00007070  _XIntruptRegs                   
1     0000c005  _Xint_count                     
1     00000b20  _XintfRegs                      
1     00000700  __STACK_END                     
abs   00000300  __STACK_SIZE                    
1     0000ceb6  ___TI_cleanup_ptr               
1     0000ceb8  ___TI_dtors_ptr                 
1     0000ceb4  ___TI_enable_exit_profile_output
abs   ffffffff  ___TI_pprof_out_hndl            
abs   ffffffff  ___TI_prof_data_size            
abs   ffffffff  ___TI_prof_data_start           
abs   ffffffff  ___binit__                      
abs   ffffffff  ___c_args__                     
0     0033a405  ___cinit__                      
0     00339cc5  ___etext__                      
abs   ffffffff  ___pinit__                      
0     00338000  ___text__                       
0     00339c91  __args_main                     
1     0000ceba  __lock                          
0     00339cb2  __nop                           
0     00339cae  __register_lock                 
0     00339caa  __register_unlock               
1     00000400  __stack                         
0     00339cc4  __system_post_cinit             
0     00339cc2  __system_pre_init               
1     0000cebc  __unlock                        
0     00339b9e  _aaudpath                       
0     00339bbc  _abort                          
1     0000c034  _accel_mag                      
1     0000c015  _activateCounter                
1     0000c018  _activateEffect                 
1     0000c044  _address                        
0     003399b8  _aic23_init                     
1     0000e0c0  _bass_svf                       
1     0000c080  _buffer_uart                    
0     00339b24  _c_int00                        
0     00338000  _cents                          
1     0000c036  _ch1_ptr                        
0     00339697  _clkg_delay_loop                
1     0000c02f  _closest_d                      
0     00339c0d  _copy_in                        
1     0000c012  _d_flag                         
1     0000c016  _deactivateCounter              
1     0000c01d  _delay                          
1     0000c01c  _delay_const                    
0     00339681  _delay_loop                     
1     0000e021  _dig_delay                      
0     00339bb6  _digact                         
0     00339ba1  _digaudiopath                   
1     0000c100  _dummy_buffer                   
1     0000c02b  _dummy_index                    
1     0000c025  _effectsel                      
1     0000cebe  _errno                          
0     00339bbe  _exit                           
0     00100000  _ext_Buffer                     
1     0000c02a  _ext_Buffer_size                
1     0000c02e  _ext_index                      
1     0000c02c  _ext_prev                       
1     0000c010  _ext_prev_inter                 
1     0000c040  _fastDataMode                   
1     0000c01a  _fb                             
1     0000c017  _first_interrupt                
1     0000e054  _flang                          
0     00339b7d  _fullpowerup                    
1     0000c004  _gyro_pos                       
1     0000c007  _gyro_pos_prev                  
1     0000c038  _gyro_vol                       
1     0000c024  _ii                             
1     0000e040  _imu_dat                        
0     003394e1  _init_Xintf                     
0     00339388  _init_dma                       
0     00339972  _init_mcbsp_spi                 
0     003393bd  _init_mcbspa                    
0     00008000  _init_structs                   
0     003394f7  _init_uart                      
1     0000c00d  _interpol_inc                   
1     0000c026  _k                              
0     00339b8f  _lhp_volctl                     
0     00339b83  _linput_volctl                  
0     000085e8  _local_D_INTCH1_ISR             
0     00008564  _local_SCIRXINTB_ISR            
0     0000861b  _local_XINT1_ISR                
0     00008691  _local_XINT3_ISR                
0     000086c6  _local_XINT4_ISR                
0     000086fb  _local_XINT5_ISR                
0     00008730  _local_XINT6_ISR                
0     0000854d  _local_timer_ISR                
0     003398a6  _log2                           
0     003398a6  _log2f                          
0     003396ad  _main                           
0     0000810f  _mano_del_fuego                 
0     003399ae  _mcbsp_xmit                     
0     00339c73  _memcpy                         
1     0000c019  _nextCounter                    
1     0000c01f  _nextCounter2                   
1     0000c01e  _nextHold                       
0     00339b9b  _nomicaaudpath                  
0     00339b80  _nomicpowerup                   
1     0000cbc0  _note_names                     
1     0000c027  _p1                             
1     0000c029  _p2                             
1     0000c00e  _p_buff_size                    
1     0000c9c0  _param1_names                   
1     0000ca00  _param2_names                   
1     0000c032  _ping_buff_offset               
1     0000d000  _ping_buffer                    
1     0000e030  _pitch_shift                    
1     0000c030  _pong_buff_offset               
1     0000d002  _pong_buffer                    
1     0000c014  _r_flag1                        
1     0000c011  _r_flag2                        
0     00339bb9  _reset                          
0     00339b95  _rhp_volctl                     
0     00339b89  _rinput_volctl                  
0     0033906c  _rsvd_ISR                       
1     0000c90c  _rx_flag                        
1     0000e00b  _sample                         
0     00339537  _sci_receive                    
1     0000c006  _scib_gyro                      
1     0000c001  _scib_rx                        
0     0033952b  _scib_xmit                      
0     00339b7a  _softpowerdown                  
1     0000c028  _state_change_flag              
1     0000c013  _t1_flag                        
1     0000c00b  _temp_count_offset              
1     0000c009  _temp_d                         
1     0000c00c  _temp_index                     
1     0000c01b  _timer_delay                    
1     0000c020  _timer_reset                    
1     0000c023  _toggler                        
1     0000e140  _treble_svf                     
1     0000e080  _tremolo                        
1     0000c002  _uart_i                         
1     0000c000  _uart_step                      
1     0000c91c  _value1_init                    
1     0000c90e  _value2_init                    
1     0000e100  _wah_svf                        
1     0000e016  _zcross_neg                     
1     0000c021  _zcross_period                  
1     0000e000  _zcross_pos                     
abs   ffffffff  binit                           
0     0033a405  cinit                           
0     0033fff6  code_start                      
0     00339cc5  etext                           
abs   ffffffff  pinit                           


GLOBAL SYMBOLS: SORTED BY Symbol Address 

page  address   name                            
----  -------   ----                            
0     00008000  _RamfuncsRunStart               
0     00008000  _init_structs                   
0     0000810f  _mano_del_fuego                 
0     0000854d  _local_timer_ISR                
0     00008564  _local_SCIRXINTB_ISR            
0     000085e8  _local_D_INTCH1_ISR             
0     0000861b  _local_XINT1_ISR                
0     00008691  _local_XINT3_ISR                
0     000086c6  _local_XINT4_ISR                
0     000086fb  _local_XINT5_ISR                
0     00008730  _local_XINT6_ISR                
0     00008765  _InitFlash                      
0     00008780  _DSP28x_usDelay                 
0     00100000  _ext_Buffer                     
0     00320000  _RamfuncsLoadStart              
0     00320784  _RamfuncsLoadEnd                
0     00338000  .text                           
0     00338000  ___text__                       
0     00338000  _cents                          
0     00338017  _UI_LCD_Logo_mode               
0     0033807c  _UI_LCD_RF_Connect_mode         
0     00338099  _UI_LCD_RF_Try_Again_mode       
0     003380fa  _UI_LCD_Main_mode               
0     00338285  _UI_LCD_Deactivate_FX_mode      
0     00338409  _UI_LCD_Activate_FX_mode        
0     0033858b  _UI_LCD_Effect_Setting_mode     
0     00338709  _UI_LCD_Flex_Mode_Change        
0     003387b5  _UI_LCD_Effect_Shift_Setting    
0     0033881d  _UI_LCD_Effect_Change_Param     
0     00338848  _UI_LCD_Tuner_mode              
0     00338875  _UI_LCD_Tune                    
0     00338941  _State_Initialize               
0     003389b3  _BT_Connect                     
0     003389d6  _Attempt_RF_Connect             
0     003389f2  _Main_Mode                      
0     003389fe  _Tuner                          
0     00338a09  _Initialize_Board               
0     00338a13  _State_Change                   
0     00338d53  _Clear_Buttons                  
0     00338d60  _INT13_ISR                      
0     00338d6a  _INT14_ISR                      
0     00338d74  _DATALOG_ISR                    
0     00338d7e  _RTOSINT_ISR                    
0     00338d88  _EMUINT_ISR                     
0     00338d92  _NMI_ISR                        
0     00338d9c  _ILLEGAL_ISR                    
0     00338da6  _USER1_ISR                      
0     00338db0  _USER2_ISR                      
0     00338dba  _USER3_ISR                      
0     00338dc4  _USER4_ISR                      
0     00338dce  _USER5_ISR                      
0     00338dd8  _USER6_ISR                      
0     00338de2  _USER7_ISR                      
0     00338dec  _USER8_ISR                      
0     00338df6  _USER9_ISR                      
0     00338e00  _USER10_ISR                     
0     00338e0a  _USER11_ISR                     
0     00338e14  _USER12_ISR                     
0     00338e1e  _SEQ1INT_ISR                    
0     00338e28  _SEQ2INT_ISR                    
0     00338e32  _XINT1_ISR                      
0     00338e3c  _XINT2_ISR                      
0     00338e46  _ADCINT_ISR                     
0     00338e50  _TINT0_ISR                      
0     00338e5a  _WAKEINT_ISR                    
0     00338e64  _EPWM1_TZINT_ISR                
0     00338e6e  _EPWM2_TZINT_ISR                
0     00338e78  _EPWM3_TZINT_ISR                
0     00338e82  _EPWM4_TZINT_ISR                
0     00338e8c  _EPWM5_TZINT_ISR                
0     00338e96  _EPWM6_TZINT_ISR                
0     00338ea0  _EPWM1_INT_ISR                  
0     00338eaa  _EPWM2_INT_ISR                  
0     00338eb4  _EPWM3_INT_ISR                  
0     00338ebe  _EPWM4_INT_ISR                  
0     00338ec8  _EPWM5_INT_ISR                  
0     00338ed2  _EPWM6_INT_ISR                  
0     00338edc  _ECAP1_INT_ISR                  
0     00338ee6  _ECAP2_INT_ISR                  
0     00338ef0  _ECAP3_INT_ISR                  
0     00338efa  _ECAP4_INT_ISR                  
0     00338f04  _ECAP5_INT_ISR                  
0     00338f0e  _ECAP6_INT_ISR                  
0     00338f18  _EQEP1_INT_ISR                  
0     00338f22  _EQEP2_INT_ISR                  
0     00338f2c  _SPIRXINTA_ISR                  
0     00338f36  _SPITXINTA_ISR                  
0     00338f40  _MRINTB_ISR                     
0     00338f4a  _MXINTB_ISR                     
0     00338f54  _MRINTA_ISR                     
0     00338f5e  _MXINTA_ISR                     
0     00338f68  _DINTCH1_ISR                    
0     00338f72  _DINTCH2_ISR                    
0     00338f7c  _DINTCH3_ISR                    
0     00338f86  _DINTCH4_ISR                    
0     00338f90  _DINTCH5_ISR                    
0     00338f9a  _DINTCH6_ISR                    
0     00338fa4  _I2CINT1A_ISR                   
0     00338fae  _I2CINT2A_ISR                   
0     00338fb8  _SCIRXINTC_ISR                  
0     00338fc2  _SCITXINTC_ISR                  
0     00338fcc  _SCIRXINTA_ISR                  
0     00338fd6  _SCITXINTA_ISR                  
0     00338fe0  _SCIRXINTB_ISR                  
0     00338fea  _SCITXINTB_ISR                  
0     00338ff4  _ECAN0INTA_ISR                  
0     00338ffe  _ECAN1INTA_ISR                  
0     00339008  _ECAN0INTB_ISR                  
0     00339012  _ECAN1INTB_ISR                  
0     0033901c  _XINT3_ISR                      
0     00339026  _XINT4_ISR                      
0     00339030  _XINT5_ISR                      
0     0033903a  _XINT6_ISR                      
0     00339044  _XINT7_ISR                      
0     0033904e  _LVF_ISR                        
0     00339058  _LUF_ISR                        
0     00339062  _PIE_RESERVED                   
0     0033906c  _rsvd_ISR                       
0     003391ac  _LCD_DrawRectangle              
0     00339200  _LCD_Text                       
0     00339240  _LCD_Clear                      
0     00339276  _LCD_SetPoint                   
0     0033928c  _LCD_ReadPixelColor             
0     00339298  _LCD_Init                       
0     00339388  _init_dma                       
0     003393bd  _init_mcbspa                    
0     00339419  _Init_timer1                    
0     00339431  _Init_gpioUI                    
0     003394e1  _init_Xintf                     
0     003394f7  _init_uart                      
0     0033952b  _scib_xmit                      
0     00339537  _sci_receive                    
0     00339542  _InitMcbsp                      
0     00339547  _InitMcbspa                     
0     00339573  _InitMcbspb                     
0     0033959f  _InitMcbspa8bit                 
0     003395a6  _InitMcbspa12bit                
0     003395b1  _InitMcbspa16bit                
0     003395bc  _InitMcbspa20bit                
0     003395c7  _InitMcbspa24bit                
0     003395d2  _InitMcbspa32bit                
0     003395dd  _InitMcbspb8bit                 
0     003395e4  _InitMcbspb12bit                
0     003395ef  _InitMcbspb16bit                
0     003395fa  _InitMcbspb20bit                
0     00339605  _InitMcbspb24bit                
0     00339610  _InitMcbspb32bit                
0     0033961b  _InitMcbspGpio                  
0     00339620  _InitMcbspaGpio                 
0     00339659  _InitMcbspbGpio                 
0     00339681  _delay_loop                     
0     00339697  _clkg_delay_loop                
0     003396ad  _main                           
0     003397b7  _InitSysCtrl                    
0     003397be  _ServiceDog                     
0     003397c8  _DisableDog                     
0     003397d0  _InitPll                        
0     00339821  _InitPeripheralClocks           
0     00339875  _CsmUnlock                      
0     003398a6  _log2                           
0     003398a6  _log2f                          
0     00339972  _init_mcbsp_spi                 
0     003399ae  _mcbsp_xmit                     
0     003399b8  _aic23_init                     
0     00339a29  FS$$DIV                         
0     00339ab1  _InitCpuTimers                  
0     00339aea  _ConfigCpuTimer                 
0     00339b24  _c_int00                        
0     00339b7a  _softpowerdown                  
0     00339b7d  _fullpowerup                    
0     00339b80  _nomicpowerup                   
0     00339b83  _linput_volctl                  
0     00339b89  _rinput_volctl                  
0     00339b8f  _lhp_volctl                     
0     00339b95  _rhp_volctl                     
0     00339b9b  _nomicaaudpath                  
0     00339b9e  _aaudpath                       
0     00339ba1  _digaudiopath                   
0     00339ba4  _DSPdigaudinterface             
0     00339ba7  _I2Sdigaudinterface             
0     00339baa  _USBsampleratecontrol           
0     00339bb0  _CLKsampleratecontrol           
0     00339bb6  _digact                         
0     00339bb9  _reset                          
0     00339bbc  C$$EXIT                         
0     00339bbc  _abort                          
0     00339bbe  _exit                           
0     00339be5  _InitPieCtrl                    
0     00339c04  _EnableInterrupts               
0     00339c0d  _copy_in                        
0     00339c31  I$$DIV                          
0     00339c42  I$$MOD                          
0     00339c53  _GetASCIICode                   
0     00339c73  _memcpy                         
0     00339c91  __args_main                     
0     00339caa  __register_unlock               
0     00339cae  __register_lock                 
0     00339cb2  __nop                           
0     00339cbb  _DSP28x_DisableInt              
0     00339cbf  _DSP28x_RestoreInt              
0     00339cc2  __system_pre_init               
0     00339cc4  __system_post_cinit             
0     00339cc5  ___etext__                      
0     00339cc5  etext                           
0     0033a405  ___cinit__                      
0     0033a405  cinit                           
0     0033fff6  code_start                      
1     00000400  __stack                         
1     00000700  __STACK_END                     
1     00000880  _DevEmuRegs                     
1     00000a80  _FlashRegs                      
1     00000ae0  _CsmRegs                        
1     00000b00  _AdcMirror                      
1     00000b20  _XintfRegs                      
1     00000c00  _CpuTimer0Regs                  
1     00000c08  _CpuTimer1Regs                  
1     00000c10  _CpuTimer2Regs                  
1     00000ce0  _PieCtrlRegs                    
1     00000d00  _PieVectTable                   
1     00001000  _DmaRegs                        
1     00005000  _McbspaRegs                     
1     00005040  _McbspbRegs                     
1     00006000  _ECanaRegs                      
1     00006040  _ECanaLAMRegs                   
1     00006080  _ECanaMOTSRegs                  
1     000060c0  _ECanaMOTORegs                  
1     00006100  _ECanaMboxes                    
1     00006200  _ECanbRegs                      
1     00006240  _ECanbLAMRegs                   
1     00006280  _ECanbMOTSRegs                  
1     000062c0  _ECanbMOTORegs                  
1     00006300  _ECanbMboxes                    
1     00006800  _EPwm1Regs                      
1     00006840  _EPwm2Regs                      
1     00006880  _EPwm3Regs                      
1     000068c0  _EPwm4Regs                      
1     00006900  _EPwm5Regs                      
1     00006940  _EPwm6Regs                      
1     00006a00  _ECap1Regs                      
1     00006a20  _ECap2Regs                      
1     00006a40  _ECap3Regs                      
1     00006a60  _ECap4Regs                      
1     00006a80  _ECap5Regs                      
1     00006aa0  _ECap6Regs                      
1     00006b00  _EQep1Regs                      
1     00006b40  _EQep2Regs                      
1     00006f80  _GpioCtrlRegs                   
1     00006fc0  _GpioDataRegs                   
1     00006fe0  _GpioIntRegs                    
1     00007010  _SysCtrlRegs                    
1     00007040  _SpiaRegs                       
1     00007050  _SciaRegs                       
1     00007070  _XIntruptRegs                   
1     00007100  _AdcRegs                        
1     00007750  _ScibRegs                       
1     00007770  _ScicRegs                       
1     00007900  _I2caRegs                       
1     0000c000  _uart_step                      
1     0000c001  _scib_rx                        
1     0000c002  _uart_i                         
1     0000c003  _Button2_count                  
1     0000c004  _gyro_pos                       
1     0000c005  _Xint_count                     
1     0000c006  _scib_gyro                      
1     0000c007  _gyro_pos_prev                  
1     0000c008  _Button1_count                  
1     0000c009  _temp_d                         
1     0000c00a  _Button4_count                  
1     0000c00b  _temp_count_offset              
1     0000c00c  _temp_index                     
1     0000c00d  _interpol_inc                   
1     0000c00e  _p_buff_size                    
1     0000c00f  _Button3_count                  
1     0000c010  _ext_prev_inter                 
1     0000c011  _r_flag2                        
1     0000c012  _d_flag                         
1     0000c013  _t1_flag                        
1     0000c014  _r_flag1                        
1     0000c015  _activateCounter                
1     0000c016  _deactivateCounter              
1     0000c017  _first_interrupt                
1     0000c018  _activateEffect                 
1     0000c019  _nextCounter                    
1     0000c01a  _fb                             
1     0000c01b  _timer_delay                    
1     0000c01c  _delay_const                    
1     0000c01d  _delay                          
1     0000c01e  _nextHold                       
1     0000c01f  _nextCounter2                   
1     0000c020  _timer_reset                    
1     0000c021  _zcross_period                  
1     0000c022  _ButtonUp_count                 
1     0000c023  _toggler                        
1     0000c024  _ii                             
1     0000c025  _effectsel                      
1     0000c026  _k                              
1     0000c027  _p1                             
1     0000c028  _state_change_flag              
1     0000c029  _p2                             
1     0000c02a  _ext_Buffer_size                
1     0000c02b  _dummy_index                    
1     0000c02c  _ext_prev                       
1     0000c02d  _ButtonDown_count               
1     0000c02e  _ext_index                      
1     0000c02f  _closest_d                      
1     0000c030  _pong_buff_offset               
1     0000c032  _ping_buff_offset               
1     0000c034  _accel_mag                      
1     0000c036  _ch1_ptr                        
1     0000c038  _gyro_vol                       
1     0000c03a  _L_channel                      
1     0000c03c  _R_channel                      
1     0000c040  _fastDataMode                   
1     0000c044  _address                        
1     0000c080  _buffer_uart                    
1     0000c100  _dummy_buffer                   
1     0000c900  _ButtonUp                       
1     0000c901  _Switch1                        
1     0000c902  _ButtonDown                     
1     0000c903  _Button4                        
1     0000c904  _Button2                        
1     0000c905  _Button1                        
1     0000c906  _Button3                        
1     0000c90a  _Switch3                        
1     0000c90b  _Switch2                        
1     0000c90c  _rx_flag                        
1     0000c90d  _Switch4                        
1     0000c90e  _value2_init                    
1     0000c91c  _value1_init                    
1     0000c940  _Global_Board_State             
1     0000c980  _Prev_Board_State               
1     0000c9c0  _param1_names                   
1     0000ca00  _param2_names                   
1     0000ca40  _Global_FXLib                   
1     0000cb00  _FX_names                       
1     0000cbc0  _note_names                     
1     0000ceb4  ___TI_enable_exit_profile_output
1     0000ceb6  ___TI_cleanup_ptr               
1     0000ceb8  ___TI_dtors_ptr                 
1     0000ceba  __lock                          
1     0000cebc  __unlock                        
1     0000cebe  _errno                          
1     0000cec0  _CpuTimer1                      
1     0000cec8  _CpuTimer2                      
1     0000ced0  _CpuTimer0                      
1     0000d000  _ping_buffer                    
1     0000d002  _pong_buffer                    
1     0000e000  _zcross_pos                     
1     0000e00b  _sample                         
1     0000e016  _zcross_neg                     
1     0000e021  _dig_delay                      
1     0000e030  _pitch_shift                    
1     0000e040  _imu_dat                        
1     0000e054  _flang                          
1     0000e080  _tremolo                        
1     0000e0c0  _bass_svf                       
1     0000e100  _wah_svf                        
1     0000e140  _treble_svf                     
1     0033fff8  _CsmPwl                         
1     00380090  _PartIdRegs                     
abs   00000300  __STACK_SIZE                    
abs   00000784  _RamfuncsLoadSize               
abs   ffffffff  ___TI_pprof_out_hndl            
abs   ffffffff  ___TI_prof_data_size            
abs   ffffffff  ___TI_prof_data_start           
abs   ffffffff  ___binit__                      
abs   ffffffff  ___c_args__                     
abs   ffffffff  ___pinit__                      
abs   ffffffff  binit                           
abs   ffffffff  pinit                           

[370 symbols]
