******************************************************************************
             TMS320C2000 Linker PC v16.9.3                     
******************************************************************************
>> Linked Tue Apr 03 14:16:09 2018

OUTPUT FILE NAME:   <Example_2833xSpi_FFDLB.out>
ENTRY POINT SYMBOL: "code_start"  address: 00000000


MEMORY CONFIGURATION

         name            origin    length      used     unused   attr    fill
----------------------  --------  ---------  --------  --------  ----  --------
PAGE 0:
  BEGIN                 00000000   00000002  00000002  00000000  RWIX
  RAMM0                 00000050   000003b0  00000000  000003b0  RWIX
  RAML0                 00008000   00001000  000003c1  00000c3f  RWIX
  RAML1                 00009000   00003000  00001746  000018ba  RWIX
  ZONE7A                00200000   0000fc00  00000000  0000fc00  RWIX
  CSM_RSVD              0033ff80   00000076  00000000  00000076  RWIX
  CSM_PWL               0033fff8   00000008  00000000  00000008  RWIX
  ADC_CAL               00380080   00000009  00000007  00000002  RWIX
  IQTABLES              003fe000   00000b50  00000000  00000b50  RWIX
  IQTABLES2             003feb50   0000008c  00000000  0000008c  RWIX
  FPUTABLES             003febdc   000006a0  00000000  000006a0  RWIX
  BOOTROM               003ff27c   00000d44  00000000  00000d44  RWIX
  RESET                 003fffc0   00000002  00000000  00000002  RWIX

PAGE 1:
  BOOT_RSVD             00000002   0000004e  00000000  0000004e  RWIX
  RAMM1                 00000400   00000400  00000380  00000080  RWIX
  DEV_EMU               00000880   00000180  000000d0  000000b0  RWIX
  FLASH_REGS            00000a80   00000060  00000008  00000058  RWIX
  CSM                   00000ae0   00000010  00000010  00000000  RWIX
  ADC_MIRROR            00000b00   00000010  00000010  00000000  RWIX
  XINTF                 00000b20   00000020  0000001e  00000002  RWIX
  CPU_TIMER0            00000c00   00000008  00000008  00000000  RWIX
  CPU_TIMER1            00000c08   00000008  00000008  00000000  RWIX
  CPU_TIMER2            00000c10   00000008  00000008  00000000  RWIX
  PIE_CTRL              00000ce0   00000020  0000001a  00000006  RWIX
  PIE_VECT              00000d00   00000100  00000100  00000000  RWIX
  DMA                   00001000   00000200  000000e0  00000120  RWIX
  MCBSPA                00005000   00000040  00000025  0000001b  RWIX
  MCBSPB                00005040   00000040  00000025  0000001b  RWIX
  ECANA                 00006000   00000040  00000034  0000000c  RWIX
  ECANA_LAM             00006040   00000040  00000040  00000000  RWIX
  ECANA_MOTS            00006080   00000040  00000040  00000000  RWIX
  ECANA_MOTO            000060c0   00000040  00000040  00000000  RWIX
  ECANA_MBOX            00006100   00000100  00000100  00000000  RWIX
  ECANB                 00006200   00000040  00000034  0000000c  RWIX
  ECANB_LAM             00006240   00000040  00000040  00000000  RWIX
  ECANB_MOTS            00006280   00000040  00000040  00000000  RWIX
  ECANB_MOTO            000062c0   00000040  00000040  00000000  RWIX
  ECANB_MBOX            00006300   00000100  00000100  00000000  RWIX
  EPWM1                 00006800   00000022  00000022  00000000  RWIX
  EPWM2                 00006840   00000022  00000022  00000000  RWIX
  EPWM3                 00006880   00000022  00000022  00000000  RWIX
  EPWM4                 000068c0   00000022  00000022  00000000  RWIX
  EPWM5                 00006900   00000022  00000022  00000000  RWIX
  EPWM6                 00006940   00000022  00000022  00000000  RWIX
  ECAP1                 00006a00   00000020  00000020  00000000  RWIX
  ECAP2                 00006a20   00000020  00000020  00000000  RWIX
  ECAP3                 00006a40   00000020  00000020  00000000  RWIX
  ECAP4                 00006a60   00000020  00000020  00000000  RWIX
  ECAP5                 00006a80   00000020  00000020  00000000  RWIX
  ECAP6                 00006aa0   00000020  00000020  00000000  RWIX
  EQEP1                 00006b00   00000040  00000040  00000000  RWIX
  EQEP2                 00006b40   00000040  00000040  00000000  RWIX
  GPIOCTRL              00006f80   00000040  0000002e  00000012  RWIX
  GPIODAT               00006fc0   00000020  00000020  00000000  RWIX
  GPIOINT               00006fe0   00000020  0000000a  00000016  RWIX
  SYSTEM                00007010   00000020  00000020  00000000  RWIX
  SPIA                  00007040   00000010  00000010  00000000  RWIX
  SCIA                  00007050   00000010  00000010  00000000  RWIX
  XINTRUPT              00007070   00000010  00000010  00000000  RWIX
  ADC                   00007100   00000020  0000001e  00000002  RWIX
  SCIB                  00007750   00000010  00000010  00000000  RWIX
  SCIC                  00007770   00000010  00000010  00000000  RWIX
  I2CA                  00007900   00000040  00000022  0000001e  RWIX
  RAML4                 0000c000   00001000  0000043f  00000bc1  RWIX
  RAML5                 0000d000   00001000  0000083f  000007c1  RWIX
  RAML6                 0000e000   00001000  00000000  00001000  RWIX
  RAML7                 0000f000   00001000  00000000  00001000  RWIX
  ZONE7B                0020fc00   00000400  00000000  00000400  RWIX
  CSM_PWL               0033fff8   00000008  00000008  00000000  RWIX
  PARTID                00380090   00000001  00000001  00000000  RWIX


SECTION ALLOCATION MAP

 output                                  attributes/
section   page    origin      length       input sections
--------  ----  ----------  ----------   ----------------
codestart 
*          0    00000000    00000002     
                  00000000    00000002     DSP2833x_CodeStartBranch.obj (codestart)

.cinit     0    00008000    000003bd     
                  00008000    0000039f     Example_2833xSpi_FFDLB.obj (.cinit)
                  0000839f    0000000e     rts2800_fpu32.lib : exit.obj (.cinit)
                  000083ad    00000005                       : _lock.obj (.cinit:__lock)
                  000083b2    00000005                       : _lock.obj (.cinit:__unlock)
                  000083b7    00000004                       : errno.obj (.cinit)
                  000083bb    00000002     --HOLE-- [fill = 0]

ramfuncs   0    000083bd    00000004     
                  000083bd    00000004     DSP2833x_usDelay.obj (ramfuncs)

.text      0    00009000    00001746     
                  00009000    00000d5a     Example_2833xSpi_FFDLB.obj (.text)
                  00009d5a    00000316     DSP2833x_DefaultIsr.obj (.text:retain)
                  0000a070    00000312     LCD.obj (.text)
                  0000a382    000000f8     DSP2833x_SysCtrl.obj (.text)
                  0000a47a    000000cc     rts2800_fpu32.lib : e_log2f.obj (.text)
                  0000a546    00000088                       : fs_div28.obj (.text)
                  0000a5ce    00000056                       : boot28.obj (.text)
                  0000a624    00000029                       : exit.obj (.text)
                  0000a64d    00000028     DSP2833x_PieCtrl.obj (.text)
                  0000a675    00000024     rts2800_fpu32.lib : cpy_tbl.obj (.text)
                  0000a699    00000022                       : i_div28.obj (.text)
                  0000a6bb    00000020     AsciiLib.obj (.text)
                  0000a6db    00000020     DSP2833x_PieVect.obj (.text)
                  0000a6fb    0000001e     rts2800_fpu32.lib : memcpy.obj (.text)
                  0000a719    00000019                       : args_main.obj (.text)
                  0000a732    00000009                       : _lock.obj (.text)
                  0000a73b    00000008     DSP2833x_CodeStartBranch.obj (.text)
                  0000a743    00000002     rts2800_fpu32.lib : pre_init.obj (.text)
                  0000a745    00000001                       : startup.obj (.text)

.pinit     0    00008000    00000000     UNINITIALIZED

.adc_cal   0    00380080    00000007     NOLOAD SECTION
                  00380080    00000007     DSP2833x_ADC_cal.obj (.adc_cal)

.stack     1    00000400    00000380     UNINITIALIZED
                  00000400    00000380     --HOLE--

DevEmuRegsFile 
*          1    00000880    000000d0     UNINITIALIZED
                  00000880    000000d0     DSP2833x_GlobalVariableDefs.obj (DevEmuRegsFile)

FlashRegsFile 
*          1    00000a80    00000008     UNINITIALIZED
                  00000a80    00000008     DSP2833x_GlobalVariableDefs.obj (FlashRegsFile)

CsmRegsFile 
*          1    00000ae0    00000010     UNINITIALIZED
                  00000ae0    00000010     DSP2833x_GlobalVariableDefs.obj (CsmRegsFile)

AdcMirrorFile 
*          1    00000b00    00000010     UNINITIALIZED
                  00000b00    00000010     DSP2833x_GlobalVariableDefs.obj (AdcMirrorFile)

XintfRegsFile 
*          1    00000b20    0000001e     UNINITIALIZED
                  00000b20    0000001e     DSP2833x_GlobalVariableDefs.obj (XintfRegsFile)

CpuTimer0RegsFile 
*          1    00000c00    00000008     UNINITIALIZED
                  00000c00    00000008     DSP2833x_GlobalVariableDefs.obj (CpuTimer0RegsFile)

CpuTimer1RegsFile 
*          1    00000c08    00000008     UNINITIALIZED
                  00000c08    00000008     DSP2833x_GlobalVariableDefs.obj (CpuTimer1RegsFile)

CpuTimer2RegsFile 
*          1    00000c10    00000008     UNINITIALIZED
                  00000c10    00000008     DSP2833x_GlobalVariableDefs.obj (CpuTimer2RegsFile)

PieCtrlRegsFile 
*          1    00000ce0    0000001a     UNINITIALIZED
                  00000ce0    0000001a     DSP2833x_GlobalVariableDefs.obj (PieCtrlRegsFile)

PieVectTableFile 
*          1    00000d00    00000100     UNINITIALIZED
                  00000d00    00000100     DSP2833x_GlobalVariableDefs.obj (PieVectTableFile)

DmaRegsFile 
*          1    00001000    000000e0     UNINITIALIZED
                  00001000    000000e0     DSP2833x_GlobalVariableDefs.obj (DmaRegsFile)

McbspaRegsFile 
*          1    00005000    00000025     UNINITIALIZED
                  00005000    00000025     DSP2833x_GlobalVariableDefs.obj (McbspaRegsFile)

McbspbRegsFile 
*          1    00005040    00000025     UNINITIALIZED
                  00005040    00000025     DSP2833x_GlobalVariableDefs.obj (McbspbRegsFile)

ECanaRegsFile 
*          1    00006000    00000034     UNINITIALIZED
                  00006000    00000034     DSP2833x_GlobalVariableDefs.obj (ECanaRegsFile)

ECanaLAMRegsFile 
*          1    00006040    00000040     UNINITIALIZED
                  00006040    00000040     DSP2833x_GlobalVariableDefs.obj (ECanaLAMRegsFile)

ECanaMOTSRegsFile 
*          1    00006080    00000040     UNINITIALIZED
                  00006080    00000040     DSP2833x_GlobalVariableDefs.obj (ECanaMOTSRegsFile)

ECanaMOTORegsFile 
*          1    000060c0    00000040     UNINITIALIZED
                  000060c0    00000040     DSP2833x_GlobalVariableDefs.obj (ECanaMOTORegsFile)

ECanaMboxesFile 
*          1    00006100    00000100     UNINITIALIZED
                  00006100    00000100     DSP2833x_GlobalVariableDefs.obj (ECanaMboxesFile)

ECanbRegsFile 
*          1    00006200    00000034     UNINITIALIZED
                  00006200    00000034     DSP2833x_GlobalVariableDefs.obj (ECanbRegsFile)

ECanbLAMRegsFile 
*          1    00006240    00000040     UNINITIALIZED
                  00006240    00000040     DSP2833x_GlobalVariableDefs.obj (ECanbLAMRegsFile)

ECanbMOTSRegsFile 
*          1    00006280    00000040     UNINITIALIZED
                  00006280    00000040     DSP2833x_GlobalVariableDefs.obj (ECanbMOTSRegsFile)

ECanbMOTORegsFile 
*          1    000062c0    00000040     UNINITIALIZED
                  000062c0    00000040     DSP2833x_GlobalVariableDefs.obj (ECanbMOTORegsFile)

ECanbMboxesFile 
*          1    00006300    00000100     UNINITIALIZED
                  00006300    00000100     DSP2833x_GlobalVariableDefs.obj (ECanbMboxesFile)

EPwm1RegsFile 
*          1    00006800    00000022     UNINITIALIZED
                  00006800    00000022     DSP2833x_GlobalVariableDefs.obj (EPwm1RegsFile)

EPwm2RegsFile 
*          1    00006840    00000022     UNINITIALIZED
                  00006840    00000022     DSP2833x_GlobalVariableDefs.obj (EPwm2RegsFile)

EPwm3RegsFile 
*          1    00006880    00000022     UNINITIALIZED
                  00006880    00000022     DSP2833x_GlobalVariableDefs.obj (EPwm3RegsFile)

EPwm4RegsFile 
*          1    000068c0    00000022     UNINITIALIZED
                  000068c0    00000022     DSP2833x_GlobalVariableDefs.obj (EPwm4RegsFile)

EPwm5RegsFile 
*          1    00006900    00000022     UNINITIALIZED
                  00006900    00000022     DSP2833x_GlobalVariableDefs.obj (EPwm5RegsFile)

EPwm6RegsFile 
*          1    00006940    00000022     UNINITIALIZED
                  00006940    00000022     DSP2833x_GlobalVariableDefs.obj (EPwm6RegsFile)

ECap1RegsFile 
*          1    00006a00    00000020     UNINITIALIZED
                  00006a00    00000020     DSP2833x_GlobalVariableDefs.obj (ECap1RegsFile)

ECap2RegsFile 
*          1    00006a20    00000020     UNINITIALIZED
                  00006a20    00000020     DSP2833x_GlobalVariableDefs.obj (ECap2RegsFile)

ECap3RegsFile 
*          1    00006a40    00000020     UNINITIALIZED
                  00006a40    00000020     DSP2833x_GlobalVariableDefs.obj (ECap3RegsFile)

ECap4RegsFile 
*          1    00006a60    00000020     UNINITIALIZED
                  00006a60    00000020     DSP2833x_GlobalVariableDefs.obj (ECap4RegsFile)

ECap5RegsFile 
*          1    00006a80    00000020     UNINITIALIZED
                  00006a80    00000020     DSP2833x_GlobalVariableDefs.obj (ECap5RegsFile)

ECap6RegsFile 
*          1    00006aa0    00000020     UNINITIALIZED
                  00006aa0    00000020     DSP2833x_GlobalVariableDefs.obj (ECap6RegsFile)

EQep1RegsFile 
*          1    00006b00    00000040     UNINITIALIZED
                  00006b00    00000040     DSP2833x_GlobalVariableDefs.obj (EQep1RegsFile)

EQep2RegsFile 
*          1    00006b40    00000040     UNINITIALIZED
                  00006b40    00000040     DSP2833x_GlobalVariableDefs.obj (EQep2RegsFile)

GpioCtrlRegsFile 
*          1    00006f80    0000002e     UNINITIALIZED
                  00006f80    0000002e     DSP2833x_GlobalVariableDefs.obj (GpioCtrlRegsFile)

GpioDataRegsFile 
*          1    00006fc0    00000020     UNINITIALIZED
                  00006fc0    00000020     DSP2833x_GlobalVariableDefs.obj (GpioDataRegsFile)

GpioIntRegsFile 
*          1    00006fe0    0000000a     UNINITIALIZED
                  00006fe0    0000000a     DSP2833x_GlobalVariableDefs.obj (GpioIntRegsFile)

SysCtrlRegsFile 
*          1    00007010    00000020     UNINITIALIZED
                  00007010    00000020     DSP2833x_GlobalVariableDefs.obj (SysCtrlRegsFile)

SpiaRegsFile 
*          1    00007040    00000010     UNINITIALIZED
                  00007040    00000010     DSP2833x_GlobalVariableDefs.obj (SpiaRegsFile)

SciaRegsFile 
*          1    00007050    00000010     UNINITIALIZED
                  00007050    00000010     DSP2833x_GlobalVariableDefs.obj (SciaRegsFile)

XIntruptRegsFile 
*          1    00007070    00000010     UNINITIALIZED
                  00007070    00000010     DSP2833x_GlobalVariableDefs.obj (XIntruptRegsFile)

AdcRegsFile 
*          1    00007100    0000001e     UNINITIALIZED
                  00007100    0000001e     DSP2833x_GlobalVariableDefs.obj (AdcRegsFile)

ScibRegsFile 
*          1    00007750    00000010     UNINITIALIZED
                  00007750    00000010     DSP2833x_GlobalVariableDefs.obj (ScibRegsFile)

ScicRegsFile 
*          1    00007770    00000010     UNINITIALIZED
                  00007770    00000010     DSP2833x_GlobalVariableDefs.obj (ScicRegsFile)

I2caRegsFile 
*          1    00007900    00000022     UNINITIALIZED
                  00007900    00000022     DSP2833x_GlobalVariableDefs.obj (I2caRegsFile)

.ebss      1    0000c000    0000043f     UNINITIALIZED
                  0000c000    00000434     Example_2833xSpi_FFDLB.obj (.ebss)
                  0000c434    00000006     rts2800_fpu32.lib : exit.obj (.ebss)
                  0000c43a    00000002                       : _lock.obj (.ebss:__lock)
                  0000c43c    00000002                       : _lock.obj (.ebss:__unlock)
                  0000c43e    00000001                       : errno.obj (.ebss)

.econst    1    0000d000    0000083f     
                  0000d000    000005f0     AsciiLib.obj (.econst:_AsciiLib)
                  0000d5f0    00000100     DSP2833x_PieVect.obj (.econst:_PieVectTableInit)
                  0000d6f0    00000021     Example_2833xSpi_FFDLB.obj (.econst:.string:_$P$T3$4)
                  0000d711    0000001d     Example_2833xSpi_FFDLB.obj (.econst:.string:_$P$T4$5)
                  0000d72e    00000012     Example_2833xSpi_FFDLB.obj (.econst:.string:_$P$T6$7)
                  0000d740    00000011     Example_2833xSpi_FFDLB.obj (.econst:.string:_$P$T5$6)
                  0000d751    00000001     --HOLE-- [fill = 0]
                  0000d752    00000010     rts2800_fpu32.lib : e_log2f.obj (.econst)
                  0000d762    0000000b     Example_2833xSpi_FFDLB.obj (.econst:.string:_$P$T7$8)
                  0000d76d    00000007     Example_2833xSpi_FFDLB.obj (.econst:.string:_$P$T16$17)
                  0000d774    00000007     Example_2833xSpi_FFDLB.obj (.econst:.string:_$P$T24$25)
                  0000d77b    00000007     Example_2833xSpi_FFDLB.obj (.econst:.string:_$P$T29$30)
                  0000d782    00000007     Example_2833xSpi_FFDLB.obj (.econst:.string:_$P$T31$32)
                  0000d789    00000007     Example_2833xSpi_FFDLB.obj (.econst:.string:_$P$T32$33)
                  0000d790    00000007     Example_2833xSpi_FFDLB.obj (.econst:.string:_$P$T33$34)
                  0000d797    00000007     Example_2833xSpi_FFDLB.obj (.econst:.string:_$P$T34$35)
                  0000d79e    00000007     Example_2833xSpi_FFDLB.obj (.econst:.string:_$P$T35$36)
                  0000d7a5    00000007     Example_2833xSpi_FFDLB.obj (.econst:.string:_$P$T36$37)
                  0000d7ac    00000006     Example_2833xSpi_FFDLB.obj (.econst:.string:_$P$T15$16)
                  0000d7b2    00000006     Example_2833xSpi_FFDLB.obj (.econst:.string:_$P$T19$20)
                  0000d7b8    00000006     Example_2833xSpi_FFDLB.obj (.econst:.string:_$P$T2$3)
                  0000d7be    00000006     Example_2833xSpi_FFDLB.obj (.econst:.string:_$P$T30$31)
                  0000d7c4    00000006     Example_2833xSpi_FFDLB.obj (.econst:.string:_$P$T43$44)
                  0000d7ca    00000005     Example_2833xSpi_FFDLB.obj (.econst:.string:_$P$T0$1)
                  0000d7cf    00000005     Example_2833xSpi_FFDLB.obj (.econst:.string:_$P$T17$18)
                  0000d7d4    00000005     Example_2833xSpi_FFDLB.obj (.econst:.string:_$P$T37$38)
                  0000d7d9    00000005     Example_2833xSpi_FFDLB.obj (.econst:.string:_$P$T39$40)
                  0000d7de    00000005     Example_2833xSpi_FFDLB.obj (.econst:.string:_$P$T40$41)
                  0000d7e3    00000005     Example_2833xSpi_FFDLB.obj (.econst:.string:_$P$T42$43)
                  0000d7e8    00000005     Example_2833xSpi_FFDLB.obj (.econst:.string:_$P$T45$48)
                  0000d7ed    00000004     Example_2833xSpi_FFDLB.obj (.econst:.string:_$P$T1$2)
                  0000d7f1    00000004     Example_2833xSpi_FFDLB.obj (.econst:.string:_$P$T18$19)
                  0000d7f5    00000004     Example_2833xSpi_FFDLB.obj (.econst:.string:_$P$T38$39)
                  0000d7f9    00000004     Example_2833xSpi_FFDLB.obj (.econst:.string:_$P$T41$42)
                  0000d7fd    00000004     Example_2833xSpi_FFDLB.obj (.econst:.string:_$P$T44$47)
                  0000d801    00000004     Example_2833xSpi_FFDLB.obj (.econst:.string:_$P$T8$9)
                  0000d805    00000003     Example_2833xSpi_FFDLB.obj (.econst:.string:_$P$T14$15)
                  0000d808    00000003     Example_2833xSpi_FFDLB.obj (.econst:.string:_$P$T9$10)
                  0000d80b    00000002     Example_2833xSpi_FFDLB.obj (.econst:.string:_$P$T10$11)
                  0000d80d    00000002     Example_2833xSpi_FFDLB.obj (.econst:.string:_$P$T11$12)
                  0000d80f    00000002     Example_2833xSpi_FFDLB.obj (.econst:.string:_$P$T12$13)
                  0000d811    00000002     Example_2833xSpi_FFDLB.obj (.econst:.string:_$P$T13$14)
                  0000d813    00000002     Example_2833xSpi_FFDLB.obj (.econst:.string:_$P$T20$21)
                  0000d815    00000002     Example_2833xSpi_FFDLB.obj (.econst:.string:_$P$T21$22)
                  0000d817    00000002     Example_2833xSpi_FFDLB.obj (.econst:.string:_$P$T22$23)
                  0000d819    00000002     Example_2833xSpi_FFDLB.obj (.econst:.string:_$P$T23$24)
                  0000d81b    00000002     Example_2833xSpi_FFDLB.obj (.econst:.string:_$P$T25$26)
                  0000d81d    00000002     Example_2833xSpi_FFDLB.obj (.econst:.string:_$P$T26$27)
                  0000d81f    00000002     Example_2833xSpi_FFDLB.obj (.econst:.string:_$P$T27$28)
                  0000d821    00000002     Example_2833xSpi_FFDLB.obj (.econst:.string:_$P$T28$29)
                  0000d823    00000002     Example_2833xSpi_FFDLB.obj (.econst:.string:_$P$T46$50)
                  0000d825    00000002     Example_2833xSpi_FFDLB.obj (.econst:.string:_$P$T47$51)
                  0000d827    00000002     Example_2833xSpi_FFDLB.obj (.econst:.string:_$P$T48$52)
                  0000d829    00000002     Example_2833xSpi_FFDLB.obj (.econst:.string:_$P$T49$53)
                  0000d82b    00000002     Example_2833xSpi_FFDLB.obj (.econst:.string:_$P$T50$54)
                  0000d82d    00000002     Example_2833xSpi_FFDLB.obj (.econst:.string:_$P$T51$55)
                  0000d82f    00000002     Example_2833xSpi_FFDLB.obj (.econst:.string:_$P$T52$56)
                  0000d831    00000002     Example_2833xSpi_FFDLB.obj (.econst:.string:_$P$T53$57)
                  0000d833    00000002     Example_2833xSpi_FFDLB.obj (.econst:.string:_$P$T54$58)
                  0000d835    00000002     Example_2833xSpi_FFDLB.obj (.econst:.string:_$P$T55$59)
                  0000d837    00000002     Example_2833xSpi_FFDLB.obj (.econst:.string:_$P$T56$60)
                  0000d839    00000002     Example_2833xSpi_FFDLB.obj (.econst:.string:_$P$T57$61)
                  0000d83b    00000002     Example_2833xSpi_FFDLB.obj (.econst:.string:_$P$T58$62)
                  0000d83d    00000002     Example_2833xSpi_FFDLB.obj (.econst:.string:_$P$T59$63)

.reset     0    003fffc0    00000002     DSECT
                  003fffc0    00000002     rts2800_fpu32.lib : boot28.obj (.reset)

csm_rsvd   0    0033ff80    00000000     DSECT

csmpasswds 
*          0    0033fff8    00000000     DSECT

CsmPwlFile 
*          1    0033fff8    00000008     UNINITIALIZED
                  0033fff8    00000008     DSP2833x_GlobalVariableDefs.obj (CsmPwlFile)

PartIdRegsFile 
*          1    00380090    00000001     UNINITIALIZED
                  00380090    00000001     DSP2833x_GlobalVariableDefs.obj (PartIdRegsFile)

MODULE SUMMARY

       Module                            code   initialized data   uninitialized data
       ------                            ----   ----------------   ------------------
    .\
       Example_2833xSpi_FFDLB.obj        3418   1245               1076              
       DSP2833x_GlobalVariableDefs.obj   0      0                  2679              
       AsciiLib.obj                      32     1520               0                 
       DSP2833x_DefaultIsr.obj           790    0                  0                 
       LCD.obj                           786    0                  0                 
       DSP2833x_PieVect.obj              32     256                0                 
       DSP2833x_SysCtrl.obj              248    0                  0                 
       DSP2833x_PieCtrl.obj              40     0                  0                 
       DSP2833x_CodeStartBranch.obj      10     0                  0                 
       DSP2833x_ADC_cal.obj              7      0                  0                 
       DSP2833x_usDelay.obj              4      0                  0                 
    +--+---------------------------------+------+------------------+--------------------+
       Total:                            5367   3021               3755              
                                                                                     
    C:/ti/ccsv7/tools/compiler/ti-cgt-c2000_16.9.3.LTS/lib/rts2800_fpu32.lib
       e_log2f.obj                       204    16                 0                 
       fs_div28.obj                      136    0                  0                 
       boot28.obj                        86     0                  0                 
       exit.obj                          41     14                 6                 
       cpy_tbl.obj                       36     0                  0                 
       i_div28.obj                       34     0                  0                 
       memcpy.obj                        30     0                  0                 
       args_main.obj                     25     0                  0                 
       _lock.obj                         9      10                 4                 
       errno.obj                         0      4                  1                 
       pre_init.obj                      2      0                  0                 
       startup.obj                       1      0                  0                 
    +--+---------------------------------+------+------------------+--------------------+
       Total:                            604    44                 11                
                                                                                     
       Stack:                            0      0                  896               
    +--+---------------------------------+------+------------------+--------------------+
       Grand Total:                      5971   3065               4662              


GLOBAL DATA SYMBOLS: SORTED BY DATA PAGE

address     data page           name
--------    ----------------    ----
00000400      10 (00000400)     __stack

00000880      22 (00000880)     _DevEmuRegs

00000a80      2a (00000a80)     _FlashRegs

00000ae0      2b (00000ac0)     _CsmRegs

00000b00      2c (00000b00)     _AdcMirror
00000b20      2c (00000b00)     _XintfRegs

00000c00      30 (00000c00)     _CpuTimer0Regs
00000c08      30 (00000c00)     _CpuTimer1Regs
00000c10      30 (00000c00)     _CpuTimer2Regs

00000ce0      33 (00000cc0)     _PieCtrlRegs

00000d00      34 (00000d00)     _PieVectTable

00001000      40 (00001000)     _DmaRegs

00005000     140 (00005000)     _McbspaRegs

00005040     141 (00005040)     _McbspbRegs

00006000     180 (00006000)     _ECanaRegs

00006040     181 (00006040)     _ECanaLAMRegs

00006080     182 (00006080)     _ECanaMOTSRegs

000060c0     183 (000060c0)     _ECanaMOTORegs

00006100     184 (00006100)     _ECanaMboxes

00006200     188 (00006200)     _ECanbRegs

00006240     189 (00006240)     _ECanbLAMRegs

00006280     18a (00006280)     _ECanbMOTSRegs

000062c0     18b (000062c0)     _ECanbMOTORegs

00006300     18c (00006300)     _ECanbMboxes

00006800     1a0 (00006800)     _EPwm1Regs

00006840     1a1 (00006840)     _EPwm2Regs

00006880     1a2 (00006880)     _EPwm3Regs

000068c0     1a3 (000068c0)     _EPwm4Regs

00006900     1a4 (00006900)     _EPwm5Regs

00006940     1a5 (00006940)     _EPwm6Regs

00006a00     1a8 (00006a00)     _ECap1Regs
00006a20     1a8 (00006a00)     _ECap2Regs

00006a40     1a9 (00006a40)     _ECap3Regs
00006a60     1a9 (00006a40)     _ECap4Regs

00006a80     1aa (00006a80)     _ECap5Regs
00006aa0     1aa (00006a80)     _ECap6Regs

00006b00     1ac (00006b00)     _EQep1Regs

00006b40     1ad (00006b40)     _EQep2Regs

00006f80     1be (00006f80)     _GpioCtrlRegs

00006fc0     1bf (00006fc0)     _GpioDataRegs
00006fe0     1bf (00006fc0)     _GpioIntRegs

00007010     1c0 (00007000)     _SysCtrlRegs

00007040     1c1 (00007040)     _SpiaRegs
00007050     1c1 (00007040)     _SciaRegs
00007070     1c1 (00007040)     _XIntruptRegs

00007100     1c4 (00007100)     _AdcRegs

00007750     1dd (00007740)     _ScibRegs
00007770     1dd (00007740)     _ScicRegs

00007900     1e4 (00007900)     _I2caRegs

0000c000     300 (0000c000)     _ButtonUp
0000c001     300 (0000c000)     _Button4
0000c002     300 (0000c000)     _ButtonDown
0000c003     300 (0000c000)     _Button2
0000c004     300 (0000c000)     _Button3
0000c005     300 (0000c000)     _Switch1
0000c009     300 (0000c000)     _Switch2
0000c00a     300 (0000c000)     _Button1
0000c00b     300 (0000c000)     _Switch4
0000c00c     300 (0000c000)     _Switch3
0000c00d     300 (0000c000)     _value1_init
0000c012     300 (0000c000)     _value2_init
0000c017     300 (0000c000)     _param2_names
0000c02b     300 (0000c000)     _param1_names

0000c040     301 (0000c040)     _Prev_Board_State

0000c080     302 (0000c080)     _Global_Board_State

0000c0c0     303 (0000c0c0)     _Global_FXLib

0000c100     304 (0000c100)     _FX_names

0000c140     305 (0000c140)     _note_names

0000c434     310 (0000c400)     ___TI_enable_exit_profile_output
0000c436     310 (0000c400)     ___TI_cleanup_ptr
0000c438     310 (0000c400)     ___TI_dtors_ptr
0000c43a     310 (0000c400)     __lock
0000c43c     310 (0000c400)     __unlock
0000c43e     310 (0000c400)     _errno

0000d5f0     357 (0000d5c0)     _PieVectTableInit

0033fff8    cfff (0033ffc0)     _CsmPwl

00380090    e002 (00380080)     _PartIdRegs


GLOBAL SYMBOLS: SORTED ALPHABETICALLY BY Name 

page  address   name                            
----  -------   ----                            
0     00009000  .text                           
0     0000a624  C$$EXIT                         
0     0000a546  FS$$DIV                         
0     0000a699  I$$DIV                          
0     0000a6aa  I$$MOD                          
0     00009e40  _ADCINT_ISR                     
0     00380080  _ADC_cal                        
1     00000b00  _AdcMirror                      
1     00007100  _AdcRegs                        
0     000099d4  _Attempt_RF_Connect             
0     000099cd  _BT_Connect                     
1     0000c00a  _Button1                        
1     0000c003  _Button2                        
1     0000c004  _Button3                        
1     0000c001  _Button4                        
1     0000c002  _ButtonDown                     
1     0000c000  _ButtonUp                       
0     00009d4d  _Clear_Buttons                  
1     00000c00  _CpuTimer0Regs                  
1     00000c08  _CpuTimer1Regs                  
1     00000c10  _CpuTimer2Regs                  
1     0033fff8  _CsmPwl                         
1     00000ae0  _CsmRegs                        
0     0000a449  _CsmUnlock                      
0     00009d6e  _DATALOG_ISR                    
0     00009f62  _DINTCH1_ISR                    
0     00009f6c  _DINTCH2_ISR                    
0     00009f76  _DINTCH3_ISR                    
0     00009f80  _DINTCH4_ISR                    
0     00009f8a  _DINTCH5_ISR                    
0     00009f94  _DINTCH6_ISR                    
0     000083bd  _DSP28x_usDelay                 
1     00000880  _DevEmuRegs                     
0     0000a395  _DisableDog                     
1     00001000  _DmaRegs                        
0     00009fee  _ECAN0INTA_ISR                  
0     0000a002  _ECAN0INTB_ISR                  
0     00009ff8  _ECAN1INTA_ISR                  
0     0000a00c  _ECAN1INTB_ISR                  
0     00009ed6  _ECAP1_INT_ISR                  
0     00009ee0  _ECAP2_INT_ISR                  
0     00009eea  _ECAP3_INT_ISR                  
0     00009ef4  _ECAP4_INT_ISR                  
0     00009efe  _ECAP5_INT_ISR                  
0     00009f08  _ECAP6_INT_ISR                  
1     00006040  _ECanaLAMRegs                   
1     000060c0  _ECanaMOTORegs                  
1     00006080  _ECanaMOTSRegs                  
1     00006100  _ECanaMboxes                    
1     00006000  _ECanaRegs                      
1     00006240  _ECanbLAMRegs                   
1     000062c0  _ECanbMOTORegs                  
1     00006280  _ECanbMOTSRegs                  
1     00006300  _ECanbMboxes                    
1     00006200  _ECanbRegs                      
1     00006a00  _ECap1Regs                      
1     00006a20  _ECap2Regs                      
1     00006a40  _ECap3Regs                      
1     00006a60  _ECap4Regs                      
1     00006a80  _ECap5Regs                      
1     00006aa0  _ECap6Regs                      
0     00009d82  _EMUINT_ISR                     
0     00009e9a  _EPWM1_INT_ISR                  
0     00009e5e  _EPWM1_TZINT_ISR                
0     00009ea4  _EPWM2_INT_ISR                  
0     00009e68  _EPWM2_TZINT_ISR                
0     00009eae  _EPWM3_INT_ISR                  
0     00009e72  _EPWM3_TZINT_ISR                
0     00009eb8  _EPWM4_INT_ISR                  
0     00009e7c  _EPWM4_TZINT_ISR                
0     00009ec2  _EPWM5_INT_ISR                  
0     00009e86  _EPWM5_TZINT_ISR                
0     00009ecc  _EPWM6_INT_ISR                  
0     00009e90  _EPWM6_TZINT_ISR                
1     00006800  _EPwm1Regs                      
1     00006840  _EPwm2Regs                      
1     00006880  _EPwm3Regs                      
1     000068c0  _EPwm4Regs                      
1     00006900  _EPwm5Regs                      
1     00006940  _EPwm6Regs                      
0     00009f12  _EQEP1_INT_ISR                  
0     00009f1c  _EQEP2_INT_ISR                  
1     00006b00  _EQep1Regs                      
1     00006b40  _EQep2Regs                      
0     0000a66c  _EnableInterrupts               
1     0000c100  _FX_names                       
1     00000a80  _FlashRegs                      
0     0000a6bb  _GetASCIICode                   
1     0000c080  _Global_Board_State             
1     0000c0c0  _Global_FXLib                   
1     00006f80  _GpioCtrlRegs                   
1     00006fc0  _GpioDataRegs                   
1     00006fe0  _GpioIntRegs                    
0     00009f9e  _I2CINT1A_ISR                   
0     00009fa8  _I2CINT2A_ISR                   
1     00007900  _I2caRegs                       
0     00009d96  _ILLEGAL_ISR                    
0     00009d5a  _INT13_ISR                      
0     00009d64  _INT14_ISR                      
0     0000a3ee  _InitPeripheralClocks           
0     0000a64d  _InitPieCtrl                    
0     0000a6db  _InitPieVectTable               
0     0000a39d  _InitPll                        
0     0000a382  _InitSysCtrl                    
0     00009a07  _Initialize_Board               
0     0000a23a  _LCD_Clear                      
0     0000a1a6  _LCD_DrawRectangle              
0     0000a292  _LCD_Init                       
0     0000a286  _LCD_ReadPixelColor             
0     0000a270  _LCD_SetPoint                   
0     0000a1fa  _LCD_Text                       
0     0000a052  _LUF_ISR                        
0     0000a048  _LVF_ISR                        
0     00009f4e  _MRINTA_ISR                     
0     00009f3a  _MRINTB_ISR                     
0     00009f58  _MXINTA_ISR                     
0     00009f44  _MXINTB_ISR                     
0     000099f0  _Main_Mode                      
1     00005000  _McbspaRegs                     
1     00005040  _McbspbRegs                     
0     00009d8c  _NMI_ISR                        
0     0000a05c  _PIE_RESERVED                   
1     00380090  _PartIdRegs                     
1     00000ce0  _PieCtrlRegs                    
1     00000d00  _PieVectTable                   
1     0000d5f0  _PieVectTableInit               
1     0000c040  _Prev_Board_State               
0     00009d78  _RTOSINT_ISR                    
0     00009fc6  _SCIRXINTA_ISR                  
0     00009fda  _SCIRXINTB_ISR                  
0     00009fb2  _SCIRXINTC_ISR                  
0     00009fd0  _SCITXINTA_ISR                  
0     00009fe4  _SCITXINTB_ISR                  
0     00009fbc  _SCITXINTC_ISR                  
0     00009e18  _SEQ1INT_ISR                    
0     00009e22  _SEQ2INT_ISR                    
0     00009f26  _SPIRXINTA_ISR                  
0     00009f30  _SPITXINTA_ISR                  
1     00007050  _SciaRegs                       
1     00007750  _ScibRegs                       
1     00007770  _ScicRegs                       
0     0000a38b  _ServiceDog                     
1     00007040  _SpiaRegs                       
0     00009a25  _State_Change                   
0     0000995b  _State_Initialize               
1     0000c005  _Switch1                        
1     0000c009  _Switch2                        
1     0000c00c  _Switch3                        
1     0000c00b  _Switch4                        
1     00007010  _SysCtrlRegs                    
0     00009e4a  _TINT0_ISR                      
0     000099fc  _Tuner                          
0     00009423  _UI_LCD_Activate_FX_mode        
0     0000929f  _UI_LCD_Deactivate_FX_mode      
0     00009837  _UI_LCD_Effect_Change_Param     
0     000095a5  _UI_LCD_Effect_Setting_mode     
0     000097cf  _UI_LCD_Effect_Shift_Setting    
0     00009723  _UI_LCD_Flex_Mode_Change        
0     00009031  _UI_LCD_Logo_mode               
0     00009114  _UI_LCD_Main_mode               
0     00009096  _UI_LCD_RF_Connect_mode         
0     000090b3  _UI_LCD_RF_Try_Again_mode       
0     0000988f  _UI_LCD_Tune                    
0     00009862  _UI_LCD_Tuner_mode              
0     00009dfa  _USER10_ISR                     
0     00009e04  _USER11_ISR                     
0     00009e0e  _USER12_ISR                     
0     00009da0  _USER1_ISR                      
0     00009daa  _USER2_ISR                      
0     00009db4  _USER3_ISR                      
0     00009dbe  _USER4_ISR                      
0     00009dc8  _USER5_ISR                      
0     00009dd2  _USER6_ISR                      
0     00009ddc  _USER7_ISR                      
0     00009de6  _USER8_ISR                      
0     00009df0  _USER9_ISR                      
0     00009e54  _WAKEINT_ISR                    
0     00009e2c  _XINT1_ISR                      
0     00009e36  _XINT2_ISR                      
0     0000a016  _XINT3_ISR                      
0     0000a020  _XINT4_ISR                      
0     0000a02a  _XINT5_ISR                      
0     0000a034  _XINT6_ISR                      
0     0000a03e  _XINT7_ISR                      
1     00007070  _XIntruptRegs                   
1     00000b20  _XintfRegs                      
1     00000780  __STACK_END                     
abs   00000380  __STACK_SIZE                    
1     0000c436  ___TI_cleanup_ptr               
1     0000c438  ___TI_dtors_ptr                 
1     0000c434  ___TI_enable_exit_profile_output
abs   ffffffff  ___TI_pprof_out_hndl            
abs   ffffffff  ___TI_prof_data_size            
abs   ffffffff  ___TI_prof_data_start           
abs   ffffffff  ___binit__                      
abs   ffffffff  ___c_args__                     
0     00008000  ___cinit__                      
0     0000a746  ___etext__                      
abs   ffffffff  ___pinit__                      
0     00009000  ___text__                       
0     0000a719  __args_main                     
1     0000c43a  __lock                          
0     0000a73a  __nop                           
0     0000a736  __register_lock                 
0     0000a732  __register_unlock               
1     00000400  __stack                         
0     0000a745  __system_post_cinit             
0     0000a743  __system_pre_init               
1     0000c43c  __unlock                        
0     0000a624  _abort                          
0     0000a5ce  _c_int00                        
0     0000901a  _cents                          
0     0000a675  _copy_in                        
1     0000c43e  _errno                          
0     0000a626  _exit                           
0     0000a47a  _log2                           
0     0000a47a  _log2f                          
0     00009000  _main                           
0     0000a6fb  _memcpy                         
1     0000c140  _note_names                     
1     0000c02b  _param1_names                   
1     0000c017  _param2_names                   
0     0000a066  _rsvd_ISR                       
1     0000c00d  _value1_init                    
1     0000c012  _value2_init                    
abs   ffffffff  binit                           
0     00008000  cinit                           
0     00000000  code_start                      
0     0000a746  etext                           
abs   ffffffff  pinit                           


GLOBAL SYMBOLS: SORTED BY Symbol Address 

page  address   name                            
----  -------   ----                            
0     00000000  code_start                      
0     00008000  ___cinit__                      
0     00008000  cinit                           
0     000083bd  _DSP28x_usDelay                 
0     00009000  .text                           
0     00009000  ___text__                       
0     00009000  _main                           
0     0000901a  _cents                          
0     00009031  _UI_LCD_Logo_mode               
0     00009096  _UI_LCD_RF_Connect_mode         
0     000090b3  _UI_LCD_RF_Try_Again_mode       
0     00009114  _UI_LCD_Main_mode               
0     0000929f  _UI_LCD_Deactivate_FX_mode      
0     00009423  _UI_LCD_Activate_FX_mode        
0     000095a5  _UI_LCD_Effect_Setting_mode     
0     00009723  _UI_LCD_Flex_Mode_Change        
0     000097cf  _UI_LCD_Effect_Shift_Setting    
0     00009837  _UI_LCD_Effect_Change_Param     
0     00009862  _UI_LCD_Tuner_mode              
0     0000988f  _UI_LCD_Tune                    
0     0000995b  _State_Initialize               
0     000099cd  _BT_Connect                     
0     000099d4  _Attempt_RF_Connect             
0     000099f0  _Main_Mode                      
0     000099fc  _Tuner                          
0     00009a07  _Initialize_Board               
0     00009a25  _State_Change                   
0     00009d4d  _Clear_Buttons                  
0     00009d5a  _INT13_ISR                      
0     00009d64  _INT14_ISR                      
0     00009d6e  _DATALOG_ISR                    
0     00009d78  _RTOSINT_ISR                    
0     00009d82  _EMUINT_ISR                     
0     00009d8c  _NMI_ISR                        
0     00009d96  _ILLEGAL_ISR                    
0     00009da0  _USER1_ISR                      
0     00009daa  _USER2_ISR                      
0     00009db4  _USER3_ISR                      
0     00009dbe  _USER4_ISR                      
0     00009dc8  _USER5_ISR                      
0     00009dd2  _USER6_ISR                      
0     00009ddc  _USER7_ISR                      
0     00009de6  _USER8_ISR                      
0     00009df0  _USER9_ISR                      
0     00009dfa  _USER10_ISR                     
0     00009e04  _USER11_ISR                     
0     00009e0e  _USER12_ISR                     
0     00009e18  _SEQ1INT_ISR                    
0     00009e22  _SEQ2INT_ISR                    
0     00009e2c  _XINT1_ISR                      
0     00009e36  _XINT2_ISR                      
0     00009e40  _ADCINT_ISR                     
0     00009e4a  _TINT0_ISR                      
0     00009e54  _WAKEINT_ISR                    
0     00009e5e  _EPWM1_TZINT_ISR                
0     00009e68  _EPWM2_TZINT_ISR                
0     00009e72  _EPWM3_TZINT_ISR                
0     00009e7c  _EPWM4_TZINT_ISR                
0     00009e86  _EPWM5_TZINT_ISR                
0     00009e90  _EPWM6_TZINT_ISR                
0     00009e9a  _EPWM1_INT_ISR                  
0     00009ea4  _EPWM2_INT_ISR                  
0     00009eae  _EPWM3_INT_ISR                  
0     00009eb8  _EPWM4_INT_ISR                  
0     00009ec2  _EPWM5_INT_ISR                  
0     00009ecc  _EPWM6_INT_ISR                  
0     00009ed6  _ECAP1_INT_ISR                  
0     00009ee0  _ECAP2_INT_ISR                  
0     00009eea  _ECAP3_INT_ISR                  
0     00009ef4  _ECAP4_INT_ISR                  
0     00009efe  _ECAP5_INT_ISR                  
0     00009f08  _ECAP6_INT_ISR                  
0     00009f12  _EQEP1_INT_ISR                  
0     00009f1c  _EQEP2_INT_ISR                  
0     00009f26  _SPIRXINTA_ISR                  
0     00009f30  _SPITXINTA_ISR                  
0     00009f3a  _MRINTB_ISR                     
0     00009f44  _MXINTB_ISR                     
0     00009f4e  _MRINTA_ISR                     
0     00009f58  _MXINTA_ISR                     
0     00009f62  _DINTCH1_ISR                    
0     00009f6c  _DINTCH2_ISR                    
0     00009f76  _DINTCH3_ISR                    
0     00009f80  _DINTCH4_ISR                    
0     00009f8a  _DINTCH5_ISR                    
0     00009f94  _DINTCH6_ISR                    
0     00009f9e  _I2CINT1A_ISR                   
0     00009fa8  _I2CINT2A_ISR                   
0     00009fb2  _SCIRXINTC_ISR                  
0     00009fbc  _SCITXINTC_ISR                  
0     00009fc6  _SCIRXINTA_ISR                  
0     00009fd0  _SCITXINTA_ISR                  
0     00009fda  _SCIRXINTB_ISR                  
0     00009fe4  _SCITXINTB_ISR                  
0     00009fee  _ECAN0INTA_ISR                  
0     00009ff8  _ECAN1INTA_ISR                  
0     0000a002  _ECAN0INTB_ISR                  
0     0000a00c  _ECAN1INTB_ISR                  
0     0000a016  _XINT3_ISR                      
0     0000a020  _XINT4_ISR                      
0     0000a02a  _XINT5_ISR                      
0     0000a034  _XINT6_ISR                      
0     0000a03e  _XINT7_ISR                      
0     0000a048  _LVF_ISR                        
0     0000a052  _LUF_ISR                        
0     0000a05c  _PIE_RESERVED                   
0     0000a066  _rsvd_ISR                       
0     0000a1a6  _LCD_DrawRectangle              
0     0000a1fa  _LCD_Text                       
0     0000a23a  _LCD_Clear                      
0     0000a270  _LCD_SetPoint                   
0     0000a286  _LCD_ReadPixelColor             
0     0000a292  _LCD_Init                       
0     0000a382  _InitSysCtrl                    
0     0000a38b  _ServiceDog                     
0     0000a395  _DisableDog                     
0     0000a39d  _InitPll                        
0     0000a3ee  _InitPeripheralClocks           
0     0000a449  _CsmUnlock                      
0     0000a47a  _log2                           
0     0000a47a  _log2f                          
0     0000a546  FS$$DIV                         
0     0000a5ce  _c_int00                        
0     0000a624  C$$EXIT                         
0     0000a624  _abort                          
0     0000a626  _exit                           
0     0000a64d  _InitPieCtrl                    
0     0000a66c  _EnableInterrupts               
0     0000a675  _copy_in                        
0     0000a699  I$$DIV                          
0     0000a6aa  I$$MOD                          
0     0000a6bb  _GetASCIICode                   
0     0000a6db  _InitPieVectTable               
0     0000a6fb  _memcpy                         
0     0000a719  __args_main                     
0     0000a732  __register_unlock               
0     0000a736  __register_lock                 
0     0000a73a  __nop                           
0     0000a743  __system_pre_init               
0     0000a745  __system_post_cinit             
0     0000a746  ___etext__                      
0     0000a746  etext                           
0     00380080  _ADC_cal                        
1     00000400  __stack                         
1     00000780  __STACK_END                     
1     00000880  _DevEmuRegs                     
1     00000a80  _FlashRegs                      
1     00000ae0  _CsmRegs                        
1     00000b00  _AdcMirror                      
1     00000b20  _XintfRegs                      
1     00000c00  _CpuTimer0Regs                  
1     00000c08  _CpuTimer1Regs                  
1     00000c10  _CpuTimer2Regs                  
1     00000ce0  _PieCtrlRegs                    
1     00000d00  _PieVectTable                   
1     00001000  _DmaRegs                        
1     00005000  _McbspaRegs                     
1     00005040  _McbspbRegs                     
1     00006000  _ECanaRegs                      
1     00006040  _ECanaLAMRegs                   
1     00006080  _ECanaMOTSRegs                  
1     000060c0  _ECanaMOTORegs                  
1     00006100  _ECanaMboxes                    
1     00006200  _ECanbRegs                      
1     00006240  _ECanbLAMRegs                   
1     00006280  _ECanbMOTSRegs                  
1     000062c0  _ECanbMOTORegs                  
1     00006300  _ECanbMboxes                    
1     00006800  _EPwm1Regs                      
1     00006840  _EPwm2Regs                      
1     00006880  _EPwm3Regs                      
1     000068c0  _EPwm4Regs                      
1     00006900  _EPwm5Regs                      
1     00006940  _EPwm6Regs                      
1     00006a00  _ECap1Regs                      
1     00006a20  _ECap2Regs                      
1     00006a40  _ECap3Regs                      
1     00006a60  _ECap4Regs                      
1     00006a80  _ECap5Regs                      
1     00006aa0  _ECap6Regs                      
1     00006b00  _EQep1Regs                      
1     00006b40  _EQep2Regs                      
1     00006f80  _GpioCtrlRegs                   
1     00006fc0  _GpioDataRegs                   
1     00006fe0  _GpioIntRegs                    
1     00007010  _SysCtrlRegs                    
1     00007040  _SpiaRegs                       
1     00007050  _SciaRegs                       
1     00007070  _XIntruptRegs                   
1     00007100  _AdcRegs                        
1     00007750  _ScibRegs                       
1     00007770  _ScicRegs                       
1     00007900  _I2caRegs                       
1     0000c000  _ButtonUp                       
1     0000c001  _Button4                        
1     0000c002  _ButtonDown                     
1     0000c003  _Button2                        
1     0000c004  _Button3                        
1     0000c005  _Switch1                        
1     0000c009  _Switch2                        
1     0000c00a  _Button1                        
1     0000c00b  _Switch4                        
1     0000c00c  _Switch3                        
1     0000c00d  _value1_init                    
1     0000c012  _value2_init                    
1     0000c017  _param2_names                   
1     0000c02b  _param1_names                   
1     0000c040  _Prev_Board_State               
1     0000c080  _Global_Board_State             
1     0000c0c0  _Global_FXLib                   
1     0000c100  _FX_names                       
1     0000c140  _note_names                     
1     0000c434  ___TI_enable_exit_profile_output
1     0000c436  ___TI_cleanup_ptr               
1     0000c438  ___TI_dtors_ptr                 
1     0000c43a  __lock                          
1     0000c43c  __unlock                        
1     0000c43e  _errno                          
1     0000d5f0  _PieVectTableInit               
1     0033fff8  _CsmPwl                         
1     00380090  _PartIdRegs                     
abs   00000380  __STACK_SIZE                    
abs   ffffffff  ___TI_pprof_out_hndl            
abs   ffffffff  ___TI_prof_data_size            
abs   ffffffff  ___TI_prof_data_start           
abs   ffffffff  ___binit__                      
abs   ffffffff  ___c_args__                     
abs   ffffffff  ___pinit__                      
abs   ffffffff  binit                           
abs   ffffffff  pinit                           

[230 symbols]
